Archive member included to satisfy reference by file (symbol)

C:/Users/claud/.pico-sdk/toolchain/14_2_Rel1/bin/../lib/gcc/arm-none-eabi/14.2.1/thumb/v8-m.main+fp/softfp\libm.a(libm_a-wf_sqrt.o)
                              CMakeFiles/Framethrower_Denise.dir/C_/Users/claud/.pico-sdk/sdk/2.1.1/src/rp2_common/pico_float/float_math.c.obj (sqrtf)
C:/Users/claud/.pico-sdk/toolchain/14_2_Rel1/bin/../lib/gcc/arm-none-eabi/14.2.1/thumb/v8-m.main+fp/softfp\libm.a(libm_a-ef_sqrt.o)
                              C:/Users/claud/.pico-sdk/toolchain/14_2_Rel1/bin/../lib/gcc/arm-none-eabi/14.2.1/thumb/v8-m.main+fp/softfp\libm.a(libm_a-wf_sqrt.o) (__ieee754_sqrtf)
C:/Users/claud/.pico-sdk/toolchain/14_2_Rel1/bin/../lib/gcc/arm-none-eabi/14.2.1/thumb/v8-m.main+fp/softfp\libgcc.a(_arm_addsubdf3.o)
                              CMakeFiles/Framethrower_Denise.dir/C_/Users/claud/.pico-sdk/sdk/2.1.1/src/rp2_common/pico_float/float_math.c.obj (__aeabi_f2d)
C:/Users/claud/.pico-sdk/toolchain/14_2_Rel1/bin/../lib/gcc/arm-none-eabi/14.2.1/thumb/v8-m.main+fp/softfp\libgcc.a(_aeabi_ldivmod.o)
                              CMakeFiles/Framethrower_Denise.dir/C_/Users/claud/.pico-sdk/sdk/2.1.1/src/common/pico_time/time.c.obj (__aeabi_ldivmod)
C:/Users/claud/.pico-sdk/toolchain/14_2_Rel1/bin/../lib/gcc/arm-none-eabi/14.2.1/thumb/v8-m.main+fp/softfp\libgcc.a(_aeabi_uldivmod.o)
                              CMakeFiles/Framethrower_Denise.dir/C_/Users/claud/.pico-sdk/sdk/2.1.1/src/rp2_common/hardware_clocks/clocks.c.obj (__aeabi_uldivmod)
C:/Users/claud/.pico-sdk/toolchain/14_2_Rel1/bin/../lib/gcc/arm-none-eabi/14.2.1/thumb/v8-m.main+fp/softfp\libgcc.a(_udivmoddi4.o)
                              C:/Users/claud/.pico-sdk/toolchain/14_2_Rel1/bin/../lib/gcc/arm-none-eabi/14.2.1/thumb/v8-m.main+fp/softfp\libgcc.a(_aeabi_ldivmod.o) (__udivmoddi4)
C:/Users/claud/.pico-sdk/toolchain/14_2_Rel1/bin/../lib/gcc/arm-none-eabi/14.2.1/thumb/v8-m.main+fp/softfp\libgcc.a(_dvmd_tls.o)
                              C:/Users/claud/.pico-sdk/toolchain/14_2_Rel1/bin/../lib/gcc/arm-none-eabi/14.2.1/thumb/v8-m.main+fp/softfp\libgcc.a(_aeabi_ldivmod.o) (__aeabi_ldiv0)
C:/Users/claud/.pico-sdk/toolchain/14_2_Rel1/bin/../lib/gcc/arm-none-eabi/14.2.1/thumb/v8-m.main+fp/softfp\libg.a(libc_a-calloc.o)
                              CMakeFiles/Framethrower_Denise.dir/C_/Users/claud/.pico-sdk/sdk/2.1.1/src/rp2_common/pico_malloc/malloc.c.obj (calloc)
C:/Users/claud/.pico-sdk/toolchain/14_2_Rel1/bin/../lib/gcc/arm-none-eabi/14.2.1/thumb/v8-m.main+fp/softfp\libg.a(libc_a-callocr.o)
                              C:/Users/claud/.pico-sdk/toolchain/14_2_Rel1/bin/../lib/gcc/arm-none-eabi/14.2.1/thumb/v8-m.main+fp/softfp\libg.a(libc_a-calloc.o) (_calloc_r)
C:/Users/claud/.pico-sdk/toolchain/14_2_Rel1/bin/../lib/gcc/arm-none-eabi/14.2.1/thumb/v8-m.main+fp/softfp\libg.a(libc_a-malloc.o)
                              CMakeFiles/Framethrower_Denise.dir/C_/Users/claud/.pico-sdk/sdk/2.1.1/src/rp2_common/pico_malloc/malloc.c.obj (malloc)
C:/Users/claud/.pico-sdk/toolchain/14_2_Rel1/bin/../lib/gcc/arm-none-eabi/14.2.1/thumb/v8-m.main+fp/softfp\libg.a(libc_a-mallocr.o)
                              C:/Users/claud/.pico-sdk/toolchain/14_2_Rel1/bin/../lib/gcc/arm-none-eabi/14.2.1/thumb/v8-m.main+fp/softfp\libg.a(libc_a-callocr.o) (_malloc_r)
C:/Users/claud/.pico-sdk/toolchain/14_2_Rel1/bin/../lib/gcc/arm-none-eabi/14.2.1/thumb/v8-m.main+fp/softfp\libg.a(libc_a-mlock.o)
                              C:/Users/claud/.pico-sdk/toolchain/14_2_Rel1/bin/../lib/gcc/arm-none-eabi/14.2.1/thumb/v8-m.main+fp/softfp\libg.a(libc_a-mallocr.o) (__malloc_lock)
C:/Users/claud/.pico-sdk/toolchain/14_2_Rel1/bin/../lib/gcc/arm-none-eabi/14.2.1/thumb/v8-m.main+fp/softfp\libg.a(libc_a-realloc.o)
                              CMakeFiles/Framethrower_Denise.dir/C_/Users/claud/.pico-sdk/sdk/2.1.1/src/rp2_common/pico_malloc/malloc.c.obj (realloc)
C:/Users/claud/.pico-sdk/toolchain/14_2_Rel1/bin/../lib/gcc/arm-none-eabi/14.2.1/thumb/v8-m.main+fp/softfp\libg.a(libc_a-reallocr.o)
                              C:/Users/claud/.pico-sdk/toolchain/14_2_Rel1/bin/../lib/gcc/arm-none-eabi/14.2.1/thumb/v8-m.main+fp/softfp\libg.a(libc_a-realloc.o) (_realloc_r)
C:/Users/claud/.pico-sdk/toolchain/14_2_Rel1/bin/../lib/gcc/arm-none-eabi/14.2.1/thumb/v8-m.main+fp/softfp\libg.a(libc_a-memcmp.o)
                              CMakeFiles/Framethrower_Denise.dir/C_/Users/claud/.pico-sdk/sdk/2.1.1/src/rp2_common/pico_atomic/atomic.c.obj (memcmp)
C:/Users/claud/.pico-sdk/toolchain/14_2_Rel1/bin/../lib/gcc/arm-none-eabi/14.2.1/thumb/v8-m.main+fp/softfp\libg.a(libc_a-memmove.o)
                              C:/Users/claud/.pico-sdk/toolchain/14_2_Rel1/bin/../lib/gcc/arm-none-eabi/14.2.1/thumb/v8-m.main+fp/softfp\libg.a(libc_a-reallocr.o) (memmove)
C:/Users/claud/.pico-sdk/toolchain/14_2_Rel1/bin/../lib/gcc/arm-none-eabi/14.2.1/thumb/v8-m.main+fp/softfp\libg.a(libc_a-memset.o)
[...]
Memory Configuration

Name             Origin             Length             Attributes
FLASH            0x10000000         0x00400000         xr
RAM              0x20000000         0x00080000         xrw
SCRATCH_X        0x20080000         0x00001000         xrw
SCRATCH_Y        0x20081000         0x00001000         xrw
*default*        0x00000000         0xffffffff

Linker script and memory map

LOAD C:/Users/claud/.pico-sdk/toolchain/14_2_Rel1/bin/../lib/gcc/arm-none-eabi/14.2.1/thumb/v8-m.main+fp/softfp/crti.o
LOAD C:/Users/claud/.pico-sdk/toolchain/14_2_Rel1/bin/../lib/gcc/arm-none-eabi/14.2.1/thumb/v8-m.main+fp/softfp/crtbegin.o
LOAD C:/Users/claud/.pico-sdk/toolchain/14_2_Rel1/bin/../lib/gcc/arm-none-eabi/14.2.1/thumb/v8-m.main+fp/softfp/crt0.o

.flash_begin    0x10000000        0x0
                0x10000000                        __flash_binary_start = .

.text           0x10000000     0x25f4
                0x10000000                        __logical_binary_start = .
 *(.vectors)
 .vectors       0x10000000      0x124 CMakeFiles/Framethrower_Denise.dir/C_/Users/claud/.pico-sdk/sdk/2.1.1/src/rp2_common/pico_crt0/crt0.S.obj
                0x10000000                __VECTOR_TABLE
                0x10000000                __vectors
                0x10000110                __default_isrs_start
                0x10000110                isr_invalid
                0x10000112                isr_nmi
                0x10000114                isr_hardfault
                0x10000116                isr_svcall
                0x10000118                isr_pendsv
                0x1000011a                isr_systick
                0x1000011c                isr_irq31
                0x1000011c                isr_irq5
                0x1000011c                isr_irq11
                0x1000011c                isr_irq32
                0x1000011c                isr_irq23
                0x1000011c                isr_irq48
                0x1000011c                isr_irq35
                0x1000011c                isr_irq18
                0x1000011c                isr_irq50
                0x1000011c                isr_irq27
                0x1000011c                isr_irq40
                0x1000011c                isr_irq28
                0x1000011c                isr_irq19
                0x1000011c                isr_irq36
                0x1000011c                isr_irq41
                0x1000011c                isr_irq0
                0x1000011c                isr_irq6
                0x1000011c                isr_irq45
                0x1000011c                isr_irq12
                0x1000011c                isr_irq37
                0x1000011c                isr_irq42
                0x1000011c                isr_irq22
                0x1000011c                isr_irq43
                0x1000011c                isr_irq17
                0x1000011c                isr_irq38
                0x1000011c                isr_irq14
                0x1000011c                isr_irq13
                0x1000011c                isr_irq2
                0x1000011c                isr_irq10
                0x1000011c                isr_irq8
                0x1000011c                isr_irq24
                0x1000011c                isr_irq46
                0x1000011c                isr_irq1
                0x1000011c                isr_irq47
                0x1000011c                isr_irq51
                0x1000011c                isr_irq7
                0x1000011c                isr_irq21
                0x1000011c                isr_irq39
                0x1000011c                isr_irq20
                0x1000011c                isr_irq15
                0x1000011c                isr_irq25
                0x1000011c                isr_irq34
                0x1000011c                isr_irq49
                0x1000011c                __unhandled_user_irq
                0x1000011c                isr_irq4
                0x1000011c                isr_irq16
                0x1000011c                isr_irq44
                0x1000011c                isr_irq29
                0x1000011c                isr_irq26
                0x1000011c                __default_isrs_end
                0x1000011c                isr_irq33
                0x1000011c                isr_irq3
                0x1000011c                isr_irq30
                0x1000011c                isr_irq9
                0x10000122                unhandled_user_irq_num_in_r0
 *(.binary_info_header)
 .binary_info_header
                0x10000124       0x14 CMakeFiles/Framethrower_Denise.dir/C_/Users/claud/.pico-sdk/sdk/2.1.1/src/rp2_common/pico_crt0/crt0.S.obj
                0x10000138                        __binary_info_header_end = .
 *(.embedded_block)
 .embedded_block
                0x10000138       0x14 CMakeFiles/Framethrower_Denise.dir/C_/Users/claud/.pico-sdk/sdk/2.1.1/src/rp2_common/pico_crt0/crt0.S.obj
                0x1000014c                        __embedded_block_end = .
 *(.reset)
 .reset         0x1000014c       0xa0 CMakeFiles/Framethrower_Denise.dir/C_/Users/claud/.pico-sdk/sdk/2.1.1/src/rp2_common/pico_crt0/crt0.S.obj
                0x1000014c                _entry_point
 *(.init)
 .init          0x100001ec        0x4 C:/Users/claud/.pico-sdk/toolchain/14_2_Rel1/bin/../lib/gcc/arm-none-eabi/14.2.1/thumb/v8-m.main+fp/softfp/crti.o
                0x100001ec                _init
 SORT_BY_NAME(REVERSE(*libgcc.a:cmse_nonsecure_call.o))()
 *(EXCLUDE_FILE(*libm.a: *libc.a:*lib_a-mem*.o *libgcc.a:) .text*)
 .text.register_tm_clones
                0x100001f0       0x28 C:/Users/claud/.pico-sdk/toolchain/14_2_Rel1/bin/../lib/gcc/arm-none-eabi/14.2.1/thumb/v8-m.main+fp/softfp/crtbegin.o
 .text.frame_dummy
                0x10000218       0x24 C:/Users/claud/.pico-sdk/toolchain/14_2_Rel1/bin/../lib/gcc/arm-none-eabi/14.2.1/thumb/v8-m.main+fp/softfp/crtbegin.o
 .text.core1_entry
                0x1000023c      0x1c4 CMakeFiles/Framethrower_Denise.dir/Framethrower_Denise.c.obj
                0x1000023c                core1_entry
 .text.setup_vsync_detect_sm
                0x10000400       0xc4 CMakeFiles/Framethrower_Denise.dir/Framethrower_Denise.c.obj
                0x10000400                setup_vsync_detect_sm
 .text.setup_video_capture_sm
                0x100004c4       0xc0 CMakeFiles/Framethrower_Denise.dir/Framethrower_Denise.c.obj
                0x100004c4                setup_video_capture_sm
 .text.stop_hstx
                0x10000584      0x23c CMakeFiles/Framethrower_Denise.dir/mipi.c.obj
 .text.start_hstx
                0x100007c0      0x268 CMakeFiles/Framethrower_Denise.dir/mipi.c.obj
 .text.DMASetup
                0x10000a28       0x30 CMakeFiles/Framethrower_Denise.dir/mipi.c.obj
                0x10000a28                DMASetup
 .text.mipi_init
                0x10000a58      0x1d4 CMakeFiles/Framethrower_Denise.dir/mipi.c.obj
                0x10000a58                mipi_init
 .text.gpio_set_function
                0x10000c2c       0x3c CMakeFiles/Framethrower_Denise.dir/C_/Users/claud/.pico-sdk/sdk/2.1.1/src/rp2_common/hardware_gpio/gpio.c.obj
                0x10000c2c                gpio_set_function
 .text.gpio_set_pulls
                0x10000c68       0x28 CMakeFiles/Framethrower_Denise.dir/C_/Users/claud/.pico-sdk/sdk/2.1.1/src/rp2_common/hardware_gpio/gpio.c.obj
                0x10000c68                gpio_set_pulls
 .text.gpio_set_input_hysteresis_enabled
                0x10000c90       0x20 CMakeFiles/Framethrower_Denise.dir/C_/Users/claud/.pico-sdk/sdk/2.1.1/src/rp2_common/hardware_gpio/gpio.c.obj
                0x10000c90                gpio_set_input_hysteresis_enabled
 .text.gpio_set_slew_rate
                0x10000cb0       0x1c CMakeFiles/Framethrower_Denise.dir/C_/Users/claud/.pico-sdk/sdk/2.1.1/src/rp2_common/hardware_gpio/gpio.c.obj
                0x10000cb0                gpio_set_slew_rate
 .text.gpio_set_drive_strength
                0x10000ccc       0x20 CMakeFiles/Framethrower_Denise.dir/C_/Users/claud/.pico-sdk/sdk/2.1.1/src/rp2_common/hardware_gpio/gpio.c.obj
                0x10000ccc                gpio_set_drive_strength
 .text.gpio_init
                0x10000cec       0x48 CMakeFiles/Framethrower_Denise.dir/C_/Users/claud/.pico-sdk/sdk/2.1.1/src/rp2_common/hardware_gpio/gpio.c.obj
                0x10000cec                gpio_init
 .text.panic    0x10000d34       0x30 CMakeFiles/Framethrower_Denise.dir/C_/Users/claud/.pico-sdk/sdk/2.1.1/src/rp2_common/pico_platform_panic/panic.c.obj
                0x10000d34                panic
 .text.hw_claim_lock
                0x10000d64       0x24 CMakeFiles/Framethrower_Denise.dir/C_/Users/claud/.pico-sdk/sdk/2.1.1/src/common/hardware_claim/claim.c.obj
                0x10000d64                hw_claim_lock
 .text.hw_claim_unlock
                0x10000d88       0x14 CMakeFiles/Framethrower_Denise.dir/C_/Users/claud/.pico-sdk/sdk/2.1.1/src/common/hardware_claim/claim.c.obj
                0x10000d88                hw_claim_unlock
 .text.hw_claim_or_assert
                0x10000d9c       0x58 CMakeFiles/Framethrower_Denise.dir/C_/Users/claud/.pico-sdk/sdk/2.1.1/src/common/hardware_claim/claim.c.obj
                0x10000d9c                hw_claim_or_assert
 .text.hw_claim_unused_from_range
                0x10000df4       0x80 CMakeFiles/Framethrower_Denise.dir/C_/Users/claud/.pico-sdk/sdk/2.1.1/src/common/hardware_claim/claim.c.obj
                0x10000df4                hw_claim_unused_from_range
 .text.next_striped_spin_lock_num
                0x10000e74       0x18 CMakeFiles/Framethrower_Denise.dir/C_/Users/claud/.pico-sdk/sdk/2.1.1/src/rp2_common/hardware_sync/sync.c.obj
                0x10000e74                next_striped_spin_lock_num
 .text.spinlock_set_extexclall
                0x10000e8c       0x10 CMakeFiles/Framethrower_Denise.dir/C_/Users/claud/.pico-sdk/sdk/2.1.1/src/rp2_common/hardware_sync_spin_lock/sync_spin_lock.c.obj
 .text.spin_locks_reset
                0x10000e9c       0x18 CMakeFiles/Framethrower_Denise.dir/C_/Users/claud/.pico-sdk/sdk/2.1.1/src/rp2_common/hardware_sync_spin_lock/sync_spin_lock.c.obj
                0x10000e9c                spin_locks_reset
 .text.runtime_init_per_core_irq_priorities
                0x10000eb4       0x40 CMakeFiles/Framethrower_Denise.dir/C_/Users/claud/.pico-sdk/sdk/2.1.1/src/rp2_common/hardware_irq/irq.c.obj
                0x10000eb4                runtime_init_per_core_irq_priorities
 .text.irq_set_enabled
                0x10000ef4       0x2c CMakeFiles/Framethrower_Denise.dir/C_/Users/claud/.pico-sdk/sdk/2.1.1/src/rp2_common/hardware_irq/irq.c.obj
                0x10000ef4                irq_set_enabled
 .text.irq_is_enabled
                0x10000f20       0x20 CMakeFiles/Framethrower_Denise.dir/C_/Users/claud/.pico-sdk/sdk/2.1.1/src/rp2_common/hardware_irq/irq.c.obj
                0x10000f20                irq_is_enabled
 .text.irq_set_exclusive_handler
                0x10000f40       0x60 CMakeFiles/Framethrower_Denise.dir/C_/Users/claud/.pico-sdk/sdk/2.1.1/src/rp2_common/hardware_irq/irq.c.obj
                0x10000f40                irq_set_exclusive_handler
 .text.lock_init
                0x10000fa0        0xc CMakeFiles/Framethrower_Denise.dir/C_/Users/claud/.pico-sdk/sdk/2.1.1/src/common/pico_sync/lock_core.c.obj
                0x10000fa0                lock_init
 .text.runtime_init_mutex
                0x10000fac       0x4c CMakeFiles/Framethrower_Denise.dir/C_/Users/claud/.pico-sdk/sdk/2.1.1/src/common/pico_sync/mutex.c.obj
                0x10000fac                runtime_init_mutex
 .text.sleep_until_callback
                0x10000ff8       0x3c CMakeFiles/Framethrower_Denise.dir/C_/Users/claud/.pico-sdk/sdk/2.1.1/src/common/pico_time/time.c.obj
 *fill*         0x10001034        0x4 
 .text.alarm_pool_irq_handler
                0x10001038      0x2f0 CMakeFiles/Framethrower_Denise.dir/C_/Users/claud/.pico-sdk/sdk/2.1.1/src/common/pico_time/time.c.obj
 .text.runtime_init_default_alarm_pool
                0x10001328      0x100 CMakeFiles/Framethrower_Denise.dir/C_/Users/claud/.pico-sdk/sdk/2.1.1/src/common/pico_time/time.c.obj
                0x10001328                runtime_init_default_alarm_pool
 .text.alarm_pool_add_alarm_at_force_in_context
                0x10001428       0xc8 CMakeFiles/Framethrower_Denise.dir/C_/Users/claud/.pico-sdk/sdk/2.1.1/src/common/pico_time/time.c.obj
                0x10001428                alarm_pool_add_alarm_at_force_in_context
 .text.alarm_pool_cancel_alarm
                0x100014f0       0x80 CMakeFiles/Framethrower_Denise.dir/C_/Users/claud/.pico-sdk/sdk/2.1.1/src/common/pico_time/time.c.obj
                0x100014f0                alarm_pool_cancel_alarm
 .text.best_effort_wfe_or_timeout
                0x10001570       0xd4 CMakeFiles/Framethrower_Denise.dir/C_/Users/claud/.pico-sdk/sdk/2.1.1/src/common/pico_time/time.c.obj
                0x10001570                best_effort_wfe_or_timeout
 .text.timer_hardware_alarm_claim
                0x10001644       0x24 CMakeFiles/Framethrower_Denise.dir/C_/Users/claud/.pico-sdk/sdk/2.1.1/src/rp2_common/hardware_timer/timer.c.obj
                0x10001644                timer_hardware_alarm_claim
 .text.timer_time_us_64
                0x10001668       0x10 CMakeFiles/Framethrower_Denise.dir/C_/Users/claud/.pico-sdk/sdk/2.1.1/src/rp2_common/hardware_timer/timer.c.obj
                0x10001668                timer_time_us_64
 .text.time_us_64
                0x10001678       0x14 CMakeFiles/Framethrower_Denise.dir/C_/Users/claud/.pico-sdk/sdk/2.1.1/src/rp2_common/hardware_timer/timer.c.obj
                0x10001678                time_us_64
 .text.clock_configure_undivided
                0x1000168c       0xd0 CMakeFiles/Framethrower_Denise.dir/C_/Users/claud/.pico-sdk/sdk/2.1.1/src/rp2_common/hardware_clocks/clocks.c.obj
                0x1000168c                clock_configure_undivided
 .text.clock_get_hz
                0x1000175c        0xc CMakeFiles/Framethrower_Denise.dir/C_/Users/claud/.pico-sdk/sdk/2.1.1/src/rp2_common/hardware_clocks/clocks.c.obj
                0x1000175c                clock_get_hz
 .text.set_sys_clock_pll
                0x10001768      0x184 CMakeFiles/Framethrower_Denise.dir/C_/Users/claud/.pico-sdk/sdk/2.1.1/src/rp2_common/hardware_clocks/clocks.c.obj
                0x10001768                set_sys_clock_pll
 .text.check_sys_clock_khz
                0x100018ec      0x19c CMakeFiles/Framethrower_Denise.dir/C_/Users/claud/.pico-sdk/sdk/2.1.1/src/rp2_common/hardware_clocks/clocks.c.obj
                0x100018ec                check_sys_clock_khz
 .text.pll_init
                0x10001a88       0x8c CMakeFiles/Framethrower_Denise.dir/C_/Users/claud/.pico-sdk/sdk/2.1.1/src/rp2_common/hardware_pll/pll.c.obj
                0x10001a88                pll_init
 .text.tick_start
                0x10001b14       0x18 CMakeFiles/Framethrower_Denise.dir/C_/Users/claud/.pico-sdk/sdk/2.1.1/src/rp2_common/hardware_ticks/ticks.c.obj
                0x10001b14                tick_start
 .text.rom_func_lookup
                0x10001b2c       0x18 CMakeFiles/Framethrower_Denise.dir/C_/Users/claud/.pico-sdk/sdk/2.1.1/src/rp2_common/pico_bootrom/bootrom.c.obj
                0x10001b2c                rom_func_lookup
 .text.runtime_init_bootrom_locking_enable
                0x10001b44       0x14 CMakeFiles/Framethrower_Denise.dir/C_/Users/claud/.pico-sdk/sdk/2.1.1/src/rp2_common/pico_bootrom/bootrom_lock.c.obj
                0x10001b44                runtime_init_bootrom_locking_enable
 .text.runtime_init_boot_locks_reset
                0x10001b58       0x1c CMakeFiles/Framethrower_Denise.dir/C_/Users/claud/.pico-sdk/sdk/2.1.1/src/rp2_common/hardware_boot_lock/boot_lock.c.obj
                0x10001b58                runtime_init_boot_locks_reset
 .text.xosc_init
                0x10001b74       0x30 CMakeFiles/Framethrower_Denise.dir/C_/Users/claud/.pico-sdk/sdk/2.1.1/src/rp2_common/hardware_xosc/xosc.c.obj
                0x10001b74                xosc_init
 .text.first_per_core_initializer
                0x10001ba4        0x4 CMakeFiles/Framethrower_Denise.dir/C_/Users/claud/.pico-sdk/sdk/2.1.1/src/rp2_common/pico_runtime/runtime.c.obj
 .text.hard_assertion_failure
                0x10001ba8        0xc CMakeFiles/Framethrower_Denise.dir/C_/Users/claud/.pico-sdk/sdk/2.1.1/src/rp2_common/pico_runtime/runtime.c.obj
                0x10001ba8                hard_assertion_failure
 .text.runtime_run_initializers
                0x10001bb4       0x20 CMakeFiles/Framethrower_Denise.dir/C_/Users/claud/.pico-sdk/sdk/2.1.1/src/rp2_common/pico_runtime/runtime.c.obj
                0x10001bb4                runtime_run_initializers
 .text.runtime_run_per_core_initializers
                0x10001bd4       0x20 CMakeFiles/Framethrower_Denise.dir/C_/Users/claud/.pico-sdk/sdk/2.1.1/src/rp2_common/pico_runtime/runtime.c.obj
                0x10001bd4                runtime_run_per_core_initializers
 .text.runtime_init_early_resets
                0x10001bf4       0x34 CMakeFiles/Framethrower_Denise.dir/C_/Users/claud/.pico-sdk/sdk/2.1.1/src/rp2_common/pico_runtime_init/runtime_init.c.obj
                0x10001bf4                runtime_init_early_resets
 .text.runtime_init_usb_power_down
                0x10001c28       0x1c CMakeFiles/Framethrower_Denise.dir/C_/Users/claud/.pico-sdk/sdk/2.1.1/src/rp2_common/pico_runtime_init/runtime_init.c.obj
                0x10001c28                runtime_init_usb_power_down
 .text.runtime_init_per_core_enable_coprocessors
                0x10001c44       0x1c CMakeFiles/Framethrower_Denise.dir/C_/Users/claud/.pico-sdk/sdk/2.1.1/src/rp2_common/pico_runtime_init/runtime_init.c.obj
                0x10001c44                runtime_init_per_core_enable_coprocessors
 .text.runtime_init_post_clock_resets
                0x10001c60       0x20 CMakeFiles/Framethrower_Denise.dir/C_/Users/claud/.pico-sdk/sdk/2.1.1/src/rp2_common/pico_runtime_init/runtime_init.c.obj
                0x10001c60                runtime_init_post_clock_resets
 .text.runtime_init_bootrom_reset
                0x10001c80       0x14 CMakeFiles/Framethrower_Denise.dir/C_/Users/claud/.pico-sdk/sdk/2.1.1/src/rp2_common/pico_runtime_init/runtime_init.c.obj
                0x10001c80                runtime_init_bootrom_reset
 .text.runtime_init_per_core_bootrom_reset
                0x10001c94       0x14 CMakeFiles/Framethrower_Denise.dir/C_/Users/claud/.pico-sdk/sdk/2.1.1/src/rp2_common/pico_runtime_init/runtime_init.c.obj
                0x10001c94                runtime_init_per_core_bootrom_reset
 .text.runtime_init_spin_locks_reset
                0x10001ca8        0x4 CMakeFiles/Framethrower_Denise.dir/C_/Users/claud/.pico-sdk/sdk/2.1.1/src/rp2_common/pico_runtime_init/runtime_init.c.obj
                0x10001ca8                runtime_init_spin_locks_reset
 .text.runtime_init_install_ram_vector_table
                0x10001cac       0x20 CMakeFiles/Framethrower_Denise.dir/C_/Users/claud/.pico-sdk/sdk/2.1.1/src/rp2_common/pico_runtime_init/runtime_init.c.obj
                0x10001cac                runtime_init_install_ram_vector_table
 .text.runtime_init_clocks
                0x10001ccc       0xdc CMakeFiles/Framethrower_Denise.dir/C_/Users/claud/.pico-sdk/sdk/2.1.1/src/rp2_common/pico_runtime_init/runtime_init_clocks.c.obj
                0x10001ccc                runtime_init_clocks
 .text._out_char
                0x10001da8        0x8 CMakeFiles/Framethrower_Denise.dir/C_/Users/claud/.pico-sdk/sdk/2.1.1/src/rp2_common/pico_printf/printf.c.obj
 .text.weak_raw_vprintf
                0x10001db0       0x30 CMakeFiles/Framethrower_Denise.dir/C_/Users/claud/.pico-sdk/sdk/2.1.1/src/rp2_common/pico_printf/printf.c.obj
                0x10001db0                weak_raw_vprintf
 .text._exit    0x10001de0        0x4 CMakeFiles/Framethrower_Denise.dir/C_/Users/claud/.pico-sdk/sdk/2.1.1/src/rp2_common/pico_clib_interface/newlib_interface.c.obj
                0x10001de0                _exit
 .text.exit     0x10001de4        0x8 CMakeFiles/Framethrower_Denise.dir/C_/Users/claud/.pico-sdk/sdk/2.1.1/src/rp2_common/pico_clib_interface/newlib_interface.c.obj
                0x10001de4                exit
 .text.runtime_init
                0x10001dec       0x24 CMakeFiles/Framethrower_Denise.dir/C_/Users/claud/.pico-sdk/sdk/2.1.1/src/rp2_common/pico_clib_interface/newlib_interface.c.obj
                0x10001dec                runtime_init
 .text.stdio_out_chars_no_crlf
                0x10001e10        0x8 CMakeFiles/Framethrower_Denise.dir/C_/Users/claud/.pico-sdk/sdk/2.1.1/src/rp2_common/pico_stdio/stdio.c.obj
 .text.stdio_out_chars_crlf
                0x10001e18       0xb0 CMakeFiles/Framethrower_Denise.dir/C_/Users/claud/.pico-sdk/sdk/2.1.1/src/rp2_common/pico_stdio/stdio.c.obj
 .text.stdio_put_string
                0x10001ec8       0xec CMakeFiles/Framethrower_Denise.dir/C_/Users/claud/.pico-sdk/sdk/2.1.1/src/rp2_common/pico_stdio/stdio.c.obj
                0x10001ec8                stdio_put_string
 .text.__wrap_putchar
                0x10001fb4       0x84 CMakeFiles/Framethrower_Denise.dir/C_/Users/claud/.pico-sdk/sdk/2.1.1/src/rp2_common/pico_stdio/stdio.c.obj
                0x10001fb4                __wrap_putchar
                0x10001fb4                stdio_putchar
 .text.__wrap_puts
                0x10002038       0x3c CMakeFiles/Framethrower_Denise.dir/C_/Users/claud/.pico-sdk/sdk/2.1.1/src/rp2_common/pico_stdio/stdio.c.obj
                0x10002038                stdio_puts
                0x10002038                __wrap_puts
 .text.pio_claim_unused_sm
                0x10002074       0x38 CMakeFiles/Framethrower_Denise.dir/C_/Users/claud/.pico-sdk/sdk/2.1.1/src/rp2_common/hardware_pio/pio.c.obj
                0x10002074                pio_claim_unused_sm
 .text.pio_add_program
                0x100020ac       0xf4 CMakeFiles/Framethrower_Denise.dir/C_/Users/claud/.pico-sdk/sdk/2.1.1/src/rp2_common/hardware_pio/pio.c.obj
                0x100020ac                pio_add_program
 .text.pio_sm_set_consecutive_pindirs
                0x100021a0       0x8c CMakeFiles/Framethrower_Denise.dir/C_/Users/claud/.pico-sdk/sdk/2.1.1/src/rp2_common/hardware_pio/pio.c.obj
                0x100021a0                pio_sm_set_consecutive_pindirs
 .text.pio_sm_init
                0x1000222c       0xa8 CMakeFiles/Framethrower_Denise.dir/C_/Users/claud/.pico-sdk/sdk/2.1.1/src/rp2_common/hardware_pio/pio.c.obj
                0x1000222c                pio_sm_init
 .text.core1_trampoline
                0x100022d4        0x4 CMakeFiles/Framethrower_Denise.dir/C_/Users/claud/.pico-sdk/sdk/2.1.1/src/rp2_common/pico_multicore/multicore.c.obj
 .text.core1_wrapper
                0x100022d8       0x10 CMakeFiles/Framethrower_Denise.dir/C_/Users/claud/.pico-sdk/sdk/2.1.1/src/rp2_common/pico_multicore/multicore.c.obj
                0x100022d8                core1_wrapper
 .text.multicore_launch_core1_raw
                0x100022e8       0x84 CMakeFiles/Framethrower_Denise.dir/C_/Users/claud/.pico-sdk/sdk/2.1.1/src/rp2_common/pico_multicore/multicore.c.obj
                0x100022e8                multicore_launch_core1_raw
 .text.multicore_launch_core1
                0x1000236c       0x48 CMakeFiles/Framethrower_Denise.dir/C_/Users/claud/.pico-sdk/sdk/2.1.1/src/rp2_common/pico_multicore/multicore.c.obj
                0x1000236c                multicore_launch_core1
 .text.memset   0x100023b4       0x9c C:/Users/claud/.pico-sdk/toolchain/14_2_Rel1/bin/../lib/gcc/arm-none-eabi/14.2.1/thumb/v8-m.main+fp/softfp\libg.a(libc_a-memset.o)
                0x100023b4                memset
 .text          0x10002450       0xec C:/Users/claud/.pico-sdk/toolchain/14_2_Rel1/bin/../lib/gcc/arm-none-eabi/14.2.1/thumb/v8-m.main+fp/softfp\libg.a(libc_a-memcpy.o)
                0x10002450                memcpy
 .text.strlen   0x1000253c       0x5c C:/Users/claud/.pico-sdk/toolchain/14_2_Rel1/bin/../lib/gcc/arm-none-eabi/14.2.1/thumb/v8-m.main+fp/softfp\libg.a(libc_a-strlen-stub.o)
                0x1000253c                strlen
 *(.fini)
 .fini          0x10002598        0x4 C:/Users/claud/.pico-sdk/toolchain/14_2_Rel1/bin/../lib/gcc/arm-none-eabi/14.2.1/thumb/v8-m.main+fp/softfp/crti.o
                0x10002598                _fini
 *fill*         0x1000259c        0x4 
 .fini.__stub   0x100025a0       0x10 linker stubs
 *crtbegin.o(.ctors)
 *crtbegin?.o(.ctors)
 *(EXCLUDE_FILE(*crtend.o *crtend?.o) .ctors)
 *(SORT_BY_NAME(.ctors.*))
 *(.ctors)
 *crtbegin.o(.dtors)
 *crtbegin?.o(.dtors)
 *(EXCLUDE_FILE(*crtend.o *crtend?.o) .dtors)
 *(SORT_BY_NAME(.dtors.*))
 *(.dtors)
                0x100025b0                        . = ALIGN (0x4)
                0x100025b0                        PROVIDE (__preinit_array_start = .)
 *(SORT_BY_NAME(.preinit_array.*))
 .preinit_array.00050
                0x100025b0        0x4 CMakeFiles/Framethrower_Denise.dir/C_/Users/claud/.pico-sdk/sdk/2.1.1/src/rp2_common/pico_runtime_init/runtime_init.c.obj
                0x100025b0                __pre_init_runtime_init_bootrom_reset
 .preinit_array.00100
                0x100025b4        0x4 CMakeFiles/Framethrower_Denise.dir/C_/Users/claud/.pico-sdk/sdk/2.1.1/src/rp2_common/pico_runtime_init/runtime_init.c.obj
                0x100025b4                __pre_init_runtime_init_early_resets
 .preinit_array.00101
                0x100025b8        0x4 CMakeFiles/Framethrower_Denise.dir/C_/Users/claud/.pico-sdk/sdk/2.1.1/src/rp2_common/pico_runtime_init/runtime_init.c.obj
                0x100025b8                __pre_init_runtime_init_usb_power_down
 .preinit_array.00500
                0x100025bc        0x4 CMakeFiles/Framethrower_Denise.dir/C_/Users/claud/.pico-sdk/sdk/2.1.1/src/rp2_common/pico_runtime_init/runtime_init.c.obj
                0x100025bc                __pre_init_runtime_init_clocks
 .preinit_array.00600
                0x100025c0        0x4 CMakeFiles/Framethrower_Denise.dir/C_/Users/claud/.pico-sdk/sdk/2.1.1/src/rp2_common/pico_runtime_init/runtime_init.c.obj
                0x100025c0                __pre_init_runtime_init_post_clock_resets
 .preinit_array.01000
                0x100025c4        0x4 CMakeFiles/Framethrower_Denise.dir/C_/Users/claud/.pico-sdk/sdk/2.1.1/src/rp2_common/hardware_boot_lock/boot_lock.c.obj
                0x100025c4                __pre_init_runtime_init_boot_locks_reset
 .preinit_array.01000
                0x100025c8        0x4 CMakeFiles/Framethrower_Denise.dir/C_/Users/claud/.pico-sdk/sdk/2.1.1/src/rp2_common/pico_runtime_init/runtime_init.c.obj
                0x100025c8                __pre_init_runtime_init_spin_locks_reset
 .preinit_array.01010
                0x100025cc        0x4 CMakeFiles/Framethrower_Denise.dir/C_/Users/claud/.pico-sdk/sdk/2.1.1/src/rp2_common/pico_bootrom/bootrom_lock.c.obj
                0x100025cc                __pre_init_runtime_init_bootrom_locking_enable
 .preinit_array.01100
                0x100025d0        0x4 CMakeFiles/Framethrower_Denise.dir/C_/Users/claud/.pico-sdk/sdk/2.1.1/src/common/pico_sync/mutex.c.obj
                0x100025d0                __pre_init_runtime_init_mutex
 .preinit_array.10080
                0x100025d4        0x4 CMakeFiles/Framethrower_Denise.dir/C_/Users/claud/.pico-sdk/sdk/2.1.1/src/rp2_common/pico_runtime_init/runtime_init.c.obj
                0x100025d4                __pre_init_runtime_init_install_ram_vector_table
 .preinit_array.11000
                0x100025d8        0x4 CMakeFiles/Framethrower_Denise.dir/C_/Users/claud/.pico-sdk/sdk/2.1.1/src/common/pico_time/time.c.obj
                0x100025d8                __pre_init_runtime_init_default_alarm_pool
 .preinit_array.YYYYY
                0x100025dc        0x4 CMakeFiles/Framethrower_Denise.dir/C_/Users/claud/.pico-sdk/sdk/2.1.1/src/rp2_common/pico_runtime/runtime.c.obj
                0x100025dc                __pre_init_first_per_core_initializer
 .preinit_array.ZZZZZ.00051
                0x100025e0        0x4 CMakeFiles/Framethrower_Denise.dir/C_/Users/claud/.pico-sdk/sdk/2.1.1/src/rp2_common/pico_runtime_init/runtime_init.c.obj
                0x100025e0                __pre_init_runtime_init_per_core_bootrom_reset
 .preinit_array.ZZZZZ.00200
                0x100025e4        0x4 CMakeFiles/Framethrower_Denise.dir/C_/Users/claud/.pico-sdk/sdk/2.1.1/src/rp2_common/pico_runtime_init/runtime_init.c.obj
                0x100025e4                __pre_init_runtime_init_per_core_enable_coprocessors
 .preinit_array.ZZZZZ.01000
                0x100025e8        0x4 CMakeFiles/Framethrower_Denise.dir/C_/Users/claud/.pico-sdk/sdk/2.1.1/src/rp2_common/hardware_sync_spin_lock/sync_spin_lock.c.obj
                0x100025e8                __pre_init_spinlock_set_extexclall
 .preinit_array.ZZZZZ.01200
                0x100025ec        0x4 CMakeFiles/Framethrower_Denise.dir/C_/Users/claud/.pico-sdk/sdk/2.1.1/src/rp2_common/hardware_irq/irq.c.obj
                0x100025ec                __pre_init_runtime_init_per_core_irq_priorities
 *(.preinit_array)
                0x100025f0                        PROVIDE (__preinit_array_end = .)
                0x100025f0                        . = ALIGN (0x4)
                0x100025f0                        PROVIDE (__init_array_start = .)
 *(SORT_BY_NAME(.init_array.*))
 *(.init_array)
 .init_array    0x100025f0        0x4 C:/Users/claud/.pico-sdk/toolchain/14_2_Rel1/bin/../lib/gcc/arm-none-eabi/14.2.1/thumb/v8-m.main+fp/softfp/crtbegin.o
                0x100025f4                        PROVIDE (__init_array_end = .)
                0x100025f4                        . = ALIGN (0x4)
                [!provide]                        PROVIDE (__fini_array_start = .)
 *(SORT_BY_NAME(.fini_array.*))
 *(.fini_array)
                [!provide]                        PROVIDE (__fini_array_end = .)
 *(.eh_frame*)
 .eh_frame      0x100025f4        0x0 C:/Users/claud/.pico-sdk/toolchain/14_2_Rel1/bin/../lib/gcc/arm-none-eabi/14.2.1/thumb/v8-m.main+fp/softfp/crtbegin.o
                0x100025f4                        . = ALIGN (0x4)

.glue_7         0x100025f4        0x0
 .glue_7        0x100025f4        0x0 linker stubs

.glue_7t        0x100025f4        0x0
 .glue_7t       0x100025f4        0x0 linker stubs

.vfp11_veneer   0x100025f4        0x0
 .vfp11_veneer  0x100025f4        0x0 linker stubs

.v4_bx          0x100025f4        0x0
 .v4_bx         0x100025f4        0x0 linker stubs

.iplt           0x100025f4        0x0
 .iplt          0x100025f4        0x0 C:/Users/claud/.pico-sdk/toolchain/14_2_Rel1/bin/../lib/gcc/arm-none-eabi/14.2.1/thumb/v8-m.main+fp/softfp/crtbegin.o

.boot2          0x100025f4        0x0
                0x100025f4                        __boot2_start__ = .
 *(.boot2)
                0x100025f4                        __boot2_end__ = .
                0x00000001                        ASSERT (((__boot2_end__ - __boot2_start__) <= 0x100), ERROR: Pico second stage bootloader must be no more than 256 bytes in size)

.rodata         0x100025f4      0x1a0
 *(EXCLUDE_FILE(*libm.a: *libc.a:*lib_a-mem*.o *libgcc.a:) .rodata*)
 .rodata.str1.4
                0x100025f4       0xf0 CMakeFiles/Framethrower_Denise.dir/Framethrower_Denise.c.obj
                                 0x32 (size before relaxing)
 .rodata.vsync_detect_program
                0x100026e4        0x8 CMakeFiles/Framethrower_Denise.dir/Framethrower_Denise.c.obj
 .rodata.vsync_detect_program_instructions
                0x100026ec       0x1e CMakeFiles/Framethrower_Denise.dir/Framethrower_Denise.c.obj
 *fill*         0x1000270a        0x2 
 .rodata.video_capture_program
                0x1000270c        0x8 CMakeFiles/Framethrower_Denise.dir/Framethrower_Denise.c.obj
 .rodata.video_capture_program_instructions
                0x10002714       0x12 CMakeFiles/Framethrower_Denise.dir/Framethrower_Denise.c.obj
 .rodata.str1.4
                0x10002726        0x6 CMakeFiles/Framethrower_Denise.dir/mipi.c.obj
 *fill*         0x10002726        0x2 
 .rodata        0x10002728        0x5 CMakeFiles/Framethrower_Denise.dir/mipi.c.obj
 .rodata.panic.str1.4
                0x1000272d       0x12 CMakeFiles/Framethrower_Denise.dir/C_/Users/claud/.pico-sdk/sdk/2.1.1/src/rp2_common/pico_platform_panic/panic.c.obj
 .rodata.timer_hardware_alarm_claim.str1.4
                0x1000272d       0x22 CMakeFiles/Framethrower_Denise.dir/C_/Users/claud/.pico-sdk/sdk/2.1.1/src/rp2_common/hardware_timer/timer.c.obj
 .rodata.hard_assertion_failure.str1.4
                0x1000272d        0xc CMakeFiles/Framethrower_Denise.dir/C_/Users/claud/.pico-sdk/sdk/2.1.1/src/rp2_common/pico_runtime/runtime.c.obj
 .rodata.str1.4
                0x1000272d       0x4c CMakeFiles/Framethrower_Denise.dir/C_/Users/claud/.pico-sdk/sdk/2.1.1/src/rp2_common/pico_standard_binary_info/standard_binary_info.c.obj
 *fill*         0x1000272d        0x3 
 .rodata.__bi_84
                0x10002730        0xc CMakeFiles/Framethrower_Denise.dir/C_/Users/claud/.pico-sdk/sdk/2.1.1/src/rp2_common/pico_standard_binary_info/standard_binary_info.c.obj
 .rodata.__bi_78
                0x1000273c        0xc CMakeFiles/Framethrower_Denise.dir/C_/Users/claud/.pico-sdk/sdk/2.1.1/src/rp2_common/pico_standard_binary_info/standard_binary_info.c.obj
 .rodata.__bi_60
                0x10002748        0xc CMakeFiles/Framethrower_Denise.dir/C_/Users/claud/.pico-sdk/sdk/2.1.1/src/rp2_common/pico_standard_binary_info/standard_binary_info.c.obj
 .rodata.__bi_54
                0x10002754        0xc CMakeFiles/Framethrower_Denise.dir/C_/Users/claud/.pico-sdk/sdk/2.1.1/src/rp2_common/pico_standard_binary_info/standard_binary_info.c.obj
 .rodata.__bi_48
                0x10002760        0xc CMakeFiles/Framethrower_Denise.dir/C_/Users/claud/.pico-sdk/sdk/2.1.1/src/rp2_common/pico_standard_binary_info/standard_binary_info.c.obj
 .rodata.__bi_42
                0x1000276c        0xc CMakeFiles/Framethrower_Denise.dir/C_/Users/claud/.pico-sdk/sdk/2.1.1/src/rp2_common/pico_standard_binary_info/standard_binary_info.c.obj
 .rodata.__bi_34
                0x10002778        0xc CMakeFiles/Framethrower_Denise.dir/C_/Users/claud/.pico-sdk/sdk/2.1.1/src/rp2_common/pico_standard_binary_info/standard_binary_info.c.obj
 .rodata.__bi_26
                0x10002784        0xc CMakeFiles/Framethrower_Denise.dir/C_/Users/claud/.pico-sdk/sdk/2.1.1/src/rp2_common/pico_standard_binary_info/standard_binary_info.c.obj
 .rodata.crlf_str.0
                0x10002790        0x2 CMakeFiles/Framethrower_Denise.dir/C_/Users/claud/.pico-sdk/sdk/2.1.1/src/rp2_common/pico_stdio/stdio.c.obj
 .rodata.pio_claim_unused_sm.str1.4
                0x10002792       0x24 CMakeFiles/Framethrower_Denise.dir/C_/Users/claud/.pico-sdk/sdk/2.1.1/src/rp2_common/hardware_pio/pio.c.obj
 *(.srodata*)
                0x100027b8                        . = ALIGN (0x4)
 *fill*         0x10002792        0x2 
 *(SORT_BY_ALIGNMENT(SORT_BY_NAME(.flashdata*)))
                0x10002794                        . = ALIGN (0x4)

.ARM.extab
 *(.ARM.extab* .gnu.linkonce.armextab.*)
                0x10002794                        __exidx_start = .

.ARM.exidx      0x10002794        0x8
 *(.ARM.exidx* .gnu.linkonce.armexidx.*)
 .ARM.exidx     0x10002794        0x8 C:/Users/claud/.pico-sdk/toolchain/14_2_Rel1/bin/../lib/gcc/arm-none-eabi/14.2.1/thumb/v8-m.main+fp/softfp\libg.a(libc_a-memcpy.o)
                0x1000279c                        __exidx_end = .
                0x1000279c                        . = ALIGN (0x4)
                0x1000279c                        __binary_info_start = .

.binary_info    0x1000279c       0x20
 *(.binary_info.keep.*)
 .binary_info.keep.__bi_ptr84
                0x1000279c        0x4 CMakeFiles/Framethrower_Denise.dir/C_/Users/claud/.pico-sdk/sdk/2.1.1/src/rp2_common/pico_standard_binary_info/standard_binary_info.c.obj
 .binary_info.keep.__bi_ptr78
                0x100027a0        0x4 CMakeFiles/Framethrower_Denise.dir/C_/Users/claud/.pico-sdk/sdk/2.1.1/src/rp2_common/pico_standard_binary_info/standard_binary_info.c.obj
 .binary_info.keep.__bi_ptr60
                0x100027a4        0x4 CMakeFiles/Framethrower_Denise.dir/C_/Users/claud/.pico-sdk/sdk/2.1.1/src/rp2_common/pico_standard_binary_info/standard_binary_info.c.obj
 .binary_info.keep.__bi_ptr54
                0x100027a8        0x4 CMakeFiles/Framethrower_Denise.dir/C_/Users/claud/.pico-sdk/sdk/2.1.1/src/rp2_common/pico_standard_binary_info/standard_binary_info.c.obj
 .binary_info.keep.__bi_ptr48
                0x100027ac        0x4 CMakeFiles/Framethrower_Denise.dir/C_/Users/claud/.pico-sdk/sdk/2.1.1/src/rp2_common/pico_standard_binary_info/standard_binary_info.c.obj
 .binary_info.keep.__bi_ptr42
                0x100027b0        0x4 CMakeFiles/Framethrower_Denise.dir/C_/Users/claud/.pico-sdk/sdk/2.1.1/src/rp2_common/pico_standard_binary_info/standard_binary_info.c.obj
 .binary_info.keep.__bi_ptr34
                0x100027b4        0x4 CMakeFiles/Framethrower_Denise.dir/C_/Users/claud/.pico-sdk/sdk/2.1.1/src/rp2_common/pico_standard_binary_info/standard_binary_info.c.obj
 .binary_info.keep.__bi_ptr26
                0x100027b8        0x4 CMakeFiles/Framethrower_Denise.dir/C_/Users/claud/.pico-sdk/sdk/2.1.1/src/rp2_common/pico_standard_binary_info/standard_binary_info.c.obj
 *(.binary_info.*)
                0x100027bc                        __binary_info_end = .
                0x100027bc                        . = ALIGN (0x4)

.ram_vector_table
                0x20000000      0x110
 *(.ram_vector_table)
 .ram_vector_table
                0x20000000      0x110 CMakeFiles/Framethrower_Denise.dir/C_/Users/claud/.pico-sdk/sdk/2.1.1/src/rp2_common/pico_runtime_init/runtime_init.c.obj
                0x20000000                ram_vector_table

.uninitialized_data
                0x20000110        0x0
                0x20000110                        . = ALIGN (0x4)
 *(.uninitialized_data*)

.data           0x20000110      0x7cc load address 0x100027bc
                0x20000110                        __data_start__ = .
 *(vtable)
 *(.time_critical*)
 .time_critical.pio_irq_handler
                0x20000110       0xac CMakeFiles/Framethrower_Denise.dir/Framethrower_Denise.c.obj
                0x20000110                pio_irq_handler
 .time_critical.set_brightness_fast_levels
                0x200001bc      0x184 CMakeFiles/Framethrower_Denise.dir/Framethrower_Denise.c.obj
                0x2000023c                set_brightness_fast_levels
 .time_critical.main
                0x20000340      0x2b8 CMakeFiles/Framethrower_Denise.dir/Framethrower_Denise.c.obj
                0x20000340                main
 .time_critical.mipiCsiFrameStart
                0x200005f8       0x30 CMakeFiles/Framethrower_Denise.dir/mipi.c.obj
                0x200005f8                mipiCsiFrameStart
 .time_critical.mipiCsiFrameEnd
                0x20000628       0x34 CMakeFiles/Framethrower_Denise.dir/mipi.c.obj
                0x20000628                mipiCsiFrameEnd
 .time_critical.mipiCsiSendLong
                0x2000065c       0x64 CMakeFiles/Framethrower_Denise.dir/mipi.c.obj
                0x2000065c                mipiCsiSendLong
 .time_critical.dma_memcpy2
                0x200006c0       0x24 CMakeFiles/Framethrower_Denise.dir/fifo.c.obj
                0x200006c0                dma_memcpy2
 .time_critical.dma_memcpy3
                0x200006e4       0x24 CMakeFiles/Framethrower_Denise.dir/fifo.c.obj
                0x200006e4                dma_memcpy3
 .time_critical.mutex_enter_block_until
                0x20000708       0x6c CMakeFiles/Framethrower_Denise.dir/C_/Users/claud/.pico-sdk/sdk/2.1.1/src/common/pico_sync/mutex.c.obj
                0x20000708                mutex_enter_block_until
 .time_critical.mutex_try_enter_block_until
                0x20000774       0x68 CMakeFiles/Framethrower_Denise.dir/C_/Users/claud/.pico-sdk/sdk/2.1.1/src/common/pico_sync/mutex.c.obj
                0x20000774                mutex_try_enter_block_until
 .time_critical.mutex_exit
                0x200007dc       0x3c CMakeFiles/Framethrower_Denise.dir/C_/Users/claud/.pico-sdk/sdk/2.1.1/src/common/pico_sync/mutex.c.obj
                0x200007dc                mutex_exit
 .time_critical.mutex_exit.__stub
                0x20000818       0x88 linker stubs
 *(.text*)
                0x200008a0                        . = ALIGN (0x4)
 *(.rodata*)
                0x200008a0                        . = ALIGN (0x4)
 *(.data*)
 .data.scanline_level
                0x200008a0        0x4 CMakeFiles/Framethrower_Denise.dir/Framethrower_Denise.c.obj
                0x200008a0                scanline_level
 .data.scanlines
                0x200008a4        0x1 CMakeFiles/Framethrower_Denise.dir/Framethrower_Denise.c.obj
                0x200008a4                scanlines
 .data.isPAL_prev
                0x200008a5        0x1 CMakeFiles/Framethrower_Denise.dir/Framethrower_Denise.c.obj
                0x200008a5                isPAL_prev
 .data.is_odd_field
                0x200008a6        0x1 CMakeFiles/Framethrower_Denise.dir/Framethrower_Denise.c.obj
                0x200008a6                is_odd_field
 .data.vsync_go
                0x200008a7        0x1 CMakeFiles/Framethrower_Denise.dir/Framethrower_Denise.c.obj
                0x200008a7                vsync_go
 .data.isPAL    0x200008a8        0x1 CMakeFiles/Framethrower_Denise.dir/Framethrower_Denise.c.obj
                0x200008a8                isPAL
 *fill*         0x200008a9        0x3 
 .data.pio_video
                0x200008ac        0x4 CMakeFiles/Framethrower_Denise.dir/Framethrower_Denise.c.obj
                0x200008ac                pio_video
 .data.striped_spin_lock_num
                0x200008b0        0x1 CMakeFiles/Framethrower_Denise.dir/C_/Users/claud/.pico-sdk/sdk/2.1.1/src/rp2_common/hardware_sync/sync.c.obj
 *fill*         0x200008b1        0x3 
 .data.default_alarm_pool
                0x200008b4       0x18 CMakeFiles/Framethrower_Denise.dir/C_/Users/claud/.pico-sdk/sdk/2.1.1/src/common/pico_time/time.c.obj
 *(.sdata*)
                0x200008cc                        . = ALIGN (0x4)
 *(.after_data.*)
                0x200008cc                        . = ALIGN (0x4)
                0x200008cc                        PROVIDE (__mutex_array_start = .)
 *(SORT_BY_NAME(.mutex_array.*))
 *(.mutex_array)
 .mutex_array   0x200008cc        0x8 CMakeFiles/Framethrower_Denise.dir/C_/Users/claud/.pico-sdk/sdk/2.1.1/src/rp2_common/pico_malloc/malloc.c.obj
 .mutex_array   0x200008d4        0x8 CMakeFiles/Framethrower_Denise.dir/C_/Users/claud/.pico-sdk/sdk/2.1.1/src/rp2_common/pico_stdio/stdio.c.obj
                0x200008dc                        PROVIDE (__mutex_array_end = .)
 *(.jcr)
                0x200008dc                        . = ALIGN (0x4)

.tm_clone_table
                0x200008dc        0x0 load address 0x10002f88
 .tm_clone_table
                0x200008dc        0x0 C:/Users/claud/.pico-sdk/toolchain/14_2_Rel1/bin/../lib/gcc/arm-none-eabi/14.2.1/thumb/v8-m.main+fp/softfp/crtbegin.o
 .tm_clone_table
                0x200008dc        0x0 C:/Users/claud/.pico-sdk/toolchain/14_2_Rel1/bin/../lib/gcc/arm-none-eabi/14.2.1/thumb/v8-m.main+fp/softfp/crtend.o

.igot.plt       0x200008dc        0x0 load address 0x10002f88
 .igot.plt      0x200008dc        0x0 C:/Users/claud/.pico-sdk/toolchain/14_2_Rel1/bin/../lib/gcc/arm-none-eabi/14.2.1/thumb/v8-m.main+fp/softfp/crtbegin.o

.tdata          0x200008dc        0x0 load address 0x10002f88
                0x200008dc                        . = ALIGN (0x4)
 *(.tdata .tdata.* .gnu.linkonce.td.*)
                0x200008dc                        __tdata_end = .
                0x200008dc                        PROVIDE (__data_end__ = .)
                0x100027bc                        __etext = LOADADDR (.data)

.tbss           0x200008dc        0x0 load address 0x10002f88
                0x200008dc                        . = ALIGN (0x4)
                0x200008dc                        __bss_start__ = .
                0x200008dc                        __tls_base = .
 *(.tbss .tbss.* .gnu.linkonce.tb.*)
 *(.tcommon)
                0x200008dc                        __tls_end = .

.bss            0x200008e0    0x66718 load address 0x10002f88
                0x200008e0                        . = ALIGN (0x4)
                0x200008e0                        __tbss_end = .
 *(SORT_BY_ALIGNMENT(SORT_BY_NAME(.bss*)))
 .bss.default_alarm_pool_entries
                0x200008e0      0x180 CMakeFiles/Framethrower_Denise.dir/C_/Users/claud/.pico-sdk/sdk/2.1.1/src/common/pico_time/time.c.obj
 .bss._sw_spin_locks
                0x20000a60       0x20 CMakeFiles/Framethrower_Denise.dir/C_/Users/claud/.pico-sdk/sdk/2.1.1/src/rp2_common/hardware_sync_spin_lock/sync_spin_lock.c.obj
                0x20000a60                _sw_spin_locks
 .bss._used_instruction_space
                0x20000a80        0xc CMakeFiles/Framethrower_Denise.dir/C_/Users/claud/.pico-sdk/sdk/2.1.1/src/rp2_common/hardware_pio/pio.c.obj
 .bss.blackline
                0x20000a8c      0x5a0 CMakeFiles/Framethrower_Denise.dir/Framethrower_Denise.c.obj
                0x20000a8c                blackline
 .bss.claimed   0x2000102c        0x2 CMakeFiles/Framethrower_Denise.dir/C_/Users/claud/.pico-sdk/sdk/2.1.1/src/rp2_common/hardware_timer/timer.c.obj
 *fill*         0x2000102e        0x2 
 .bss.claimed   0x20001030        0x2 CMakeFiles/Framethrower_Denise.dir/C_/Users/claud/.pico-sdk/sdk/2.1.1/src/rp2_common/hardware_pio/pio.c.obj
 *fill*         0x20001032        0x2 
 .bss.configured_freq
                0x20001034       0x28 CMakeFiles/Framethrower_Denise.dir/C_/Users/claud/.pico-sdk/sdk/2.1.1/src/rp2_common/hardware_clocks/clocks.c.obj
 .bss.drivers   0x2000105c        0x4 CMakeFiles/Framethrower_Denise.dir/C_/Users/claud/.pico-sdk/sdk/2.1.1/src/rp2_common/pico_stdio/stdio.c.obj
 .bss.filter    0x20001060        0x4 CMakeFiles/Framethrower_Denise.dir/C_/Users/claud/.pico-sdk/sdk/2.1.1/src/rp2_common/pico_stdio/stdio.c.obj
 .bss.framebuffer
                0x20001064    0x65400 CMakeFiles/Framethrower_Denise.dir/Framethrower_Denise.c.obj
                0x20001064                framebuffer
 .bss.last_total_lines
                0x20066464        0x4 CMakeFiles/Framethrower_Denise.dir/Framethrower_Denise.c.obj
                0x20066464                last_total_lines
 .bss.lazy_vsnprintf
                0x20066468        0x4 CMakeFiles/Framethrower_Denise.dir/C_/Users/claud/.pico-sdk/sdk/2.1.1/src/rp2_common/pico_printf/printf.c.obj
 .bss.line1     0x2006646c      0x5a0 CMakeFiles/Framethrower_Denise.dir/Framethrower_Denise.c.obj
                0x2006646c                line1
 .bss.line2     0x20066a0c      0x5a0 CMakeFiles/Framethrower_Denise.dir/Framethrower_Denise.c.obj
                0x20066a0c                line2
 .bss.lines     0x20066fac        0x4 CMakeFiles/Framethrower_Denise.dir/Framethrower_Denise.c.obj
                0x20066fac                lines
 .bss.object.0  0x20066fb0       0x18 C:/Users/claud/.pico-sdk/toolchain/14_2_Rel1/bin/../lib/gcc/arm-none-eabi/14.2.1/thumb/v8-m.main+fp/softfp/crtbegin.o
 .bss.pools     0x20066fc8       0x20 CMakeFiles/Framethrower_Denise.dir/C_/Users/claud/.pico-sdk/sdk/2.1.1/src/common/pico_time/time.c.obj
 .bss.sleep_notifier
                0x20066fe8        0x4 CMakeFiles/Framethrower_Denise.dir/C_/Users/claud/.pico-sdk/sdk/2.1.1/src/common/pico_time/time.c.obj
 .bss.sm_video  0x20066fec        0x4 CMakeFiles/Framethrower_Denise.dir/Framethrower_Denise.c.obj
                0x20066fec                sm_video
 .bss.sm_vsync  0x20066ff0        0x4 CMakeFiles/Framethrower_Denise.dir/Framethrower_Denise.c.obj
                0x20066ff0                sm_vsync
 .bss.clear_screen
                0x20066ff4        0x1 CMakeFiles/Framethrower_Denise.dir/Framethrower_Denise.c.obj
                0x20066ff4                clear_screen
 .bss.laced     0x20066ff5        0x1 CMakeFiles/Framethrower_Denise.dir/Framethrower_Denise.c.obj
                0x20066ff5                laced
 .bss.video_go  0x20066ff6        0x1 CMakeFiles/Framethrower_Denise.dir/Framethrower_Denise.c.obj
                0x20066ff6                video_go
 .bss.vsync_detected
                0x20066ff7        0x1 CMakeFiles/Framethrower_Denise.dir/Framethrower_Denise.c.obj
                0x20066ff7                vsync_detected
 *(COMMON)
                [!provide]                        PROVIDE (__global_pointer$ = (. + 0x800))
 *(.sbss*)
                0x20066ff8                        . = ALIGN (0x4)
                0x20066ff8                        __bss_end__ = .

.heap           0x20066ff8      0x800 load address 0x10002f88
                0x20066ff8                        __end__ = .
                0x20066ff8                        end = __end__
 *(.heap*)
 .heap          0x20066ff8      0x800 CMakeFiles/Framethrower_Denise.dir/C_/Users/claud/.pico-sdk/sdk/2.1.1/src/rp2_common/pico_crt0/crt0.S.obj
                0x20080000                        __HeapLimit = (ORIGIN (RAM) + LENGTH (RAM))

.scratch_x      0x20080000        0x0 load address 0x10002f88
                0x20080000                        __scratch_x_start__ = .
 *(.scratch_x.*)
                0x20080000                        . = ALIGN (0x4)
                0x20080000                        __scratch_x_end__ = .
                0x10002f88                        __scratch_x_source__ = LOADADDR (.scratch_x)

.scratch_y      0x20081000        0x0 load address 0x10002f88
                0x20081000                        __scratch_y_start__ = .
 *(.scratch_y.*)
                0x20081000                        . = ALIGN (0x4)
                0x20081000                        __scratch_y_end__ = .
                0x10002f88                        __scratch_y_source__ = LOADADDR (.scratch_y)

.stack1_dummy   0x20080000      0x800
 *(.stack1*)
 .stack1        0x20080000      0x800 CMakeFiles/Framethrower_Denise.dir/C_/Users/claud/.pico-sdk/sdk/2.1.1/src/rp2_common/pico_multicore/multicore.c.obj

.stack_dummy    0x20081000      0x800
 *(.stack*)
 .stack         0x20081000      0x800 CMakeFiles/Framethrower_Denise.dir/C_/Users/claud/.pico-sdk/sdk/2.1.1/src/rp2_common/pico_crt0/crt0.S.obj

.flash_end      0x10002f88       0x14
 *(.embedded_end_block*)
 .embedded_end_block
                0x10002f88       0x14 CMakeFiles/Framethrower_Denise.dir/C_/Users/claud/.pico-sdk/sdk/2.1.1/src/rp2_common/pico_crt0/crt0.S.obj
                0x10002f9c                        PROVIDE (__flash_binary_end = .)
                0x20080000                        __StackLimit = (ORIGIN (RAM) + LENGTH (RAM))
                0x20081000                        __StackOneTop = (ORIGIN (SCRATCH_X) + LENGTH (SCRATCH_X))
                0x20082000                        __StackTop = (ORIGIN (SCRATCH_Y) + LENGTH (SCRATCH_Y))
                0x20080800                        __StackOneBottom = (__StackOneTop - SIZEOF (.stack1_dummy))
                0x20081800                        __StackBottom = (__StackTop - SIZEOF (.stack_dummy))
                0x20082000                        PROVIDE (__stack = __StackTop)
                [!provide]                        PROVIDE (__heap_start = __end__)
                [!provide]                        PROVIDE (__heap_end = __HeapLimit)
                [!provide]                        PROVIDE (__tls_align = MAX (ALIGNOF (.tdata), ALIGNOF (.tbss)))
                [!provide]                        PROVIDE (__tls_size_align = (((__tls_size + __tls_align) - 0x1) & ~ ((__tls_align - 0x1))))
                [!provide]                        PROVIDE (__arm32_tls_tcb_offset = MAX (0x8, __tls_align))
                [!provide]                        PROVIDE (_end = __end__)
                [!provide]                        PROVIDE (__llvm_libc_heap_limit = __HeapLimit)
                0x00000001                        ASSERT ((__StackLimit >= __HeapLimit), region RAM overflowed)
                0x00000001                        ASSERT (((__binary_info_header_end - __logical_binary_start) <= 0x400), Binary info must be in first 1024 bytes of the binary)
                0x00000001                        ASSERT (((__embedded_block_end - __logical_binary_start) <= 0x1000), Embedded block must be in first 4096 bytes of the binary)
LOAD CMakeFiles/Framethrower_Denise.dir/Framethrower_Denise.c.obj
LOAD CMakeFiles/Framethrower_Denise.dir/mipi.c.obj
LOAD CMakeFiles/Framethrower_Denise.dir/fifo.c.obj
LOAD CMakeFiles/Framethrower_Denise.dir/C_/Users/claud/.pico-sdk/sdk/2.1.1/src/rp2_common/pico_stdlib/stdlib.c.obj
LOAD CMakeFiles/Framethrower_Denise.dir/C_/Users/claud/.pico-sdk/sdk/2.1.1/src/rp2_common/hardware_gpio/gpio.c.obj
LOAD CMakeFiles/Framethrower_Denise.dir/C_/Users/claud/.pico-sdk/sdk/2.1.1/src/rp2350/pico_platform/platform.c.obj
LOAD CMakeFiles/Framethrower_Denise.dir/C_/Users/claud/.pico-sdk/sdk/2.1.1/src/rp2_common/pico_platform_panic/panic.c.obj
LOAD CMakeFiles/Framethrower_Denise.dir/C_/Users/claud/.pico-sdk/sdk/2.1.1/src/common/hardware_claim/claim.c.obj
LOAD CMakeFiles/Framethrower_Denise.dir/C_/Users/claud/.pico-sdk/sdk/2.1.1/src/rp2_common/hardware_sync/sync.c.obj
LOAD CMakeFiles/Framethrower_Denise.dir/C_/Users/claud/.pico-sdk/sdk/2.1.1/src/rp2_common/hardware_sync_spin_lock/sync_spin_lock.c.obj
LOAD CMakeFiles/Framethrower_Denise.dir/C_/Users/claud/.pico-sdk/sdk/2.1.1/src/rp2_common/hardware_irq/irq.c.obj
LOAD CMakeFiles/Framethrower_Denise.dir/C_/Users/claud/.pico-sdk/sdk/2.1.1/src/rp2_common/hardware_irq/irq_handler_chain.S.obj
LOAD CMakeFiles/Framethrower_Denise.dir/C_/Users/claud/.pico-sdk/sdk/2.1.1/src/common/pico_sync/sem.c.obj
LOAD CMakeFiles/Framethrower_Denise.dir/C_/Users/claud/.pico-sdk/sdk/2.1.1/src/common/pico_sync/lock_core.c.obj
LOAD CMakeFiles/Framethrower_Denise.dir/C_/Users/claud/.pico-sdk/sdk/2.1.1/src/common/pico_sync/mutex.c.obj
LOAD CMakeFiles/Framethrower_Denise.dir/C_/Users/claud/.pico-sdk/sdk/2.1.1/src/common/pico_sync/critical_section.c.obj
LOAD CMakeFiles/Framethrower_Denise.dir/C_/Users/claud/.pico-sdk/sdk/2.1.1/src/common/pico_time/time.c.obj
LOAD CMakeFiles/Framethrower_Denise.dir/C_/Users/claud/.pico-sdk/sdk/2.1.1/src/common/pico_time/timeout_helper.c.obj
LOAD CMakeFiles/Framethrower_Denise.dir/C_/Users/claud/.pico-sdk/sdk/2.1.1/src/rp2_common/hardware_timer/timer.c.obj
LOAD CMakeFiles/Framethrower_Denise.dir/C_/Users/claud/.pico-sdk/sdk/2.1.1/src/common/pico_util/datetime.c.obj
LOAD CMakeFiles/Framethrower_Denise.dir/C_/Users/claud/.pico-sdk/sdk/2.1.1/src/common/pico_util/pheap.c.obj
LOAD CMakeFiles/Framethrower_Denise.dir/C_/Users/claud/.pico-sdk/sdk/2.1.1/src/common/pico_util/queue.c.obj
LOAD CMakeFiles/Framethrower_Denise.dir/C_/Users/claud/.pico-sdk/sdk/2.1.1/src/rp2_common/hardware_uart/uart.c.obj
LOAD CMakeFiles/Framethrower_Denise.dir/C_/Users/claud/.pico-sdk/sdk/2.1.1/src/rp2_common/hardware_clocks/clocks.c.obj
LOAD CMakeFiles/Framethrower_Denise.dir/C_/Users/claud/.pico-sdk/sdk/2.1.1/src/rp2_common/hardware_pll/pll.c.obj
LOAD CMakeFiles/Framethrower_Denise.dir/C_/Users/claud/.pico-sdk/sdk/2.1.1/src/rp2_common/hardware_vreg/vreg.c.obj
LOAD CMakeFiles/Framethrower_Denise.dir/C_/Users/claud/.pico-sdk/sdk/2.1.1/src/rp2_common/hardware_watchdog/watchdog.c.obj
LOAD CMakeFiles/Framethrower_Denise.dir/C_/Users/claud/.pico-sdk/sdk/2.1.1/src/rp2_common/hardware_ticks/ticks.c.obj
LOAD CMakeFiles/Framethrower_Denise.dir/C_/Users/claud/.pico-sdk/sdk/2.1.1/src/rp2_common/pico_bootrom/bootrom.c.obj
LOAD CMakeFiles/Framethrower_Denise.dir/C_/Users/claud/.pico-sdk/sdk/2.1.1/src/rp2_common/pico_bootrom/bootrom_lock.c.obj
LOAD CMakeFiles/Framethrower_Denise.dir/C_/Users/claud/.pico-sdk/sdk/2.1.1/src/rp2_common/hardware_boot_lock/boot_lock.c.obj
LOAD CMakeFiles/Framethrower_Denise.dir/C_/Users/claud/.pico-sdk/sdk/2.1.1/src/rp2_common/pico_flash/flash.c.obj
LOAD CMakeFiles/Framethrower_Denise.dir/C_/Users/claud/.pico-sdk/sdk/2.1.1/src/rp2_common/hardware_xosc/xosc.c.obj
LOAD CMakeFiles/Framethrower_Denise.dir/C_/Users/claud/.pico-sdk/sdk/2.1.1/src/rp2_common/hardware_divider/divider.c.obj
LOAD CMakeFiles/Framethrower_Denise.dir/C_/Users/claud/.pico-sdk/sdk/2.1.1/src/rp2_common/pico_runtime/runtime.c.obj
LOAD CMakeFiles/Framethrower_Denise.dir/C_/Users/claud/.pico-sdk/sdk/2.1.1/src/rp2_common/pico_runtime_init/runtime_init.c.obj
LOAD CMakeFiles/Framethrower_Denise.dir/C_/Users/claud/.pico-sdk/sdk/2.1.1/src/rp2_common/pico_runtime_init/runtime_init_clocks.c.obj
LOAD CMakeFiles/Framethrower_Denise.dir/C_/Users/claud/.pico-sdk/sdk/2.1.1/src/rp2_common/pico_runtime_init/runtime_init_stack_guard.c.obj
LOAD CMakeFiles/Framethrower_Denise.dir/C_/Users/claud/.pico-sdk/sdk/2.1.1/src/rp2_common/pico_bit_ops/bit_ops_aeabi.S.obj
LOAD CMakeFiles/Framethrower_Denise.dir/C_/Users/claud/.pico-sdk/sdk/2.1.1/src/rp2_common/pico_divider/divider_compiler.c.obj
LOAD CMakeFiles/Framethrower_Denise.dir/C_/Users/claud/.pico-sdk/sdk/2.1.1/src/rp2_common/pico_double/double_math.c.obj
LOAD CMakeFiles/Framethrower_Denise.dir/C_/Users/claud/.pico-sdk/sdk/2.1.1/src/rp2_common/pico_double/double_aeabi_dcp.S.obj
LOAD CMakeFiles/Framethrower_Denise.dir/C_/Users/claud/.pico-sdk/sdk/2.1.1/src/rp2_common/pico_double/double_fma_dcp.S.obj
LOAD CMakeFiles/Framethrower_Denise.dir/C_/Users/claud/.pico-sdk/sdk/2.1.1/src/rp2_common/pico_double/double_sci_m33.S.obj
LOAD CMakeFiles/Framethrower_Denise.dir/C_/Users/claud/.pico-sdk/sdk/2.1.1/src/rp2_common/pico_double/double_conv_m33.S.obj
LOAD CMakeFiles/Framethrower_Denise.dir/C_/Users/claud/.pico-sdk/sdk/2.1.1/src/rp2_common/pico_float/float_math.c.obj
LOAD CMakeFiles/Framethrower_Denise.dir/C_/Users/claud/.pico-sdk/sdk/2.1.1/src/rp2_common/pico_float/float_conv32_vfp.S.obj
LOAD CMakeFiles/Framethrower_Denise.dir/C_/Users/claud/.pico-sdk/sdk/2.1.1/src/rp2_common/pico_float/float_common_m33.S.obj
LOAD CMakeFiles/Framethrower_Denise.dir/C_/Users/claud/.pico-sdk/sdk/2.1.1/src/rp2_common/pico_float/float_sci_m33_vfp.S.obj
LOAD CMakeFiles/Framethrower_Denise.dir/C_/Users/claud/.pico-sdk/sdk/2.1.1/src/rp2_common/pico_malloc/malloc.c.obj
LOAD CMakeFiles/Framethrower_Denise.dir/C_/Users/claud/.pico-sdk/sdk/2.1.1/src/rp2_common/pico_atomic/atomic.c.obj
LOAD CMakeFiles/Framethrower_Denise.dir/C_/Users/claud/.pico-sdk/sdk/2.1.1/src/rp2_common/pico_cxx_options/new_delete.cpp.obj
LOAD CMakeFiles/Framethrower_Denise.dir/C_/Users/claud/.pico-sdk/sdk/2.1.1/src/rp2_common/pico_standard_binary_info/standard_binary_info.c.obj
LOAD CMakeFiles/Framethrower_Denise.dir/C_/Users/claud/.pico-sdk/sdk/2.1.1/src/rp2_common/pico_printf/printf.c.obj
LOAD CMakeFiles/Framethrower_Denise.dir/C_/Users/claud/.pico-sdk/sdk/2.1.1/src/rp2_common/pico_crt0/crt0.S.obj
LOAD CMakeFiles/Framethrower_Denise.dir/C_/Users/claud/.pico-sdk/sdk/2.1.1/src/rp2_common/pico_clib_interface/newlib_interface.c.obj
LOAD CMakeFiles/Framethrower_Denise.dir/C_/Users/claud/.pico-sdk/sdk/2.1.1/src/rp2_common/pico_stdio/stdio.c.obj
LOAD CMakeFiles/Framethrower_Denise.dir/C_/Users/claud/.pico-sdk/sdk/2.1.1/src/rp2_common/hardware_dma/dma.c.obj
LOAD CMakeFiles/Framethrower_Denise.dir/C_/Users/claud/.pico-sdk/sdk/2.1.1/src/rp2_common/hardware_pio/pio.c.obj
LOAD CMakeFiles/Framethrower_Denise.dir/C_/Users/claud/.pico-sdk/sdk/2.1.1/src/rp2_common/pico_multicore/multicore.c.obj
LOAD pico-sdk/src/rp2350/boot_stage2/CMakeFiles/bs2_default_library.dir/./bs2_default_padded_checksummed.S.obj
LOAD C:/Users/claud/.pico-sdk/toolchain/14_2_Rel1/bin/../lib/gcc/arm-none-eabi/14.2.1/thumb/v8-m.main+fp/softfp\libstdc++.a
LOAD C:/Users/claud/.pico-sdk/toolchain/14_2_Rel1/bin/../lib/gcc/arm-none-eabi/14.2.1/thumb/v8-m.main+fp/softfp\libm.a
START GROUP
LOAD C:/Users/claud/.pico-sdk/toolchain/14_2_Rel1/bin/../lib/gcc/arm-none-eabi/14.2.1/thumb/v8-m.main+fp/softfp\libgcc.a
LOAD C:/Users/claud/.pico-sdk/toolchain/14_2_Rel1/bin/../lib/gcc/arm-none-eabi/14.2.1/thumb/v8-m.main+fp/softfp\libg.a
LOAD C:/Users/claud/.pico-sdk/toolchain/14_2_Rel1/bin/../lib/gcc/arm-none-eabi/14.2.1/thumb/v8-m.main+fp/softfp\libc.a
END GROUP
START GROUP
LOAD C:/Users/claud/.pico-sdk/toolchain/14_2_Rel1/bin/../lib/gcc/arm-none-eabi/14.2.1/thumb/v8-m.main+fp/softfp\libgcc.a
LOAD C:/Users/claud/.pico-sdk/toolchain/14_2_Rel1/bin/../lib/gcc/arm-none-eabi/14.2.1/thumb/v8-m.main+fp/softfp\libc.a
LOAD C:/Users/claud/.pico-sdk/toolchain/14_2_Rel1/bin/../lib/gcc/arm-none-eabi/14.2.1/thumb/v8-m.main+fp/softfp\libnosys.a
END GROUP
LOAD C:/Users/claud/.pico-sdk/toolchain/14_2_Rel1/bin/../lib/gcc/arm-none-eabi/14.2.1/thumb/v8-m.main+fp/softfp/crtend.o
LOAD C:/Users/claud/.pico-sdk/toolchain/14_2_Rel1/bin/../lib/gcc/arm-none-eabi/14.2.1/thumb/v8-m.main+fp/softfp/crtn.o
OUTPUT(Framethrower_Denise.elf elf32-littlearm)
LOAD linker stubs

.rel.dyn        0x10002f9c        0x0
 .rel.iplt      0x10002f9c        0x0 C:/Users/claud/.pico-sdk/toolchain/14_2_Rel1/bin/../lib/gcc/arm-none-eabi/14.2.1/thumb/v8-m.main+fp/softfp/crtbegin.o

.ARM.attributes
                0x00000000       0x34
 .ARM.attributes
                0x00000000       0x26 C:/Users/claud/.pico-sdk/toolchain/14_2_Rel1/bin/../lib/gcc/arm-none-eabi/14.2.1/thumb/v8-m.main+fp/softfp/crti.o
 .ARM.attributes
                0x00000026       0x36 C:/Users/claud/.pico-sdk/toolchain/14_2_Rel1/bin/../lib/gcc/arm-none-eabi/14.2.1/thumb/v8-m.main+fp/softfp/crtbegin.o
 .ARM.attributes
                0x0000005c       0x38 CMakeFiles/Framethrower_Denise.dir/Framethrower_Denise.c.obj
 .ARM.attributes
                0x00000094       0x38 CMakeFiles/Framethrower_Denise.dir/mipi.c.obj
 .ARM.attributes
                0x000000cc       0x38 CMakeFiles/Framethrower_Denise.dir/fifo.c.obj
 .ARM.attributes
                0x00000104       0x38 CMakeFiles/Framethrower_Denise.dir/C_/Users/claud/.pico-sdk/sdk/2.1.1/src/rp2_common/hardware_gpio/gpio.c.obj
 .ARM.attributes
                0x0000013c       0x38 CMakeFiles/Framethrower_Denise.dir/C_/Users/claud/.pico-sdk/sdk/2.1.1/src/rp2_common/pico_platform_panic/panic.c.obj
 .ARM.attributes
                0x00000174       0x38 CMakeFiles/Framethrower_Denise.dir/C_/Users/claud/.pico-sdk/sdk/2.1.1/src/common/hardware_claim/claim.c.obj
 .ARM.attributes
                0x000001ac       0x38 CMakeFiles/Framethrower_Denise.dir/C_/Users/claud/.pico-sdk/sdk/2.1.1/src/rp2_common/hardware_sync/sync.c.obj
 .ARM.attributes
                0x000001e4       0x38 CMakeFiles/Framethrower_Denise.dir/C_/Users/claud/.pico-sdk/sdk/2.1.1/src/rp2_common/hardware_sync_spin_lock/sync_spin_lock.c.obj
 .ARM.attributes
                0x0000021c       0x38 CMakeFiles/Framethrower_Denise.dir/C_/Users/claud/.pico-sdk/sdk/2.1.1/src/rp2_common/hardware_irq/irq.c.obj
 .ARM.attributes
                0x00000254       0x38 CMakeFiles/Framethrower_Denise.dir/C_/Users/claud/.pico-sdk/sdk/2.1.1/src/common/pico_sync/lock_core.c.obj
 .ARM.attributes
                0x0000028c       0x38 CMakeFiles/Framethrower_Denise.dir/C_/Users/claud/.pico-sdk/sdk/2.1.1/src/common/pico_sync/mutex.c.obj
 .ARM.attributes
                0x000002c4       0x38 CMakeFiles/Framethrower_Denise.dir/C_/Users/claud/.pico-sdk/sdk/2.1.1/src/common/pico_time/time.c.obj
 .ARM.attributes
                0x000002fc       0x38 CMakeFiles/Framethrower_Denise.dir/C_/Users/claud/.pico-sdk/sdk/2.1.1/src/rp2_common/hardware_timer/timer.c.obj
 .ARM.attributes
                0x00000334       0x38 CMakeFiles/Framethrower_Denise.dir/C_/Users/claud/.pico-sdk/sdk/2.1.1/src/rp2_common/hardware_clocks/clocks.c.obj
 .ARM.attributes
                0x0000036c       0x38 CMakeFiles/Framethrower_Denise.dir/C_/Users/claud/.pico-sdk/sdk/2.1.1/src/rp2_common/hardware_pll/pll.c.obj
 .ARM.attributes
                0x000003a4       0x38 CMakeFiles/Framethrower_Denise.dir/C_/Users/claud/.pico-sdk/sdk/2.1.1/src/rp2_common/hardware_ticks/ticks.c.obj
 .ARM.attributes
                0x000003dc       0x38 CMakeFiles/Framethrower_Denise.dir/C_/Users/claud/.pico-sdk/sdk/2.1.1/src/rp2_common/pico_bootrom/bootrom.c.obj
 .ARM.attributes
                0x00000414       0x38 CMakeFiles/Framethrower_Denise.dir/C_/Users/claud/.pico-sdk/sdk/2.1.1/src/rp2_common/pico_bootrom/bootrom_lock.c.obj
 .ARM.attributes
                0x0000044c       0x38 CMakeFiles/Framethrower_Denise.dir/C_/Users/claud/.pico-sdk/sdk/2.1.1/src/rp2_common/hardware_boot_lock/boot_lock.c.obj
 .ARM.attributes
                0x00000484       0x38 CMakeFiles/Framethrower_Denise.dir/C_/Users/claud/.pico-sdk/sdk/2.1.1/src/rp2_common/hardware_xosc/xosc.c.obj
 .ARM.attributes
                0x000004bc       0x38 CMakeFiles/Framethrower_Denise.dir/C_/Users/claud/.pico-sdk/sdk/2.1.1/src/rp2_common/pico_runtime/runtime.c.obj
 .ARM.attributes
                0x000004f4       0x38 CMakeFiles/Framethrower_Denise.dir/C_/Users/claud/.pico-sdk/sdk/2.1.1/src/rp2_common/pico_runtime_init/runtime_init.c.obj
 .ARM.attributes
                0x0000052c       0x38 CMakeFiles/Framethrower_Denise.dir/C_/Users/claud/.pico-sdk/sdk/2.1.1/src/rp2_common/pico_runtime_init/runtime_init_clocks.c.obj
 .ARM.attributes
                0x00000564       0x38 CMakeFiles/Framethrower_Denise.dir/C_/Users/claud/.pico-sdk/sdk/2.1.1/src/rp2_common/pico_malloc/malloc.c.obj
 .ARM.attributes
                0x0000059c       0x38 CMakeFiles/Framethrower_Denise.dir/C_/Users/claud/.pico-sdk/sdk/2.1.1/src/rp2_common/pico_standard_binary_info/standard_binary_info.c.obj
 .ARM.attributes
                0x000005d4       0x38 CMakeFiles/Framethrower_Denise.dir/C_/Users/claud/.pico-sdk/sdk/2.1.1/src/rp2_common/pico_printf/printf.c.obj
 .ARM.attributes
                0x0000060c       0x28 CMakeFiles/Framethrower_Denise.dir/C_/Users/claud/.pico-sdk/sdk/2.1.1/src/rp2_common/pico_crt0/crt0.S.obj
 .ARM.attributes
                0x00000634       0x38 CMakeFiles/Framethrower_Denise.dir/C_/Users/claud/.pico-sdk/sdk/2.1.1/src/rp2_common/pico_clib_interface/newlib_interface.c.obj
 .ARM.attributes
                0x0000066c       0x38 CMakeFiles/Framethrower_Denise.dir/C_/Users/claud/.pico-sdk/sdk/2.1.1/src/rp2_common/pico_stdio/stdio.c.obj
 .ARM.attributes
                0x000006a4       0x38 CMakeFiles/Framethrower_Denise.dir/C_/Users/claud/.pico-sdk/sdk/2.1.1/src/rp2_common/hardware_pio/pio.c.obj
 .ARM.attributes
                0x000006dc       0x38 CMakeFiles/Framethrower_Denise.dir/C_/Users/claud/.pico-sdk/sdk/2.1.1/src/rp2_common/pico_multicore/multicore.c.obj
 .ARM.attributes
                0x00000714       0x36 C:/Users/claud/.pico-sdk/toolchain/14_2_Rel1/bin/../lib/gcc/arm-none-eabi/14.2.1/thumb/v8-m.main+fp/softfp\libg.a(libc_a-memset.o)
 .ARM.attributes
                0x0000074a       0x24 C:/Users/claud/.pico-sdk/toolchain/14_2_Rel1/bin/../lib/gcc/arm-none-eabi/14.2.1/thumb/v8-m.main+fp/softfp\libg.a(libc_a-memcpy.o)
 .ARM.attributes
                0x0000076e       0x36 C:/Users/claud/.pico-sdk/toolchain/14_2_Rel1/bin/../lib/gcc/arm-none-eabi/14.2.1/thumb/v8-m.main+fp/softfp\libg.a(libc_a-strlen-stub.o)
 .ARM.attributes
                0x000007a4       0x36 C:/Users/claud/.pico-sdk/toolchain/14_2_Rel1/bin/../lib/gcc/arm-none-eabi/14.2.1/thumb/v8-m.main+fp/softfp/crtend.o

.comment        0x00000000       0x45
 .comment       0x00000000       0x45 CMakeFiles/Framethrower_Denise.dir/Framethrower_Denise.c.obj
                                 0x46 (size before relaxing)
 .comment       0x00000045       0x46 CMakeFiles/Framethrower_Denise.dir/mipi.c.obj
 .comment       0x00000045       0x46 CMakeFiles/Framethrower_Denise.dir/fifo.c.obj
 .comment       0x00000045       0x46 CMakeFiles/Framethrower_Denise.dir/C_/Users/claud/.pico-sdk/sdk/2.1.1/src/rp2_common/hardware_gpio/gpio.c.obj
 .comment       0x00000045       0x46 CMakeFiles/Framethrower_Denise.dir/C_/Users/claud/.pico-sdk/sdk/2.1.1/src/rp2_common/pico_platform_panic/panic.c.obj
 .comment       0x00000045       0x46 CMakeFiles/Framethrower_Denise.dir/C_/Users/claud/.pico-sdk/sdk/2.1.1/src/common/hardware_claim/claim.c.obj
 .comment       0x00000045       0x46 CMakeFiles/Framethrower_Denise.dir/C_/Users/claud/.pico-sdk/sdk/2.1.1/src/rp2_common/hardware_sync/sync.c.obj
 .comment       0x00000045       0x46 CMakeFiles/Framethrower_Denise.dir/C_/Users/claud/.pico-sdk/sdk/2.1.1/src/rp2_common/hardware_sync_spin_lock/sync_spin_lock.c.obj
 .comment       0x00000045       0x46 CMakeFiles/Framethrower_Denise.dir/C_/Users/claud/.pico-sdk/sdk/2.1.1/src/rp2_common/hardware_irq/irq.c.obj
 .comment       0x00000045       0x46 CMakeFiles/Framethrower_Denise.dir/C_/Users/claud/.pico-sdk/sdk/2.1.1/src/common/pico_sync/lock_core.c.obj
 .comment       0x00000045       0x46 CMakeFiles/Framethrower_Denise.dir/C_/Users/claud/.pico-sdk/sdk/2.1.1/src/common/pico_sync/mutex.c.obj
 .comment       0x00000045       0x46 CMakeFiles/Framethrower_Denise.dir/C_/Users/claud/.pico-sdk/sdk/2.1.1/src/common/pico_time/time.c.obj
 .comment       0x00000045       0x46 CMakeFiles/Framethrower_Denise.dir/C_/Users/claud/.pico-sdk/sdk/2.1.1/src/rp2_common/hardware_timer/timer.c.obj
 .comment       0x00000045       0x46 CMakeFiles/Framethrower_Denise.dir/C_/Users/claud/.pico-sdk/sdk/2.1.1/src/rp2_common/hardware_clocks/clocks.c.obj
 .comment       0x00000045       0x46 CMakeFiles/Framethrower_Denise.dir/C_/Users/claud/.pico-sdk/sdk/2.1.1/src/rp2_common/hardware_pll/pll.c.obj
 .comment       0x00000045       0x46 CMakeFiles/Framethrower_Denise.dir/C_/Users/claud/.pico-sdk/sdk/2.1.1/src/rp2_common/hardware_ticks/ticks.c.obj
 .comment       0x00000045       0x46 CMakeFiles/Framethrower_Denise.dir/C_/Users/claud/.pico-sdk/sdk/2.1.1/src/rp2_common/pico_bootrom/bootrom.c.obj
 .comment       0x00000045       0x46 CMakeFiles/Framethrower_Denise.dir/C_/Users/claud/.pico-sdk/sdk/2.1.1/src/rp2_common/pico_bootrom/bootrom_lock.c.obj
 .comment       0x00000045       0x46 CMakeFiles/Framethrower_Denise.dir/C_/Users/claud/.pico-sdk/sdk/2.1.1/src/rp2_common/hardware_boot_lock/boot_lock.c.obj
 .comment       0x00000045       0x46 CMakeFiles/Framethrower_Denise.dir/C_/Users/claud/.pico-sdk/sdk/2.1.1/src/rp2_common/hardware_xosc/xosc.c.obj
 .comment       0x00000045       0x46 CMakeFiles/Framethrower_Denise.dir/C_/Users/claud/.pico-sdk/sdk/2.1.1/src/rp2_common/pico_runtime/runtime.c.obj
 .comment       0x00000045       0x46 CMakeFiles/Framethrower_Denise.dir/C_/Users/claud/.pico-sdk/sdk/2.1.1/src/rp2_common/pico_runtime_init/runtime_init.c.obj
 .comment       0x00000045       0x46 CMakeFiles/Framethrower_Denise.dir/C_/Users/claud/.pico-sdk/sdk/2.1.1/src/rp2_common/pico_runtime_init/runtime_init_clocks.c.obj
 .comment       0x00000045       0x46 CMakeFiles/Framethrower_Denise.dir/C_/Users/claud/.pico-sdk/sdk/2.1.1/src/rp2_common/pico_malloc/malloc.c.obj
 .comment       0x00000045       0x46 CMakeFiles/Framethrower_Denise.dir/C_/Users/claud/.pico-sdk/sdk/2.1.1/src/rp2_common/pico_standard_binary_info/standard_binary_info.c.obj
 .comment       0x00000045       0x46 CMakeFiles/Framethrower_Denise.dir/C_/Users/claud/.pico-sdk/sdk/2.1.1/src/rp2_common/pico_printf/printf.c.obj
 .comment       0x00000045       0x46 CMakeFiles/Framethrower_Denise.dir/C_/Users/claud/.pico-sdk/sdk/2.1.1/src/rp2_common/pico_clib_interface/newlib_interface.c.obj
 .comment       0x00000045       0x46 CMakeFiles/Framethrower_Denise.dir/C_/Users/claud/.pico-sdk/sdk/2.1.1/src/rp2_common/pico_stdio/stdio.c.obj
 .comment       0x00000045       0x46 CMakeFiles/Framethrower_Denise.dir/C_/Users/claud/.pico-sdk/sdk/2.1.1/src/rp2_common/hardware_pio/pio.c.obj
 .comment       0x00000045       0x46 CMakeFiles/Framethrower_Denise.dir/C_/Users/claud/.pico-sdk/sdk/2.1.1/src/rp2_common/pico_multicore/multicore.c.obj

.debug_info     0x00000000    0x2a95d
 .debug_info    0x00000000     0x30c3 CMakeFiles/Framethrower_Denise.dir/Framethrower_Denise.c.obj
 .debug_info    0x000030c3     0x2c62 CMakeFiles/Framethrower_Denise.dir/mipi.c.obj
 .debug_info    0x00005d25     0x1d8b CMakeFiles/Framethrower_Denise.dir/fifo.c.obj
 .debug_info    0x00007ab0     0x2446 CMakeFiles/Framethrower_Denise.dir/C_/Users/claud/.pico-sdk/sdk/2.1.1/src/rp2_common/hardware_gpio/gpio.c.obj
 .debug_info    0x00009ef6      0x1be CMakeFiles/Framethrower_Denise.dir/C_/Users/claud/.pico-sdk/sdk/2.1.1/src/rp2_common/pico_platform_panic/panic.c.obj
 .debug_info    0x0000a0b4      0xb78 CMakeFiles/Framethrower_Denise.dir/C_/Users/claud/.pico-sdk/sdk/2.1.1/src/common/hardware_claim/claim.c.obj
 .debug_info    0x0000ac2c      0x46f CMakeFiles/Framethrower_Denise.dir/C_/Users/claud/.pico-sdk/sdk/2.1.1/src/rp2_common/hardware_sync/sync.c.obj
 .debug_info    0x0000b09b     0x145e CMakeFiles/Framethrower_Denise.dir/C_/Users/claud/.pico-sdk/sdk/2.1.1/src/rp2_common/hardware_sync_spin_lock/sync_spin_lock.c.obj
 .debug_info    0x0000c4f9     0x260d CMakeFiles/Framethrower_Denise.dir/C_/Users/claud/.pico-sdk/sdk/2.1.1/src/rp2_common/hardware_irq/irq.c.obj
 .debug_info    0x0000eb06      0x187 CMakeFiles/Framethrower_Denise.dir/C_/Users/claud/.pico-sdk/sdk/2.1.1/src/common/pico_sync/lock_core.c.obj
 .debug_info    0x0000ec8d     0x1e7c CMakeFiles/Framethrower_Denise.dir/C_/Users/claud/.pico-sdk/sdk/2.1.1/src/common/pico_sync/mutex.c.obj
 .debug_info    0x00010b09     0x5487 CMakeFiles/Framethrower_Denise.dir/C_/Users/claud/.pico-sdk/sdk/2.1.1/src/common/pico_time/time.c.obj
 .debug_info    0x00015f90     0x30c6 CMakeFiles/Framethrower_Denise.dir/C_/Users/claud/.pico-sdk/sdk/2.1.1/src/rp2_common/hardware_timer/timer.c.obj
 .debug_info    0x00019056     0x28a2 CMakeFiles/Framethrower_Denise.dir/C_/Users/claud/.pico-sdk/sdk/2.1.1/src/rp2_common/hardware_clocks/clocks.c.obj
 .debug_info    0x0001b8f8      0x507 CMakeFiles/Framethrower_Denise.dir/C_/Users/claud/.pico-sdk/sdk/2.1.1/src/rp2_common/hardware_pll/pll.c.obj
 .debug_info    0x0001bdff      0x26c CMakeFiles/Framethrower_Denise.dir/C_/Users/claud/.pico-sdk/sdk/2.1.1/src/rp2_common/hardware_ticks/ticks.c.obj
 .debug_info    0x0001c06b      0x914 CMakeFiles/Framethrower_Denise.dir/C_/Users/claud/.pico-sdk/sdk/2.1.1/src/rp2_common/pico_bootrom/bootrom.c.obj
 .debug_info    0x0001c97f      0x1c4 CMakeFiles/Framethrower_Denise.dir/C_/Users/claud/.pico-sdk/sdk/2.1.1/src/rp2_common/pico_bootrom/bootrom_lock.c.obj
 .debug_info    0x0001cb43      0x316 CMakeFiles/Framethrower_Denise.dir/C_/Users/claud/.pico-sdk/sdk/2.1.1/src/rp2_common/hardware_boot_lock/boot_lock.c.obj
 .debug_info    0x0001ce59      0x1b1 CMakeFiles/Framethrower_Denise.dir/C_/Users/claud/.pico-sdk/sdk/2.1.1/src/rp2_common/hardware_xosc/xosc.c.obj
 .debug_info    0x0001d00a      0x21a CMakeFiles/Framethrower_Denise.dir/C_/Users/claud/.pico-sdk/sdk/2.1.1/src/rp2_common/pico_runtime/runtime.c.obj
 .debug_info    0x0001d224     0x1bcd CMakeFiles/Framethrower_Denise.dir/C_/Users/claud/.pico-sdk/sdk/2.1.1/src/rp2_common/pico_runtime_init/runtime_init.c.obj
 .debug_info    0x0001edf1      0x7c7 CMakeFiles/Framethrower_Denise.dir/C_/Users/claud/.pico-sdk/sdk/2.1.1/src/rp2_common/pico_runtime_init/runtime_init_clocks.c.obj
 .debug_info    0x0001f5b8      0x6c1 CMakeFiles/Framethrower_Denise.dir/C_/Users/claud/.pico-sdk/sdk/2.1.1/src/rp2_common/pico_malloc/malloc.c.obj
 .debug_info    0x0001fc79      0x2e2 CMakeFiles/Framethrower_Denise.dir/C_/Users/claud/.pico-sdk/sdk/2.1.1/src/rp2_common/pico_standard_binary_info/standard_binary_info.c.obj
 .debug_info    0x0001ff5b     0x22ff CMakeFiles/Framethrower_Denise.dir/C_/Users/claud/.pico-sdk/sdk/2.1.1/src/rp2_common/pico_printf/printf.c.obj
 .debug_info    0x0002225a       0x23 CMakeFiles/Framethrower_Denise.dir/C_/Users/claud/.pico-sdk/sdk/2.1.1/src/rp2_common/pico_crt0/crt0.S.obj
 .debug_info    0x0002227d      0xbdf CMakeFiles/Framethrower_Denise.dir/C_/Users/claud/.pico-sdk/sdk/2.1.1/src/rp2_common/pico_clib_interface/newlib_interface.c.obj
 .debug_info    0x00022e5c     0x1c24 CMakeFiles/Framethrower_Denise.dir/C_/Users/claud/.pico-sdk/sdk/2.1.1/src/rp2_common/pico_stdio/stdio.c.obj
 .debug_info    0x00024a80     0x3636 CMakeFiles/Framethrower_Denise.dir/C_/Users/claud/.pico-sdk/sdk/2.1.1/src/rp2_common/hardware_pio/pio.c.obj
 .debug_info    0x000280b6     0x28a7 CMakeFiles/Framethrower_Denise.dir/C_/Users/claud/.pico-sdk/sdk/2.1.1/src/rp2_common/pico_multicore/multicore.c.obj

.debug_abbrev   0x00000000     0x68da
 .debug_abbrev  0x00000000      0x640 CMakeFiles/Framethrower_Denise.dir/Framethrower_Denise.c.obj
 .debug_abbrev  0x00000640      0x489 CMakeFiles/Framethrower_Denise.dir/mipi.c.obj
 .debug_abbrev  0x00000ac9      0x436 CMakeFiles/Framethrower_Denise.dir/fifo.c.obj
 .debug_abbrev  0x00000eff      0x56d CMakeFiles/Framethrower_Denise.dir/C_/Users/claud/.pico-sdk/sdk/2.1.1/src/rp2_common/hardware_gpio/gpio.c.obj
 .debug_abbrev  0x0000146c      0x12b CMakeFiles/Framethrower_Denise.dir/C_/Users/claud/.pico-sdk/sdk/2.1.1/src/rp2_common/pico_platform_panic/panic.c.obj
 .debug_abbrev  0x00001597      0x35e CMakeFiles/Framethrower_Denise.dir/C_/Users/claud/.pico-sdk/sdk/2.1.1/src/common/hardware_claim/claim.c.obj
 .debug_abbrev  0x000018f5      0x22f CMakeFiles/Framethrower_Denise.dir/C_/Users/claud/.pico-sdk/sdk/2.1.1/src/rp2_common/hardware_sync/sync.c.obj
 .debug_abbrev  0x00001b24      0x26e CMakeFiles/Framethrower_Denise.dir/C_/Users/claud/.pico-sdk/sdk/2.1.1/src/rp2_common/hardware_sync_spin_lock/sync_spin_lock.c.obj
 .debug_abbrev  0x00001d92      0x644 CMakeFiles/Framethrower_Denise.dir/C_/Users/claud/.pico-sdk/sdk/2.1.1/src/rp2_common/hardware_irq/irq.c.obj
 .debug_abbrev  0x000023d6      0x11e CMakeFiles/Framethrower_Denise.dir/C_/Users/claud/.pico-sdk/sdk/2.1.1/src/common/pico_sync/lock_core.c.obj
 .debug_abbrev  0x000024f4      0x49b CMakeFiles/Framethrower_Denise.dir/C_/Users/claud/.pico-sdk/sdk/2.1.1/src/common/pico_sync/mutex.c.obj
 .debug_abbrev  0x0000298f      0x644 CMakeFiles/Framethrower_Denise.dir/C_/Users/claud/.pico-sdk/sdk/2.1.1/src/common/pico_time/time.c.obj
 .debug_abbrev  0x00002fd3      0x4f9 CMakeFiles/Framethrower_Denise.dir/C_/Users/claud/.pico-sdk/sdk/2.1.1/src/rp2_common/hardware_timer/timer.c.obj
 .debug_abbrev  0x000034cc      0x4f0 CMakeFiles/Framethrower_Denise.dir/C_/Users/claud/.pico-sdk/sdk/2.1.1/src/rp2_common/hardware_clocks/clocks.c.obj
 .debug_abbrev  0x000039bc      0x1a8 CMakeFiles/Framethrower_Denise.dir/C_/Users/claud/.pico-sdk/sdk/2.1.1/src/rp2_common/hardware_pll/pll.c.obj
 .debug_abbrev  0x00003b64      0x146 CMakeFiles/Framethrower_Denise.dir/C_/Users/claud/.pico-sdk/sdk/2.1.1/src/rp2_common/hardware_ticks/ticks.c.obj
 .debug_abbrev  0x00003caa      0x36d CMakeFiles/Framethrower_Denise.dir/C_/Users/claud/.pico-sdk/sdk/2.1.1/src/rp2_common/pico_bootrom/bootrom.c.obj
 .debug_abbrev  0x00004017       0xfb CMakeFiles/Framethrower_Denise.dir/C_/Users/claud/.pico-sdk/sdk/2.1.1/src/rp2_common/pico_bootrom/bootrom_lock.c.obj
 .debug_abbrev  0x00004112      0x1de CMakeFiles/Framethrower_Denise.dir/C_/Users/claud/.pico-sdk/sdk/2.1.1/src/rp2_common/hardware_boot_lock/boot_lock.c.obj
 .debug_abbrev  0x000042f0      0x109 CMakeFiles/Framethrower_Denise.dir/C_/Users/claud/.pico-sdk/sdk/2.1.1/src/rp2_common/hardware_xosc/xosc.c.obj
 .debug_abbrev  0x000043f9      0x182 CMakeFiles/Framethrower_Denise.dir/C_/Users/claud/.pico-sdk/sdk/2.1.1/src/rp2_common/pico_runtime/runtime.c.obj
 .debug_abbrev  0x0000457b      0x2dd CMakeFiles/Framethrower_Denise.dir/C_/Users/claud/.pico-sdk/sdk/2.1.1/src/rp2_common/pico_runtime_init/runtime_init.c.obj
 .debug_abbrev  0x00004858      0x2b8 CMakeFiles/Framethrower_Denise.dir/C_/Users/claud/.pico-sdk/sdk/2.1.1/src/rp2_common/pico_runtime_init/runtime_init_clocks.c.obj
 .debug_abbrev  0x00004b10      0x21d CMakeFiles/Framethrower_Denise.dir/C_/Users/claud/.pico-sdk/sdk/2.1.1/src/rp2_common/pico_malloc/malloc.c.obj
 .debug_abbrev  0x00004d2d       0xb8 CMakeFiles/Framethrower_Denise.dir/C_/Users/claud/.pico-sdk/sdk/2.1.1/src/rp2_common/pico_standard_binary_info/standard_binary_info.c.obj
 .debug_abbrev  0x00004de5      0x505 CMakeFiles/Framethrower_Denise.dir/C_/Users/claud/.pico-sdk/sdk/2.1.1/src/rp2_common/pico_printf/printf.c.obj
 .debug_abbrev  0x000052ea       0x12 CMakeFiles/Framethrower_Denise.dir/C_/Users/claud/.pico-sdk/sdk/2.1.1/src/rp2_common/pico_crt0/crt0.S.obj
 .debug_abbrev  0x000052fc      0x375 CMakeFiles/Framethrower_Denise.dir/C_/Users/claud/.pico-sdk/sdk/2.1.1/src/rp2_common/pico_clib_interface/newlib_interface.c.obj
 .debug_abbrev  0x00005671      0x5fd CMakeFiles/Framethrower_Denise.dir/C_/Users/claud/.pico-sdk/sdk/2.1.1/src/rp2_common/pico_stdio/stdio.c.obj
 .debug_abbrev  0x00005c6e      0x58a CMakeFiles/Framethrower_Denise.dir/C_/Users/claud/.pico-sdk/sdk/2.1.1/src/rp2_common/hardware_pio/pio.c.obj
 .debug_abbrev  0x000061f8      0x6e2 CMakeFiles/Framethrower_Denise.dir/C_/Users/claud/.pico-sdk/sdk/2.1.1/src/rp2_common/pico_multicore/multicore.c.obj

.debug_loclists
                0x00000000    0x14465
 .debug_loclists
                0x00000000      0xf82 CMakeFiles/Framethrower_Denise.dir/Framethrower_Denise.c.obj
 .debug_loclists
                0x00000f82      0xa25 CMakeFiles/Framethrower_Denise.dir/mipi.c.obj
 .debug_loclists
                0x000019a7      0xd99 CMakeFiles/Framethrower_Denise.dir/fifo.c.obj
 .debug_loclists
                0x00002740     0x180f CMakeFiles/Framethrower_Denise.dir/C_/Users/claud/.pico-sdk/sdk/2.1.1/src/rp2_common/hardware_gpio/gpio.c.obj
 .debug_loclists
                0x00003f4f      0x42d CMakeFiles/Framethrower_Denise.dir/C_/Users/claud/.pico-sdk/sdk/2.1.1/src/common/hardware_claim/claim.c.obj
 .debug_loclists
                0x0000437c      0x132 CMakeFiles/Framethrower_Denise.dir/C_/Users/claud/.pico-sdk/sdk/2.1.1/src/rp2_common/hardware_sync/sync.c.obj
 .debug_loclists
                0x000044ae       0xa2 CMakeFiles/Framethrower_Denise.dir/C_/Users/claud/.pico-sdk/sdk/2.1.1/src/rp2_common/hardware_sync_spin_lock/sync_spin_lock.c.obj
 .debug_loclists
                0x00004550     0x1034 CMakeFiles/Framethrower_Denise.dir/C_/Users/claud/.pico-sdk/sdk/2.1.1/src/rp2_common/hardware_irq/irq.c.obj
 .debug_loclists
                0x00005584       0x17 CMakeFiles/Framethrower_Denise.dir/C_/Users/claud/.pico-sdk/sdk/2.1.1/src/common/pico_sync/lock_core.c.obj
 .debug_loclists
                0x0000559b      0xae7 CMakeFiles/Framethrower_Denise.dir/C_/Users/claud/.pico-sdk/sdk/2.1.1/src/common/pico_sync/mutex.c.obj
 .debug_loclists
                0x00006082     0x2c57 CMakeFiles/Framethrower_Denise.dir/C_/Users/claud/.pico-sdk/sdk/2.1.1/src/common/pico_time/time.c.obj
 .debug_loclists
                0x00008cd9     0x1a3f CMakeFiles/Framethrower_Denise.dir/C_/Users/claud/.pico-sdk/sdk/2.1.1/src/rp2_common/hardware_timer/timer.c.obj
 .debug_loclists
                0x0000a718     0x204d CMakeFiles/Framethrower_Denise.dir/C_/Users/claud/.pico-sdk/sdk/2.1.1/src/rp2_common/hardware_clocks/clocks.c.obj
 .debug_loclists
                0x0000c765      0x1b7 CMakeFiles/Framethrower_Denise.dir/C_/Users/claud/.pico-sdk/sdk/2.1.1/src/rp2_common/hardware_pll/pll.c.obj
 .debug_loclists
                0x0000c91c       0x8b CMakeFiles/Framethrower_Denise.dir/C_/Users/claud/.pico-sdk/sdk/2.1.1/src/rp2_common/hardware_ticks/ticks.c.obj
 .debug_loclists
                0x0000c9a7      0x49b CMakeFiles/Framethrower_Denise.dir/C_/Users/claud/.pico-sdk/sdk/2.1.1/src/rp2_common/pico_bootrom/bootrom.c.obj
 .debug_loclists
                0x0000ce42       0x28 CMakeFiles/Framethrower_Denise.dir/C_/Users/claud/.pico-sdk/sdk/2.1.1/src/rp2_common/pico_bootrom/bootrom_lock.c.obj
 .debug_loclists
                0x0000ce6a       0x78 CMakeFiles/Framethrower_Denise.dir/C_/Users/claud/.pico-sdk/sdk/2.1.1/src/rp2_common/hardware_boot_lock/boot_lock.c.obj
 .debug_loclists
                0x0000cee2       0x48 CMakeFiles/Framethrower_Denise.dir/C_/Users/claud/.pico-sdk/sdk/2.1.1/src/rp2_common/hardware_xosc/xosc.c.obj
 .debug_loclists
                0x0000cf2a       0x7e CMakeFiles/Framethrower_Denise.dir/C_/Users/claud/.pico-sdk/sdk/2.1.1/src/rp2_common/pico_runtime/runtime.c.obj
 .debug_loclists
                0x0000cfa8      0x10a CMakeFiles/Framethrower_Denise.dir/C_/Users/claud/.pico-sdk/sdk/2.1.1/src/rp2_common/pico_runtime_init/runtime_init.c.obj
 .debug_loclists
                0x0000d0b2       0x74 CMakeFiles/Framethrower_Denise.dir/C_/Users/claud/.pico-sdk/sdk/2.1.1/src/rp2_common/pico_runtime_init/runtime_init_clocks.c.obj
 .debug_loclists
                0x0000d126      0x1d0 CMakeFiles/Framethrower_Denise.dir/C_/Users/claud/.pico-sdk/sdk/2.1.1/src/rp2_common/pico_malloc/malloc.c.obj
 .debug_loclists
                0x0000d2f6     0x2e21 CMakeFiles/Framethrower_Denise.dir/C_/Users/claud/.pico-sdk/sdk/2.1.1/src/rp2_common/pico_printf/printf.c.obj
 .debug_loclists
                0x00010117      0x408 CMakeFiles/Framethrower_Denise.dir/C_/Users/claud/.pico-sdk/sdk/2.1.1/src/rp2_common/pico_clib_interface/newlib_interface.c.obj
 .debug_loclists
                0x0001051f      0xb26 CMakeFiles/Framethrower_Denise.dir/C_/Users/claud/.pico-sdk/sdk/2.1.1/src/rp2_common/pico_stdio/stdio.c.obj
 .debug_loclists
                0x00011045     0x200c CMakeFiles/Framethrower_Denise.dir/C_/Users/claud/.pico-sdk/sdk/2.1.1/src/rp2_common/hardware_pio/pio.c.obj
 .debug_loclists
                0x00013051     0x1414 CMakeFiles/Framethrower_Denise.dir/C_/Users/claud/.pico-sdk/sdk/2.1.1/src/rp2_common/pico_multicore/multicore.c.obj

.debug_aranges  0x00000000      0xcf0
 .debug_aranges
                0x00000000       0x58 CMakeFiles/Framethrower_Denise.dir/Framethrower_Denise.c.obj
 .debug_aranges
                0x00000058       0x50 CMakeFiles/Framethrower_Denise.dir/mipi.c.obj
 .debug_aranges
                0x000000a8       0x80 CMakeFiles/Framethrower_Denise.dir/fifo.c.obj
 .debug_aranges
                0x00000128      0x120 CMakeFiles/Framethrower_Denise.dir/C_/Users/claud/.pico-sdk/sdk/2.1.1/src/rp2_common/hardware_gpio/gpio.c.obj
 .debug_aranges
                0x00000248       0x28 CMakeFiles/Framethrower_Denise.dir/C_/Users/claud/.pico-sdk/sdk/2.1.1/src/rp2_common/pico_platform_panic/panic.c.obj
 .debug_aranges
                0x00000270       0x48 CMakeFiles/Framethrower_Denise.dir/C_/Users/claud/.pico-sdk/sdk/2.1.1/src/common/hardware_claim/claim.c.obj
 .debug_aranges
                0x000002b8       0x48 CMakeFiles/Framethrower_Denise.dir/C_/Users/claud/.pico-sdk/sdk/2.1.1/src/rp2_common/hardware_sync/sync.c.obj
 .debug_aranges
                0x00000300       0x30 CMakeFiles/Framethrower_Denise.dir/C_/Users/claud/.pico-sdk/sdk/2.1.1/src/rp2_common/hardware_sync_spin_lock/sync_spin_lock.c.obj
 .debug_aranges
                0x00000330       0xb8 CMakeFiles/Framethrower_Denise.dir/C_/Users/claud/.pico-sdk/sdk/2.1.1/src/rp2_common/hardware_irq/irq.c.obj
 .debug_aranges
                0x000003e8       0x20 CMakeFiles/Framethrower_Denise.dir/C_/Users/claud/.pico-sdk/sdk/2.1.1/src/common/pico_sync/lock_core.c.obj
 .debug_aranges
                0x00000408       0x98 CMakeFiles/Framethrower_Denise.dir/C_/Users/claud/.pico-sdk/sdk/2.1.1/src/common/pico_sync/mutex.c.obj
 .debug_aranges
                0x000004a0       0xe0 CMakeFiles/Framethrower_Denise.dir/C_/Users/claud/.pico-sdk/sdk/2.1.1/src/common/pico_time/time.c.obj
 .debug_aranges
                0x00000580       0xf0 CMakeFiles/Framethrower_Denise.dir/C_/Users/claud/.pico-sdk/sdk/2.1.1/src/rp2_common/hardware_timer/timer.c.obj
 .debug_aranges
                0x00000670       0x90 CMakeFiles/Framethrower_Denise.dir/C_/Users/claud/.pico-sdk/sdk/2.1.1/src/rp2_common/hardware_clocks/clocks.c.obj
 .debug_aranges
                0x00000700       0x28 CMakeFiles/Framethrower_Denise.dir/C_/Users/claud/.pico-sdk/sdk/2.1.1/src/rp2_common/hardware_pll/pll.c.obj
 .debug_aranges
                0x00000728       0x30 CMakeFiles/Framethrower_Denise.dir/C_/Users/claud/.pico-sdk/sdk/2.1.1/src/rp2_common/hardware_ticks/ticks.c.obj
 .debug_aranges
                0x00000758       0x58 CMakeFiles/Framethrower_Denise.dir/C_/Users/claud/.pico-sdk/sdk/2.1.1/src/rp2_common/pico_bootrom/bootrom.c.obj
 .debug_aranges
                0x000007b0       0x20 CMakeFiles/Framethrower_Denise.dir/C_/Users/claud/.pico-sdk/sdk/2.1.1/src/rp2_common/pico_bootrom/bootrom_lock.c.obj
 .debug_aranges
                0x000007d0       0x30 CMakeFiles/Framethrower_Denise.dir/C_/Users/claud/.pico-sdk/sdk/2.1.1/src/rp2_common/hardware_boot_lock/boot_lock.c.obj
 .debug_aranges
                0x00000800       0x30 CMakeFiles/Framethrower_Denise.dir/C_/Users/claud/.pico-sdk/sdk/2.1.1/src/rp2_common/hardware_xosc/xosc.c.obj
 .debug_aranges
                0x00000830       0x38 CMakeFiles/Framethrower_Denise.dir/C_/Users/claud/.pico-sdk/sdk/2.1.1/src/rp2_common/pico_runtime/runtime.c.obj
 .debug_aranges
                0x00000868       0x58 CMakeFiles/Framethrower_Denise.dir/C_/Users/claud/.pico-sdk/sdk/2.1.1/src/rp2_common/pico_runtime_init/runtime_init.c.obj
 .debug_aranges
                0x000008c0       0x20 CMakeFiles/Framethrower_Denise.dir/C_/Users/claud/.pico-sdk/sdk/2.1.1/src/rp2_common/pico_runtime_init/runtime_init_clocks.c.obj
 .debug_aranges
                0x000008e0       0x38 CMakeFiles/Framethrower_Denise.dir/C_/Users/claud/.pico-sdk/sdk/2.1.1/src/rp2_common/pico_malloc/malloc.c.obj
 .debug_aranges
                0x00000918       0x18 CMakeFiles/Framethrower_Denise.dir/C_/Users/claud/.pico-sdk/sdk/2.1.1/src/rp2_common/pico_standard_binary_info/standard_binary_info.c.obj
 .debug_aranges
                0x00000930       0x90 CMakeFiles/Framethrower_Denise.dir/C_/Users/claud/.pico-sdk/sdk/2.1.1/src/rp2_common/pico_printf/printf.c.obj
 .debug_aranges
                0x000009c0       0x28 CMakeFiles/Framethrower_Denise.dir/C_/Users/claud/.pico-sdk/sdk/2.1.1/src/rp2_common/pico_crt0/crt0.S.obj
 .debug_aranges
                0x000009e8       0xa0 CMakeFiles/Framethrower_Denise.dir/C_/Users/claud/.pico-sdk/sdk/2.1.1/src/rp2_common/pico_clib_interface/newlib_interface.c.obj
 .debug_aranges
                0x00000a88       0xc8 CMakeFiles/Framethrower_Denise.dir/C_/Users/claud/.pico-sdk/sdk/2.1.1/src/rp2_common/pico_stdio/stdio.c.obj
 .debug_aranges
                0x00000b50       0xd8 CMakeFiles/Framethrower_Denise.dir/C_/Users/claud/.pico-sdk/sdk/2.1.1/src/rp2_common/hardware_pio/pio.c.obj
 .debug_aranges
                0x00000c28       0xc8 CMakeFiles/Framethrower_Denise.dir/C_/Users/claud/.pico-sdk/sdk/2.1.1/src/rp2_common/pico_multicore/multicore.c.obj

.debug_rnglists
                0x00000000     0x3ce9
 .debug_rnglists
                0x00000000      0x380 CMakeFiles/Framethrower_Denise.dir/Framethrower_Denise.c.obj
 .debug_rnglists
                0x00000380      0x13f CMakeFiles/Framethrower_Denise.dir/mipi.c.obj
 .debug_rnglists
                0x000004bf      0x27f CMakeFiles/Framethrower_Denise.dir/fifo.c.obj
 .debug_rnglists
                0x0000073e      0x62c CMakeFiles/Framethrower_Denise.dir/C_/Users/claud/.pico-sdk/sdk/2.1.1/src/rp2_common/hardware_gpio/gpio.c.obj
 .debug_rnglists
                0x00000d6a       0x19 CMakeFiles/Framethrower_Denise.dir/C_/Users/claud/.pico-sdk/sdk/2.1.1/src/rp2_common/pico_platform_panic/panic.c.obj
 .debug_rnglists
                0x00000d83       0xf2 CMakeFiles/Framethrower_Denise.dir/C_/Users/claud/.pico-sdk/sdk/2.1.1/src/common/hardware_claim/claim.c.obj
 .debug_rnglists
                0x00000e75       0x5b CMakeFiles/Framethrower_Denise.dir/C_/Users/claud/.pico-sdk/sdk/2.1.1/src/rp2_common/hardware_sync/sync.c.obj
 .debug_rnglists
                0x00000ed0       0x43 CMakeFiles/Framethrower_Denise.dir/C_/Users/claud/.pico-sdk/sdk/2.1.1/src/rp2_common/hardware_sync_spin_lock/sync_spin_lock.c.obj
 .debug_rnglists
                0x00000f13      0x3e4 CMakeFiles/Framethrower_Denise.dir/C_/Users/claud/.pico-sdk/sdk/2.1.1/src/rp2_common/hardware_irq/irq.c.obj
 .debug_rnglists
                0x000012f7       0x13 CMakeFiles/Framethrower_Denise.dir/C_/Users/claud/.pico-sdk/sdk/2.1.1/src/common/pico_sync/lock_core.c.obj
 .debug_rnglists
                0x0000130a      0x2ac CMakeFiles/Framethrower_Denise.dir/C_/Users/claud/.pico-sdk/sdk/2.1.1/src/common/pico_sync/mutex.c.obj
 .debug_rnglists
                0x000015b6      0x843 CMakeFiles/Framethrower_Denise.dir/C_/Users/claud/.pico-sdk/sdk/2.1.1/src/common/pico_time/time.c.obj
 .debug_rnglists
                0x00001df9      0x481 CMakeFiles/Framethrower_Denise.dir/C_/Users/claud/.pico-sdk/sdk/2.1.1/src/rp2_common/hardware_timer/timer.c.obj
 .debug_rnglists
                0x0000227a      0x610 CMakeFiles/Framethrower_Denise.dir/C_/Users/claud/.pico-sdk/sdk/2.1.1/src/rp2_common/hardware_clocks/clocks.c.obj
 .debug_rnglists
                0x0000288a       0x59 CMakeFiles/Framethrower_Denise.dir/C_/Users/claud/.pico-sdk/sdk/2.1.1/src/rp2_common/hardware_pll/pll.c.obj
 .debug_rnglists
                0x000028e3       0x2b CMakeFiles/Framethrower_Denise.dir/C_/Users/claud/.pico-sdk/sdk/2.1.1/src/rp2_common/hardware_ticks/ticks.c.obj
 .debug_rnglists
                0x0000290e       0x9d CMakeFiles/Framethrower_Denise.dir/C_/Users/claud/.pico-sdk/sdk/2.1.1/src/rp2_common/pico_bootrom/bootrom.c.obj
 .debug_rnglists
                0x000029ab       0x13 CMakeFiles/Framethrower_Denise.dir/C_/Users/claud/.pico-sdk/sdk/2.1.1/src/rp2_common/pico_bootrom/bootrom_lock.c.obj
 .debug_rnglists
                0x000029be       0x4f CMakeFiles/Framethrower_Denise.dir/C_/Users/claud/.pico-sdk/sdk/2.1.1/src/rp2_common/hardware_boot_lock/boot_lock.c.obj
 .debug_rnglists
                0x00002a0d       0x2b CMakeFiles/Framethrower_Denise.dir/C_/Users/claud/.pico-sdk/sdk/2.1.1/src/rp2_common/hardware_xosc/xosc.c.obj
 .debug_rnglists
                0x00002a38       0x3d CMakeFiles/Framethrower_Denise.dir/C_/Users/claud/.pico-sdk/sdk/2.1.1/src/rp2_common/pico_runtime/runtime.c.obj
 .debug_rnglists
                0x00002a75       0x70 CMakeFiles/Framethrower_Denise.dir/C_/Users/claud/.pico-sdk/sdk/2.1.1/src/rp2_common/pico_runtime_init/runtime_init.c.obj
 .debug_rnglists
                0x00002ae5       0x2c CMakeFiles/Framethrower_Denise.dir/C_/Users/claud/.pico-sdk/sdk/2.1.1/src/rp2_common/pico_runtime_init/runtime_init_clocks.c.obj
 .debug_rnglists
                0x00002b11       0x49 CMakeFiles/Framethrower_Denise.dir/C_/Users/claud/.pico-sdk/sdk/2.1.1/src/rp2_common/pico_malloc/malloc.c.obj
 .debug_rnglists
                0x00002b5a      0x2fd CMakeFiles/Framethrower_Denise.dir/C_/Users/claud/.pico-sdk/sdk/2.1.1/src/rp2_common/pico_printf/printf.c.obj
 .debug_rnglists
                0x00002e57       0x1b CMakeFiles/Framethrower_Denise.dir/C_/Users/claud/.pico-sdk/sdk/2.1.1/src/rp2_common/pico_crt0/crt0.S.obj
 .debug_rnglists
                0x00002e72       0xaf CMakeFiles/Framethrower_Denise.dir/C_/Users/claud/.pico-sdk/sdk/2.1.1/src/rp2_common/pico_clib_interface/newlib_interface.c.obj
 .debug_rnglists