Archive member included to satisfy reference by file (symbol)

C:/Users/claud/.pico-sdk/toolchain/14_2_Rel1/bin/../lib/gcc/arm-none-eabi/14.2.1/thumb/v8-m.main+fp/softfp\libm.a(libm_a-wf_sqrt.o)
                              CMakeFiles/Framethrower_Denise.dir/C_/Users/claud/.pico-sdk/sdk/2.1.1/src/rp2_common/pico_float/float_math.c.obj (sqrtf)
C:/Users/claud/.pico-sdk/toolchain/14_2_Rel1/bin/../lib/gcc/arm-none-eabi/14.2.1/thumb/v8-m.main+fp/softfp\libm.a(libm_a-ef_sqrt.o)
                              C:/Users/claud/.pico-sdk/toolchain/14_2_Rel1/bin/../lib/gcc/arm-none-eabi/14.2.1/thumb/v8-m.main+fp/softfp\libm.a(libm_a-wf_sqrt.o) (__ieee754_sqrtf)
C:/Users/claud/.pico-sdk/toolchain/14_2_Rel1/bin/../lib/gcc/arm-none-eabi/14.2.1/thumb/v8-m.main+fp/softfp\libgcc.a(_arm_addsubdf3.o)
                              CMakeFiles/Framethrower_Denise.dir/C_/Users/claud/.pico-sdk/sdk/2.1.1/src/rp2_common/pico_float/float_math.c.obj (__aeabi_f2d)
C:/Users/claud/.pico-sdk/toolchain/14_2_Rel1/bin/../lib/gcc/arm-none-eabi/14.2.1/thumb/v8-m.main+fp/softfp\libgcc.a(_aeabi_ldivmod.o)
                              CMakeFiles/Framethrower_Denise.dir/C_/Users/claud/.pico-sdk/sdk/2.1.1/src/common/pico_time/time.c.obj (__aeabi_ldivmod)
C:/Users/claud/.pico-sdk/toolchain/14_2_Rel1/bin/../lib/gcc/arm-none-eabi/14.2.1/thumb/v8-m.main+fp/softfp\libgcc.a(_aeabi_uldivmod.o)
                              CMakeFiles/Framethrower_Denise.dir/C_/Users/claud/.pico-sdk/sdk/2.1.1/src/rp2_common/hardware_clocks/clocks.c.obj (__aeabi_uldivmod)
C:/Users/claud/.pico-sdk/toolchain/14_2_Rel1/bin/../lib/gcc/arm-none-eabi/14.2.1/thumb/v8-m.main+fp/softfp\libgcc.a(_udivmoddi4.o)
                              C:/Users/claud/.pico-sdk/toolchain/14_2_Rel1/bin/../lib/gcc/arm-none-eabi/14.2.1/thumb/v8-m.main+fp/softfp\libgcc.a(_aeabi_ldivmod.o) (__udivmoddi4)
C:/Users/claud/.pico-sdk/toolchain/14_2_Rel1/bin/../lib/gcc/arm-none-eabi/14.2.1/thumb/v8-m.main+fp/softfp\libgcc.a(_dvmd_tls.o)
                              C:/Users/claud/.pico-sdk/toolchain/14_2_Rel1/bin/../lib/gcc/arm-none-eabi/14.2.1/thumb/v8-m.main+fp/softfp\libgcc.a(_aeabi_ldivmod.o) (__aeabi_ldiv0)
C:/Users/claud/.pico-sdk/toolchain/14_2_Rel1/bin/../lib/gcc/arm-none-eabi/14.2.1/thumb/v8-m.main+fp/softfp\libg.a(libc_a-calloc.o)
                              CMakeFiles/Framethrower_Denise.dir/C_/Users/claud/.pico-sdk/sdk/2.1.1/src/rp2_common/pico_malloc/malloc.c.obj (calloc)
C:/Users/claud/.pico-sdk/toolchain/14_2_Rel1/bin/../lib/gcc/arm-none-eabi/14.2.1/thumb/v8-m.main+fp/softfp\libg.a(libc_a-callocr.o)
                              C:/Users/claud/.pico-sdk/toolchain/14_2_Rel1/bin/../lib/gcc/arm-none-eabi/14.2.1/thumb/v8-m.main+fp/softfp\libg.a(libc_a-calloc.o) (_calloc_r)
C:/Users/claud/.pico-sdk/toolchain/14_2_Rel1/bin/../lib/gcc/arm-none-eabi/14.2.1/thumb/v8-m.main+fp/softfp\libg.a(libc_a-malloc.o)
                              CMakeFiles/Framethrower_Denise.dir/C_/Users/claud/.pico-sdk/sdk/2.1.1/src/rp2_common/pico_malloc/malloc.c.obj (malloc)
C:/Users/claud/.pico-sdk/toolchain/14_2_Rel1/bin/../lib/gcc/arm-none-eabi/14.2.1/thumb/v8-m.main+fp/softfp\libg.a(libc_a-mallocr.o)
                              C:/Users/claud/.pico-sdk/toolchain/14_2_Rel1/bin/../lib/gcc/arm-none-eabi/14.2.1/thumb/v8-m.main+fp/softfp\libg.a(libc_a-callocr.o) (_malloc_r)
C:/Users/claud/.pico-sdk/toolchain/14_2_Rel1/bin/../lib/gcc/arm-none-eabi/14.2.1/thumb/v8-m.main+fp/softfp\libg.a(libc_a-mlock.o)
                              C:/Users/claud/.pico-sdk/toolchain/14_2_Rel1/bin/../lib/gcc/arm-none-eabi/14.2.1/thumb/v8-m.main+fp/softfp\libg.a(libc_a-mallocr.o) (__malloc_lock)
C:/Users/claud/.pico-sdk/toolchain/14_2_Rel1/bin/../lib/gcc/arm-none-eabi/14.2.1/thumb/v8-m.main+fp/softfp\libg.a(libc_a-realloc.o)
                              CMakeFiles/Framethrower_Denise.dir/C_/Users/claud/.pico-sdk/sdk/2.1.1/src/rp2_common/pico_malloc/malloc.c.obj (realloc)
C:/Users/claud/.pico-sdk/toolchain/14_2_Rel1/bin/../lib/gcc/arm-none-eabi/14.2.1/thumb/v8-m.main+fp/softfp\libg.a(libc_a-reallocr.o)
                              C:/Users/claud/.pico-sdk/toolchain/14_2_Rel1/bin/../lib/gcc/arm-none-eabi/14.2.1/thumb/v8-m.main+fp/softfp\libg.a(libc_a-realloc.o) (_realloc_r)
C:/Users/claud/.pico-sdk/toolchain/14_2_Rel1/bin/../lib/gcc/arm-none-eabi/14.2.1/thumb/v8-m.main+fp/softfp\libg.a(libc_a-memcmp.o)
                              CMakeFiles/Framethrower_Denise.dir/C_/Users/claud/.pico-sdk/sdk/2.1.1/src/rp2_common/pico_atomic/atomic.c.obj (memcmp)
C:/Users/claud/.pico-sdk/toolchain/14_2_Rel1/bin/../lib/gcc/arm-none-eabi/14.2.1/thumb/v8-m.main+fp/softfp\libg.a(libc_a-memmove.o)
                              C:/Users/claud/.pico-sdk/toolchain/14_2_Rel1/bin/../lib/gcc/arm-none-eabi/14.2.1/thumb/v8-m.main+fp/softfp\libg.a(libc_a-reallocr.o) (memmove)
C:/Users/claud/.pico-sdk/toolchain/14_2_Rel1/bin/../lib/gcc/arm-none-eabi/14.2.1/thumb/v8-m.main+fp/softfp\libg.a(libc_a-memset.o)
[...]
Memory Configuration

Name             Origin             Length             Attributes
FLASH            0x10000000         0x01000000         xr
RAM              0x20000000         0x00080000         xrw
SCRATCH_X        0x20080000         0x00001000         xrw
SCRATCH_Y        0x20081000         0x00001000         xrw
*default*        0x00000000         0xffffffff

Linker script and memory map

LOAD C:/Users/claud/.pico-sdk/toolchain/14_2_Rel1/bin/../lib/gcc/arm-none-eabi/14.2.1/thumb/v8-m.main+fp/softfp/crti.o
LOAD C:/Users/claud/.pico-sdk/toolchain/14_2_Rel1/bin/../lib/gcc/arm-none-eabi/14.2.1/thumb/v8-m.main+fp/softfp/crtbegin.o
LOAD C:/Users/claud/.pico-sdk/toolchain/14_2_Rel1/bin/../lib/gcc/arm-none-eabi/14.2.1/thumb/v8-m.main+fp/softfp/crt0.o

.flash_begin    0x10000000        0x0
                0x10000000                        __flash_binary_start = .

.text           0x10000000     0x3c44
                0x10000000                        __logical_binary_start = .
 *(.vectors)
 .vectors       0x10000000      0x124 CMakeFiles/Framethrower_Denise.dir/C_/Users/claud/.pico-sdk/sdk/2.1.1/src/rp2_common/pico_crt0/crt0.S.obj
                0x10000000                __VECTOR_TABLE
                0x10000000                __vectors
                0x10000110                __default_isrs_start
                0x10000110                isr_invalid
                0x10000112                isr_nmi
                0x10000114                isr_hardfault
                0x10000116                isr_svcall
                0x10000118                isr_pendsv
                0x1000011a                isr_systick
                0x1000011c                isr_irq31
                0x1000011c                isr_irq5
                0x1000011c                isr_irq11
                0x1000011c                isr_irq32
                0x1000011c                isr_irq23
                0x1000011c                isr_irq48
                0x1000011c                isr_irq35
                0x1000011c                isr_irq18
                0x1000011c                isr_irq50
                0x1000011c                isr_irq27
                0x1000011c                isr_irq40
                0x1000011c                isr_irq28
                0x1000011c                isr_irq19
                0x1000011c                isr_irq36
                0x1000011c                isr_irq41
                0x1000011c                isr_irq0
                0x1000011c                isr_irq6
                0x1000011c                isr_irq45
                0x1000011c                isr_irq12
                0x1000011c                isr_irq37
                0x1000011c                isr_irq42
                0x1000011c                isr_irq22
                0x1000011c                isr_irq43
                0x1000011c                isr_irq17
                0x1000011c                isr_irq38
                0x1000011c                isr_irq14
                0x1000011c                isr_irq13
                0x1000011c                isr_irq2
                0x1000011c                isr_irq10
                0x1000011c                isr_irq8
                0x1000011c                isr_irq24
                0x1000011c                isr_irq46
                0x1000011c                isr_irq1
                0x1000011c                isr_irq47
                0x1000011c                isr_irq51
                0x1000011c                isr_irq7
                0x1000011c                isr_irq21
                0x1000011c                isr_irq39
                0x1000011c                isr_irq20
                0x1000011c                isr_irq15
                0x1000011c                isr_irq25
                0x1000011c                isr_irq34
                0x1000011c                isr_irq49
                0x1000011c                __unhandled_user_irq
                0x1000011c                isr_irq4
                0x1000011c                isr_irq16
                0x1000011c                isr_irq44
                0x1000011c                isr_irq29
                0x1000011c                isr_irq26
                0x1000011c                __default_isrs_end
                0x1000011c                isr_irq33
                0x1000011c                isr_irq3
                0x1000011c                isr_irq30
                0x1000011c                isr_irq9
                0x10000122                unhandled_user_irq_num_in_r0
 *(.binary_info_header)
 .binary_info_header
                0x10000124       0x14 CMakeFiles/Framethrower_Denise.dir/C_/Users/claud/.pico-sdk/sdk/2.1.1/src/rp2_common/pico_crt0/crt0.S.obj
                0x10000138                        __binary_info_header_end = .
 *(.embedded_block)
 .embedded_block
                0x10000138       0x14 CMakeFiles/Framethrower_Denise.dir/C_/Users/claud/.pico-sdk/sdk/2.1.1/src/rp2_common/pico_crt0/crt0.S.obj
                0x1000014c                        __embedded_block_end = .
 *(.reset)
 .reset         0x1000014c       0xa0 CMakeFiles/Framethrower_Denise.dir/C_/Users/claud/.pico-sdk/sdk/2.1.1/src/rp2_common/pico_crt0/crt0.S.obj
                0x1000014c                _entry_point
 *(.init)
 .init          0x100001ec        0x4 C:/Users/claud/.pico-sdk/toolchain/14_2_Rel1/bin/../lib/gcc/arm-none-eabi/14.2.1/thumb/v8-m.main+fp/softfp/crti.o
                0x100001ec                _init
 SORT_BY_NAME(REVERSE(*libgcc.a:cmse_nonsecure_call.o))()
 *(EXCLUDE_FILE(*libm.a: *libc.a:*lib_a-mem*.o *libgcc.a:) .text*)
 .text.register_tm_clones
                0x100001f0       0x28 C:/Users/claud/.pico-sdk/toolchain/14_2_Rel1/bin/../lib/gcc/arm-none-eabi/14.2.1/thumb/v8-m.main+fp/softfp/crtbegin.o
 .text.frame_dummy
                0x10000218       0x24 C:/Users/claud/.pico-sdk/toolchain/14_2_Rel1/bin/../lib/gcc/arm-none-eabi/14.2.1/thumb/v8-m.main+fp/softfp/crtbegin.o
 .text.core1_entry
                0x1000023c       0xec CMakeFiles/Framethrower_Denise.dir/Framethrower_Denise.c.obj
                0x1000023c                core1_entry
 .text.setup_vsync_detect_sm
                0x10000328       0xe0 CMakeFiles/Framethrower_Denise.dir/Framethrower_Denise.c.obj
                0x10000328                setup_vsync_detect_sm
 .text.setup_video_capture_sm
                0x10000408       0xd4 CMakeFiles/Framethrower_Denise.dir/Framethrower_Denise.c.obj
                0x10000408                setup_video_capture_sm
 .text.stop_hstx
                0x100004dc      0x254 CMakeFiles/Framethrower_Denise.dir/mipi.c.obj
 .text.start_hstx
                0x10000730      0x28c CMakeFiles/Framethrower_Denise.dir/mipi.c.obj
 .text.channel_config_set_chain_to
                0x100009bc       0x2c CMakeFiles/Framethrower_Denise.dir/mipi.c.obj
 .text.dma_channel_get_default_config
                0x100009e8       0x78 CMakeFiles/Framethrower_Denise.dir/mipi.c.obj
 .text.DMASetup
                0x10000a60       0x54 CMakeFiles/Framethrower_Denise.dir/mipi.c.obj
                0x10000a60                DMASetup
 .text.mipi_init
                0x10000ab4      0x1d0 CMakeFiles/Framethrower_Denise.dir/mipi.c.obj
                0x10000ab4                mipi_init
 .text.channel_config_set_chain_to
                0x10000c84       0x2c CMakeFiles/Framethrower_Denise.dir/fifo.c.obj
 .text.dma_channel_get_default_config
                0x10000cb0       0x78 CMakeFiles/Framethrower_Denise.dir/fifo.c.obj
 .text.gpio_set_function
                0x10000d28       0x38 CMakeFiles/Framethrower_Denise.dir/C_/Users/claud/.pico-sdk/sdk/2.1.1/src/rp2_common/hardware_gpio/gpio.c.obj
                0x10000d28                gpio_set_function
 .text.gpio_set_pulls
                0x10000d60       0x38 CMakeFiles/Framethrower_Denise.dir/C_/Users/claud/.pico-sdk/sdk/2.1.1/src/rp2_common/hardware_gpio/gpio.c.obj
                0x10000d60                gpio_set_pulls
 .text.gpio_set_input_hysteresis_enabled
                0x10000d98       0x28 CMakeFiles/Framethrower_Denise.dir/C_/Users/claud/.pico-sdk/sdk/2.1.1/src/rp2_common/hardware_gpio/gpio.c.obj
                0x10000d98                gpio_set_input_hysteresis_enabled
 .text.gpio_set_slew_rate
                0x10000dc0       0x1c CMakeFiles/Framethrower_Denise.dir/C_/Users/claud/.pico-sdk/sdk/2.1.1/src/rp2_common/hardware_gpio/gpio.c.obj
                0x10000dc0                gpio_set_slew_rate
 .text.gpio_set_drive_strength
                0x10000ddc       0x20 CMakeFiles/Framethrower_Denise.dir/C_/Users/claud/.pico-sdk/sdk/2.1.1/src/rp2_common/hardware_gpio/gpio.c.obj
                0x10000ddc                gpio_set_drive_strength
 .text.gpio_init
                0x10000dfc       0x16 CMakeFiles/Framethrower_Denise.dir/C_/Users/claud/.pico-sdk/sdk/2.1.1/src/rp2_common/hardware_gpio/gpio.c.obj
                0x10000dfc                gpio_init
 *fill*         0x10000e12        0x2 
 .text.panic    0x10000e14       0x30 CMakeFiles/Framethrower_Denise.dir/C_/Users/claud/.pico-sdk/sdk/2.1.1/src/rp2_common/pico_platform_panic/panic.c.obj
                0x10000e14                panic
 .text.hw_claim_lock
                0x10000e44       0x24 CMakeFiles/Framethrower_Denise.dir/C_/Users/claud/.pico-sdk/sdk/2.1.1/src/common/hardware_claim/claim.c.obj
                0x10000e44                hw_claim_lock
 .text.hw_claim_unlock
                0x10000e68       0x14 CMakeFiles/Framethrower_Denise.dir/C_/Users/claud/.pico-sdk/sdk/2.1.1/src/common/hardware_claim/claim.c.obj
                0x10000e68                hw_claim_unlock
 .text.hw_claim_or_assert
                0x10000e7c       0x32 CMakeFiles/Framethrower_Denise.dir/C_/Users/claud/.pico-sdk/sdk/2.1.1/src/common/hardware_claim/claim.c.obj
                0x10000e7c                hw_claim_or_assert
 .text.hw_claim_unused_from_range
                0x10000eae       0x4e CMakeFiles/Framethrower_Denise.dir/C_/Users/claud/.pico-sdk/sdk/2.1.1/src/common/hardware_claim/claim.c.obj
                0x10000eae                hw_claim_unused_from_range
 .text.next_striped_spin_lock_num
                0x10000efc       0x1c CMakeFiles/Framethrower_Denise.dir/C_/Users/claud/.pico-sdk/sdk/2.1.1/src/rp2_common/hardware_sync/sync.c.obj
                0x10000efc                next_striped_spin_lock_num
 .text.spinlock_set_extexclall
                0x10000f18        0xe CMakeFiles/Framethrower_Denise.dir/C_/Users/claud/.pico-sdk/sdk/2.1.1/src/rp2_common/hardware_sync_spin_lock/sync_spin_lock.c.obj
 *fill*         0x10000f26        0x2 
 .text.spin_locks_reset
                0x10000f28       0x1c CMakeFiles/Framethrower_Denise.dir/C_/Users/claud/.pico-sdk/sdk/2.1.1/src/rp2_common/hardware_sync_spin_lock/sync_spin_lock.c.obj
                0x10000f28                spin_locks_reset
 .text.set_raw_irq_handler_and_unlock
                0x10000f44       0x24 CMakeFiles/Framethrower_Denise.dir/C_/Users/claud/.pico-sdk/sdk/2.1.1/src/rp2_common/hardware_irq/irq.c.obj
 .text.nvic_ipr0
                0x10000f68        0x8 CMakeFiles/Framethrower_Denise.dir/C_/Users/claud/.pico-sdk/sdk/2.1.1/src/rp2_common/hardware_irq/irq.c.obj
 .text.runtime_init_per_core_irq_priorities
                0x10000f70       0x1a CMakeFiles/Framethrower_Denise.dir/C_/Users/claud/.pico-sdk/sdk/2.1.1/src/rp2_common/hardware_irq/irq.c.obj
                0x10000f70                runtime_init_per_core_irq_priorities
 *fill*         0x10000f8a        0x2 
 .text.irq_is_enabled
                0x10000f8c       0x20 CMakeFiles/Framethrower_Denise.dir/C_/Users/claud/.pico-sdk/sdk/2.1.1/src/rp2_common/hardware_irq/irq.c.obj
                0x10000f8c                irq_is_enabled
 .text.irq_set_mask_n_enabled
                0x10000fac       0x20 CMakeFiles/Framethrower_Denise.dir/C_/Users/claud/.pico-sdk/sdk/2.1.1/src/rp2_common/hardware_irq/irq.c.obj
                0x10000fac                irq_set_mask_n_enabled
 .text.irq_set_enabled
                0x10000fcc       0x14 CMakeFiles/Framethrower_Denise.dir/C_/Users/claud/.pico-sdk/sdk/2.1.1/src/rp2_common/hardware_irq/irq.c.obj
                0x10000fcc                irq_set_enabled
 .text.irq_get_vtable_handler
                0x10000fe0       0x10 CMakeFiles/Framethrower_Denise.dir/C_/Users/claud/.pico-sdk/sdk/2.1.1/src/rp2_common/hardware_irq/irq.c.obj
                0x10000fe0                irq_get_vtable_handler
 .text.irq_set_exclusive_handler
                0x10000ff0       0x60 CMakeFiles/Framethrower_Denise.dir/C_/Users/claud/.pico-sdk/sdk/2.1.1/src/rp2_common/hardware_irq/irq.c.obj
                0x10000ff0                irq_set_exclusive_handler
 .text.lock_init
                0x10001050        0xc CMakeFiles/Framethrower_Denise.dir/C_/Users/claud/.pico-sdk/sdk/2.1.1/src/common/pico_sync/lock_core.c.obj
                0x10001050                lock_init
 .text.mutex_init
                0x1000105c       0x1a CMakeFiles/Framethrower_Denise.dir/C_/Users/claud/.pico-sdk/sdk/2.1.1/src/common/pico_sync/mutex.c.obj
                0x1000105c                mutex_init
 .text.recursive_mutex_init
                0x10001076       0x1e CMakeFiles/Framethrower_Denise.dir/C_/Users/claud/.pico-sdk/sdk/2.1.1/src/common/pico_sync/mutex.c.obj
                0x10001076                recursive_mutex_init
 .text.runtime_init_mutex
                0x10001094       0x4c CMakeFiles/Framethrower_Denise.dir/C_/Users/claud/.pico-sdk/sdk/2.1.1/src/common/pico_sync/mutex.c.obj
                0x10001094                runtime_init_mutex
 .text.ta_from_current_irq
                0x100010e0       0x24 CMakeFiles/Framethrower_Denise.dir/C_/Users/claud/.pico-sdk/sdk/2.1.1/src/common/pico_time/time.c.obj
 .text.ta_set_timeout
                0x10001104       0x2a CMakeFiles/Framethrower_Denise.dir/C_/Users/claud/.pico-sdk/sdk/2.1.1/src/common/pico_time/time.c.obj
 .text.make_alarm_id
                0x1000112e        0x6 CMakeFiles/Framethrower_Denise.dir/C_/Users/claud/.pico-sdk/sdk/2.1.1/src/common/pico_time/time.c.obj
 .text.sleep_until_callback
                0x10001134       0x3c CMakeFiles/Framethrower_Denise.dir/C_/Users/claud/.pico-sdk/sdk/2.1.1/src/common/pico_time/time.c.obj
 .text.alarm_pool_irq_handler
                0x10001170      0x2ec CMakeFiles/Framethrower_Denise.dir/C_/Users/claud/.pico-sdk/sdk/2.1.1/src/common/pico_time/time.c.obj
 .text.ta_enable_irq_handler
                0x1000145c       0x38 CMakeFiles/Framethrower_Denise.dir/C_/Users/claud/.pico-sdk/sdk/2.1.1/src/common/pico_time/time.c.obj
 .text.alarm_pool_post_alloc_init
                0x10001494       0x7c CMakeFiles/Framethrower_Denise.dir/C_/Users/claud/.pico-sdk/sdk/2.1.1/src/common/pico_time/time.c.obj
 .text.alarm_pool_get_default
                0x10001510       0x28 CMakeFiles/Framethrower_Denise.dir/C_/Users/claud/.pico-sdk/sdk/2.1.1/src/common/pico_time/time.c.obj
                0x10001510                alarm_pool_get_default
 .text.alarm_pool_add_alarm_at_force_in_context
                0x10001538       0xc0 CMakeFiles/Framethrower_Denise.dir/C_/Users/claud/.pico-sdk/sdk/2.1.1/src/common/pico_time/time.c.obj
                0x10001538                alarm_pool_add_alarm_at_force_in_context
 .text.alarm_pool_add_alarm_at
                0x100015f8       0x38 CMakeFiles/Framethrower_Denise.dir/C_/Users/claud/.pico-sdk/sdk/2.1.1/src/common/pico_time/time.c.obj
                0x100015f8                alarm_pool_add_alarm_at
 .text.add_alarm_at
                0x10001630       0x26 CMakeFiles/Framethrower_Denise.dir/C_/Users/claud/.pico-sdk/sdk/2.1.1/src/common/pico_time/time.c.obj
 .text.alarm_pool_cancel_alarm
                0x10001656       0x72 CMakeFiles/Framethrower_Denise.dir/C_/Users/claud/.pico-sdk/sdk/2.1.1/src/common/pico_time/time.c.obj
                0x10001656                alarm_pool_cancel_alarm
 .text.cancel_alarm
                0x100016c8       0x10 CMakeFiles/Framethrower_Denise.dir/C_/Users/claud/.pico-sdk/sdk/2.1.1/src/common/pico_time/time.c.obj
 .text.best_effort_wfe_or_timeout
                0x100016d8       0xfc CMakeFiles/Framethrower_Denise.dir/C_/Users/claud/.pico-sdk/sdk/2.1.1/src/common/pico_time/time.c.obj
                0x100016d8                best_effort_wfe_or_timeout
 .text.alarm_pool_get_default_timer
                0x100017d4        0x8 CMakeFiles/Framethrower_Denise.dir/C_/Users/claud/.pico-sdk/sdk/2.1.1/src/common/pico_time/time.c.obj
                0x100017d4                alarm_pool_get_default_timer
 .text.runtime_init_default_alarm_pool
                0x100017dc       0x34 CMakeFiles/Framethrower_Denise.dir/C_/Users/claud/.pico-sdk/sdk/2.1.1/src/common/pico_time/time.c.obj
                0x100017dc                runtime_init_default_alarm_pool
 .text.timer_hardware_alarm_claim
                0x10001810       0x24 CMakeFiles/Framethrower_Denise.dir/C_/Users/claud/.pico-sdk/sdk/2.1.1/src/rp2_common/hardware_timer/timer.c.obj
                0x10001810                timer_hardware_alarm_claim
 .text.timer_time_us_64
                0x10001834       0x10 CMakeFiles/Framethrower_Denise.dir/C_/Users/claud/.pico-sdk/sdk/2.1.1/src/rp2_common/hardware_timer/timer.c.obj
                0x10001834                timer_time_us_64
 .text.time_us_64
                0x10001844       0x10 CMakeFiles/Framethrower_Denise.dir/C_/Users/claud/.pico-sdk/sdk/2.1.1/src/rp2_common/hardware_timer/timer.c.obj
                0x10001844                time_us_64
 .text.clock_configure_internal
                0x10001854       0xb8 CMakeFiles/Framethrower_Denise.dir/C_/Users/claud/.pico-sdk/sdk/2.1.1/src/rp2_common/hardware_clocks/clocks.c.obj
 .text.clock_configure_undivided
                0x1000190c       0x12 CMakeFiles/Framethrower_Denise.dir/C_/Users/claud/.pico-sdk/sdk/2.1.1/src/rp2_common/hardware_clocks/clocks.c.obj
                0x1000190c                clock_configure_undivided
 *fill*         0x1000191e        0x2 
 .text.clock_get_hz
                0x10001920        0xc CMakeFiles/Framethrower_Denise.dir/C_/Users/claud/.pico-sdk/sdk/2.1.1/src/rp2_common/hardware_clocks/clocks.c.obj
                0x10001920                clock_get_hz
 .text.set_sys_clock_pll
                0x1000192c       0x64 CMakeFiles/Framethrower_Denise.dir/C_/Users/claud/.pico-sdk/sdk/2.1.1/src/rp2_common/hardware_clocks/clocks.c.obj
                0x1000192c                set_sys_clock_pll
 .text.check_sys_clock_khz
                0x10001990       0x74 CMakeFiles/Framethrower_Denise.dir/C_/Users/claud/.pico-sdk/sdk/2.1.1/src/rp2_common/hardware_clocks/clocks.c.obj
                0x10001990                check_sys_clock_khz
 .text.pll_init
                0x10001a04      0x108 CMakeFiles/Framethrower_Denise.dir/C_/Users/claud/.pico-sdk/sdk/2.1.1/src/rp2_common/hardware_pll/pll.c.obj
                0x10001a04                pll_init
 .text.tick_start
                0x10001b0c       0x1c CMakeFiles/Framethrower_Denise.dir/C_/Users/claud/.pico-sdk/sdk/2.1.1/src/rp2_common/hardware_ticks/ticks.c.obj
                0x10001b0c                tick_start
 .text.rom_func_lookup
                0x10001b28       0x1e CMakeFiles/Framethrower_Denise.dir/C_/Users/claud/.pico-sdk/sdk/2.1.1/src/rp2_common/pico_bootrom/bootrom.c.obj
                0x10001b28                rom_func_lookup
 *fill*         0x10001b46        0x2 
 .text.runtime_init_bootrom_locking_enable
                0x10001b48       0x14 CMakeFiles/Framethrower_Denise.dir/C_/Users/claud/.pico-sdk/sdk/2.1.1/src/rp2_common/pico_bootrom/bootrom_lock.c.obj
                0x10001b48                runtime_init_bootrom_locking_enable
 .text.boot_locks_reset
                0x10001b5c       0x20 CMakeFiles/Framethrower_Denise.dir/C_/Users/claud/.pico-sdk/sdk/2.1.1/src/rp2_common/hardware_boot_lock/boot_lock.c.obj
                0x10001b5c                boot_locks_reset
 .text.runtime_init_boot_locks_reset
                0x10001b7c        0x8 CMakeFiles/Framethrower_Denise.dir/C_/Users/claud/.pico-sdk/sdk/2.1.1/src/rp2_common/hardware_boot_lock/boot_lock.c.obj
                0x10001b7c                runtime_init_boot_locks_reset
 .text.xosc_init
                0x10001b84       0x28 CMakeFiles/Framethrower_Denise.dir/C_/Users/claud/.pico-sdk/sdk/2.1.1/src/rp2_common/hardware_xosc/xosc.c.obj
                0x10001b84                xosc_init
 .text.runtime_run_initializers_from
                0x10001bac       0x18 CMakeFiles/Framethrower_Denise.dir/C_/Users/claud/.pico-sdk/sdk/2.1.1/src/rp2_common/pico_runtime/runtime.c.obj
 .text.first_per_core_initializer
                0x10001bc4        0x2 CMakeFiles/Framethrower_Denise.dir/C_/Users/claud/.pico-sdk/sdk/2.1.1/src/rp2_common/pico_runtime/runtime.c.obj
 *fill*         0x10001bc6        0x2 
 .text.runtime_run_initializers
                0x10001bc8       0x10 CMakeFiles/Framethrower_Denise.dir/C_/Users/claud/.pico-sdk/sdk/2.1.1/src/rp2_common/pico_runtime/runtime.c.obj
                0x10001bc8                runtime_run_initializers
 .text.runtime_run_per_core_initializers
                0x10001bd8       0x10 CMakeFiles/Framethrower_Denise.dir/C_/Users/claud/.pico-sdk/sdk/2.1.1/src/rp2_common/pico_runtime/runtime.c.obj
                0x10001bd8                runtime_run_per_core_initializers
 .text.runtime_init_early_resets
                0x10001be8       0x2c CMakeFiles/Framethrower_Denise.dir/C_/Users/claud/.pico-sdk/sdk/2.1.1/src/rp2_common/pico_runtime_init/runtime_init.c.obj
                0x10001be8                runtime_init_early_resets
 .text.runtime_init_usb_power_down
                0x10001c14       0x20 CMakeFiles/Framethrower_Denise.dir/C_/Users/claud/.pico-sdk/sdk/2.1.1/src/rp2_common/pico_runtime_init/runtime_init.c.obj
                0x10001c14                runtime_init_usb_power_down
 .text.runtime_init_per_core_enable_coprocessors
                0x10001c34       0x1c CMakeFiles/Framethrower_Denise.dir/C_/Users/claud/.pico-sdk/sdk/2.1.1/src/rp2_common/pico_runtime_init/runtime_init.c.obj
                0x10001c34                runtime_init_per_core_enable_coprocessors
 .text.runtime_init_post_clock_resets
                0x10001c50       0x20 CMakeFiles/Framethrower_Denise.dir/C_/Users/claud/.pico-sdk/sdk/2.1.1/src/rp2_common/pico_runtime_init/runtime_init.c.obj
                0x10001c50                runtime_init_post_clock_resets
 .text.runtime_init_bootrom_reset
                0x10001c70       0x12 CMakeFiles/Framethrower_Denise.dir/C_/Users/claud/.pico-sdk/sdk/2.1.1/src/rp2_common/pico_runtime_init/runtime_init.c.obj
                0x10001c70                runtime_init_bootrom_reset
 .text.runtime_init_per_core_bootrom_reset
                0x10001c82       0x12 CMakeFiles/Framethrower_Denise.dir/C_/Users/claud/.pico-sdk/sdk/2.1.1/src/rp2_common/pico_runtime_init/runtime_init.c.obj
                0x10001c82                runtime_init_per_core_bootrom_reset
 .text.runtime_init_spin_locks_reset
                0x10001c94        0x8 CMakeFiles/Framethrower_Denise.dir/C_/Users/claud/.pico-sdk/sdk/2.1.1/src/rp2_common/pico_runtime_init/runtime_init.c.obj
                0x10001c94                runtime_init_spin_locks_reset
 .text.runtime_init_install_ram_vector_table
                0x10001c9c       0x20 CMakeFiles/Framethrower_Denise.dir/C_/Users/claud/.pico-sdk/sdk/2.1.1/src/rp2_common/pico_runtime_init/runtime_init.c.obj
                0x10001c9c                runtime_init_install_ram_vector_table
 .text.start_all_ticks
                0x10001cbc       0x28 CMakeFiles/Framethrower_Denise.dir/C_/Users/claud/.pico-sdk/sdk/2.1.1/src/rp2_common/pico_runtime_init/runtime_init_clocks.c.obj
 .text.runtime_init_clocks
                0x10001ce4       0xc4 CMakeFiles/Framethrower_Denise.dir/C_/Users/claud/.pico-sdk/sdk/2.1.1/src/rp2_common/pico_runtime_init/runtime_init_clocks.c.obj
                0x10001ce4                runtime_init_clocks
 .text.__rp2350_dcp_engaged_state_save_restore
                0x10001da8       0x3a CMakeFiles/Framethrower_Denise.dir/C_/Users/claud/.pico-sdk/sdk/2.1.1/src/rp2_common/pico_double/double_aeabi_dcp.S.obj
 *fill*         0x10001de2        0x2 
 .text.__wrap___aeabi_dadd
                0x10001de4       0x28 CMakeFiles/Framethrower_Denise.dir/C_/Users/claud/.pico-sdk/sdk/2.1.1/src/rp2_common/pico_double/double_aeabi_dcp.S.obj
                0x10001dec                __wrap___aeabi_dadd
 .text.__wrap___aeabi_dsub
                0x10001e0c       0x28 CMakeFiles/Framethrower_Denise.dir/C_/Users/claud/.pico-sdk/sdk/2.1.1/src/rp2_common/pico_double/double_aeabi_dcp.S.obj
                0x10001e14                __wrap___aeabi_dsub
 .text.__wrap___aeabi_dmul
                0x10001e34       0x4c CMakeFiles/Framethrower_Denise.dir/C_/Users/claud/.pico-sdk/sdk/2.1.1/src/rp2_common/pico_double/double_aeabi_dcp.S.obj
                0x10001e3c                __wrap___aeabi_dmul
 .text.__wrap___aeabi_ddiv
                0x10001e80       0x9c CMakeFiles/Framethrower_Denise.dir/C_/Users/claud/.pico-sdk/sdk/2.1.1/src/rp2_common/pico_double/double_aeabi_dcp.S.obj
                0x10001e88                __wrap___aeabi_ddiv
 .text.__wrap___aeabi_i2d
                0x10001f1c       0x24 CMakeFiles/Framethrower_Denise.dir/C_/Users/claud/.pico-sdk/sdk/2.1.1/src/rp2_common/pico_double/double_aeabi_dcp.S.obj
                0x10001f24                int2double
                0x10001f24                __wrap___aeabi_i2d
 .text.__wrap___aeabi_ui2d
                0x10001f40       0x24 CMakeFiles/Framethrower_Denise.dir/C_/Users/claud/.pico-sdk/sdk/2.1.1/src/rp2_common/pico_double/double_aeabi_dcp.S.obj
                0x10001f48                uint2double
                0x10001f48                __wrap___aeabi_ui2d
 .text.__wrap___aeabi_d2iz
                0x10001f64       0x24 CMakeFiles/Framethrower_Denise.dir/C_/Users/claud/.pico-sdk/sdk/2.1.1/src/rp2_common/pico_double/double_aeabi_dcp.S.obj
                0x10001f6c                double2int_z
                0x10001f6c                __wrap___aeabi_d2iz
 .text.__wrap___aeabi_d2uiz
                0x10001f88       0x24 CMakeFiles/Framethrower_Denise.dir/C_/Users/claud/.pico-sdk/sdk/2.1.1/src/rp2_common/pico_double/double_aeabi_dcp.S.obj
                0x10001f90                double2uint
                0x10001f90                __wrap___aeabi_d2uiz
                0x10001f90                double2uint_z
 .text.__wrap___aeabi_dcmpun
                0x10001fac       0x24 CMakeFiles/Framethrower_Denise.dir/C_/Users/claud/.pico-sdk/sdk/2.1.1/src/rp2_common/pico_double/double_aeabi_dcp.S.obj
                0x10001fb4                __wrap___aeabi_dcmpun
 .text.__wrap___aeabi_dcmplt
                0x10001fd0       0x28 CMakeFiles/Framethrower_Denise.dir/C_/Users/claud/.pico-sdk/sdk/2.1.1/src/rp2_common/pico_double/double_aeabi_dcp.S.obj
                0x10001fd8                __wrap___aeabi_dcmplt
 .text.__wrap___aeabi_dcmple
                0x10001ff8       0x28 CMakeFiles/Framethrower_Denise.dir/C_/Users/claud/.pico-sdk/sdk/2.1.1/src/rp2_common/pico_double/double_aeabi_dcp.S.obj
                0x10002000                __wrap___aeabi_dcmple
 .text.__wrap___aeabi_dcmpge
                0x10002020       0x28 CMakeFiles/Framethrower_Denise.dir/C_/Users/claud/.pico-sdk/sdk/2.1.1/src/rp2_common/pico_double/double_aeabi_dcp.S.obj
                0x10002028                __wrap___aeabi_dcmpge
 .text.__wrap___aeabi_dcmpgt
                0x10002048       0x28 CMakeFiles/Framethrower_Denise.dir/C_/Users/claud/.pico-sdk/sdk/2.1.1/src/rp2_common/pico_double/double_aeabi_dcp.S.obj
                0x10002050                __wrap___aeabi_dcmpgt
 .text._out_null
                0x10002070        0x2 CMakeFiles/Framethrower_Denise.dir/C_/Users/claud/.pico-sdk/sdk/2.1.1/src/rp2_common/pico_printf/printf.c.obj
 .text._out_fct
                0x10002072        0xe CMakeFiles/Framethrower_Denise.dir/C_/Users/claud/.pico-sdk/sdk/2.1.1/src/rp2_common/pico_printf/printf.c.obj
 .text._atoi    0x10002080       0x26 CMakeFiles/Framethrower_Denise.dir/C_/Users/claud/.pico-sdk/sdk/2.1.1/src/rp2_common/pico_printf/printf.c.obj
 .text._out_rev
                0x100020a6       0x7e CMakeFiles/Framethrower_Denise.dir/C_/Users/claud/.pico-sdk/sdk/2.1.1/src/rp2_common/pico_printf/printf.c.obj
 .text._ntoa_format
                0x10002124      0x134 CMakeFiles/Framethrower_Denise.dir/C_/Users/claud/.pico-sdk/sdk/2.1.1/src/rp2_common/pico_printf/printf.c.obj
 .text._ntoa_long
                0x10002258       0x94 CMakeFiles/Framethrower_Denise.dir/C_/Users/claud/.pico-sdk/sdk/2.1.1/src/rp2_common/pico_printf/printf.c.obj
 .text._ntoa_long_long
                0x100022ec       0xc2 CMakeFiles/Framethrower_Denise.dir/C_/Users/claud/.pico-sdk/sdk/2.1.1/src/rp2_common/pico_printf/printf.c.obj
 *fill*         0x100023ae        0x2 
 .text._etoa    0x100023b0      0x420 CMakeFiles/Framethrower_Denise.dir/C_/Users/claud/.pico-sdk/sdk/2.1.1/src/rp2_common/pico_printf/printf.c.obj
 .text._ftoa    0x100027d0      0x398 CMakeFiles/Framethrower_Denise.dir/C_/Users/claud/.pico-sdk/sdk/2.1.1/src/rp2_common/pico_printf/printf.c.obj
 .text._vsnprintf
                0x10002b68      0x6d8 CMakeFiles/Framethrower_Denise.dir/C_/Users/claud/.pico-sdk/sdk/2.1.1/src/rp2_common/pico_printf/printf.c.obj
 .text.vfctprintf
                0x10003240       0x24 CMakeFiles/Framethrower_Denise.dir/C_/Users/claud/.pico-sdk/sdk/2.1.1/src/rp2_common/pico_printf/printf.c.obj
                0x10003240                vfctprintf
 .text._exit    0x10003264        0x4 CMakeFiles/Framethrower_Denise.dir/C_/Users/claud/.pico-sdk/sdk/2.1.1/src/rp2_common/pico_clib_interface/newlib_interface.c.obj
                0x10003264                _exit
 .text.exit     0x10003268        0x6 CMakeFiles/Framethrower_Denise.dir/C_/Users/claud/.pico-sdk/sdk/2.1.1/src/rp2_common/pico_clib_interface/newlib_interface.c.obj
                0x10003268                exit
 *fill*         0x1000326e        0x2 
 .text.__assert_func
                0x10003270       0x34 CMakeFiles/Framethrower_Denise.dir/C_/Users/claud/.pico-sdk/sdk/2.1.1/src/rp2_common/pico_clib_interface/newlib_interface.c.obj
                0x10003270                __assert_func
 .text.runtime_init
                0x100032a4       0x2c CMakeFiles/Framethrower_Denise.dir/C_/Users/claud/.pico-sdk/sdk/2.1.1/src/rp2_common/pico_clib_interface/newlib_interface.c.obj
                0x100032a4                runtime_init
 .text.stdio_out_chars_no_crlf
                0x100032d0        0xe CMakeFiles/Framethrower_Denise.dir/C_/Users/claud/.pico-sdk/sdk/2.1.1/src/rp2_common/pico_stdio/stdio.c.obj
 *fill*         0x100032de        0x2 
 .text.stdio_out_chars_crlf
                0x100032e0       0x80 CMakeFiles/Framethrower_Denise.dir/C_/Users/claud/.pico-sdk/sdk/2.1.1/src/rp2_common/pico_stdio/stdio.c.obj
 .text.stdio_stack_buffer_flush
                0x10003360       0x40 CMakeFiles/Framethrower_Denise.dir/C_/Users/claud/.pico-sdk/sdk/2.1.1/src/rp2_common/pico_stdio/stdio.c.obj
 .text.stdio_buffered_printer
                0x100033a0       0x20 CMakeFiles/Framethrower_Denise.dir/C_/Users/claud/.pico-sdk/sdk/2.1.1/src/rp2_common/pico_stdio/stdio.c.obj
 .text.stdout_serialize_begin
                0x100033c0       0x2c CMakeFiles/Framethrower_Denise.dir/C_/Users/claud/.pico-sdk/sdk/2.1.1/src/rp2_common/pico_stdio/stdio.c.obj
                0x100033c0                stdout_serialize_begin
 .text.stdout_serialize_end
                0x100033ec       0x10 CMakeFiles/Framethrower_Denise.dir/C_/Users/claud/.pico-sdk/sdk/2.1.1/src/rp2_common/pico_stdio/stdio.c.obj
                0x100033ec                stdout_serialize_end
 .text.stdio_put_string
                0x100033fc       0x8c CMakeFiles/Framethrower_Denise.dir/C_/Users/claud/.pico-sdk/sdk/2.1.1/src/rp2_common/pico_stdio/stdio.c.obj
                0x100033fc                stdio_put_string
 .text.stdio_flush
                0x10003488       0x1c CMakeFiles/Framethrower_Denise.dir/C_/Users/claud/.pico-sdk/sdk/2.1.1/src/rp2_common/pico_stdio/stdio.c.obj
                0x10003488                stdio_flush
 .text.__wrap_puts
                0x100034a4       0x1e CMakeFiles/Framethrower_Denise.dir/C_/Users/claud/.pico-sdk/sdk/2.1.1/src/rp2_common/pico_stdio/stdio.c.obj
                0x100034a4                stdio_puts
                0x100034a4                __wrap_puts
 *fill*         0x100034c2        0x2 
 .text.__wrap_vprintf
                0x100034c4       0x40 CMakeFiles/Framethrower_Denise.dir/C_/Users/claud/.pico-sdk/sdk/2.1.1/src/rp2_common/pico_stdio/stdio.c.obj
                0x100034c4                stdio_vprintf
                0x100034c4                __wrap_vprintf
 .text.__wrap_printf
                0x10003504       0x1c CMakeFiles/Framethrower_Denise.dir/C_/Users/claud/.pico-sdk/sdk/2.1.1/src/rp2_common/pico_stdio/stdio.c.obj
                0x10003504                __wrap_printf
                0x10003504                stdio_printf
 .text.pio_get_default_sm_config
                0x10003520       0x2c CMakeFiles/Framethrower_Denise.dir/C_/Users/claud/.pico-sdk/sdk/2.1.1/src/rp2_common/hardware_pio/pio.c.obj
 .text.pio_sm_set_config
                0x1000354c       0x84 CMakeFiles/Framethrower_Denise.dir/C_/Users/claud/.pico-sdk/sdk/2.1.1/src/rp2_common/hardware_pio/pio.c.obj
 .text.is_gpio_compatible
                0x100035d0       0x22 CMakeFiles/Framethrower_Denise.dir/C_/Users/claud/.pico-sdk/sdk/2.1.1/src/rp2_common/hardware_pio/pio.c.obj
 .text.is_program_gpio_compatible
                0x100035f2        0xa CMakeFiles/Framethrower_Denise.dir/C_/Users/claud/.pico-sdk/sdk/2.1.1/src/rp2_common/hardware_pio/pio.c.obj
 .text.add_program_at_offset_check
                0x100035fc       0x54 CMakeFiles/Framethrower_Denise.dir/C_/Users/claud/.pico-sdk/sdk/2.1.1/src/rp2_common/hardware_pio/pio.c.obj
 .text.add_program_at_offset
                0x10003650       0x7c CMakeFiles/Framethrower_Denise.dir/C_/Users/claud/.pico-sdk/sdk/2.1.1/src/rp2_common/hardware_pio/pio.c.obj
 .text.find_offset_for_program
                0x100036cc       0x78 CMakeFiles/Framethrower_Denise.dir/C_/Users/claud/.pico-sdk/sdk/2.1.1/src/rp2_common/hardware_pio/pio.c.obj
 .text.pio_claim_unused_sm
                0x10003744       0x38 CMakeFiles/Framethrower_Denise.dir/C_/Users/claud/.pico-sdk/sdk/2.1.1/src/rp2_common/hardware_pio/pio.c.obj
                0x10003744                pio_claim_unused_sm
 .text.pio_add_program
                0x1000377c       0x30 CMakeFiles/Framethrower_Denise.dir/C_/Users/claud/.pico-sdk/sdk/2.1.1/src/rp2_common/hardware_pio/pio.c.obj
                0x1000377c                pio_add_program
 .text.pio_sm_set_consecutive_pindirs
                0x100037ac       0x9e CMakeFiles/Framethrower_Denise.dir/C_/Users/claud/.pico-sdk/sdk/2.1.1/src/rp2_common/hardware_pio/pio.c.obj
                0x100037ac                pio_sm_set_consecutive_pindirs
 .text.pio_sm_init
                0x1000384a       0x7e CMakeFiles/Framethrower_Denise.dir/C_/Users/claud/.pico-sdk/sdk/2.1.1/src/rp2_common/hardware_pio/pio.c.obj
                0x1000384a                pio_sm_init
 .text.core1_trampoline
                0x100038c8        0x2 CMakeFiles/Framethrower_Denise.dir/C_/Users/claud/.pico-sdk/sdk/2.1.1/src/rp2_common/pico_multicore/multicore.c.obj
 .text.core1_wrapper
                0x100038ca        0xc CMakeFiles/Framethrower_Denise.dir/C_/Users/claud/.pico-sdk/sdk/2.1.1/src/rp2_common/pico_multicore/multicore.c.obj
                0x100038ca                core1_wrapper
 .text.multicore_fifo_push_blocking
                0x100038d6       0x16 CMakeFiles/Framethrower_Denise.dir/C_/Users/claud/.pico-sdk/sdk/2.1.1/src/rp2_common/pico_multicore/multicore.c.obj
                0x100038d6                multicore_fifo_push_blocking
 .text.multicore_fifo_pop_blocking
                0x100038ec       0x18 CMakeFiles/Framethrower_Denise.dir/C_/Users/claud/.pico-sdk/sdk/2.1.1/src/rp2_common/pico_multicore/multicore.c.obj
                0x100038ec                multicore_fifo_pop_blocking
 .text.multicore_launch_core1_raw
                0x10003904       0x7a CMakeFiles/Framethrower_Denise.dir/C_/Users/claud/.pico-sdk/sdk/2.1.1/src/rp2_common/pico_multicore/multicore.c.obj
                0x10003904                multicore_launch_core1_raw
 *fill*         0x1000397e        0x2 
 .text.multicore_launch_core1_with_stack
                0x10003980       0x50 CMakeFiles/Framethrower_Denise.dir/C_/Users/claud/.pico-sdk/sdk/2.1.1/src/rp2_common/pico_multicore/multicore.c.obj
                0x10003980                multicore_launch_core1_with_stack
 .text.multicore_launch_core1
                0x100039d0       0x24 CMakeFiles/Framethrower_Denise.dir/C_/Users/claud/.pico-sdk/sdk/2.1.1/src/rp2_common/pico_multicore/multicore.c.obj
                0x100039d0                multicore_launch_core1
 .text.memset   0x100039f4       0x9c C:/Users/claud/.pico-sdk/toolchain/14_2_Rel1/bin/../lib/gcc/arm-none-eabi/14.2.1/thumb/v8-m.main+fp/softfp\libg.a(libc_a-memset.o)
                0x100039f4                memset
 .text          0x10003a90       0xec C:/Users/claud/.pico-sdk/toolchain/14_2_Rel1/bin/../lib/gcc/arm-none-eabi/14.2.1/thumb/v8-m.main+fp/softfp\libg.a(libc_a-memcpy.o)
                0x10003a90                memcpy
 .text.strlen   0x10003b7c       0x5c C:/Users/claud/.pico-sdk/toolchain/14_2_Rel1/bin/../lib/gcc/arm-none-eabi/14.2.1/thumb/v8-m.main+fp/softfp\libg.a(libc_a-strlen-stub.o)
                0x10003b7c                strlen
 *(.fini)
 .fini          0x10003bd8        0x4 C:/Users/claud/.pico-sdk/toolchain/14_2_Rel1/bin/../lib/gcc/arm-none-eabi/14.2.1/thumb/v8-m.main+fp/softfp/crti.o
                0x10003bd8                _fini
 *fill*         0x10003bdc        0x4 
 .fini.__stub   0x10003be0       0x20 linker stubs
 *crtbegin.o(.ctors)
 *crtbegin?.o(.ctors)
 *(EXCLUDE_FILE(*crtend.o *crtend?.o) .ctors)
 *(SORT_BY_NAME(.ctors.*))
 *(.ctors)
 *crtbegin.o(.dtors)
 *crtbegin?.o(.dtors)
 *(EXCLUDE_FILE(*crtend.o *crtend?.o) .dtors)
 *(SORT_BY_NAME(.dtors.*))
 *(.dtors)
                0x10003c00                        . = ALIGN (0x4)
                0x10003c00                        PROVIDE (__preinit_array_start = .)
 *(SORT_BY_NAME(.preinit_array.*))
 .preinit_array.00050
                0x10003c00        0x4 CMakeFiles/Framethrower_Denise.dir/C_/Users/claud/.pico-sdk/sdk/2.1.1/src/rp2_common/pico_runtime_init/runtime_init.c.obj
                0x10003c00                __pre_init_runtime_init_bootrom_reset
 .preinit_array.00100
                0x10003c04        0x4 CMakeFiles/Framethrower_Denise.dir/C_/Users/claud/.pico-sdk/sdk/2.1.1/src/rp2_common/pico_runtime_init/runtime_init.c.obj
                0x10003c04                __pre_init_runtime_init_early_resets
 .preinit_array.00101
                0x10003c08        0x4 CMakeFiles/Framethrower_Denise.dir/C_/Users/claud/.pico-sdk/sdk/2.1.1/src/rp2_common/pico_runtime_init/runtime_init.c.obj
                0x10003c08                __pre_init_runtime_init_usb_power_down
 .preinit_array.00500
                0x10003c0c        0x4 CMakeFiles/Framethrower_Denise.dir/C_/Users/claud/.pico-sdk/sdk/2.1.1/src/rp2_common/pico_runtime_init/runtime_init.c.obj
                0x10003c0c                __pre_init_runtime_init_clocks
 .preinit_array.00600
                0x10003c10        0x4 CMakeFiles/Framethrower_Denise.dir/C_/Users/claud/.pico-sdk/sdk/2.1.1/src/rp2_common/pico_runtime_init/runtime_init.c.obj
                0x10003c10                __pre_init_runtime_init_post_clock_resets
 .preinit_array.01000
                0x10003c14        0x4 CMakeFiles/Framethrower_Denise.dir/C_/Users/claud/.pico-sdk/sdk/2.1.1/src/rp2_common/hardware_boot_lock/boot_lock.c.obj
                0x10003c14                __pre_init_runtime_init_boot_locks_reset
 .preinit_array.01000
                0x10003c18        0x4 CMakeFiles/Framethrower_Denise.dir/C_/Users/claud/.pico-sdk/sdk/2.1.1/src/rp2_common/pico_runtime_init/runtime_init.c.obj
                0x10003c18                __pre_init_runtime_init_spin_locks_reset
 .preinit_array.01010
                0x10003c1c        0x4 CMakeFiles/Framethrower_Denise.dir/C_/Users/claud/.pico-sdk/sdk/2.1.1/src/rp2_common/pico_bootrom/bootrom_lock.c.obj
                0x10003c1c                __pre_init_runtime_init_bootrom_locking_enable
 .preinit_array.01100
                0x10003c20        0x4 CMakeFiles/Framethrower_Denise.dir/C_/Users/claud/.pico-sdk/sdk/2.1.1/src/common/pico_sync/mutex.c.obj
                0x10003c20                __pre_init_runtime_init_mutex
 .preinit_array.10080
                0x10003c24        0x4 CMakeFiles/Framethrower_Denise.dir/C_/Users/claud/.pico-sdk/sdk/2.1.1/src/rp2_common/pico_runtime_init/runtime_init.c.obj
                0x10003c24                __pre_init_runtime_init_install_ram_vector_table
 .preinit_array.11000
                0x10003c28        0x4 CMakeFiles/Framethrower_Denise.dir/C_/Users/claud/.pico-sdk/sdk/2.1.1/src/common/pico_time/time.c.obj
                0x10003c28                __pre_init_runtime_init_default_alarm_pool
 .preinit_array.YYYYY
                0x10003c2c        0x4 CMakeFiles/Framethrower_Denise.dir/C_/Users/claud/.pico-sdk/sdk/2.1.1/src/rp2_common/pico_runtime/runtime.c.obj
                0x10003c2c                __pre_init_first_per_core_initializer
 .preinit_array.ZZZZZ.00051
                0x10003c30        0x4 CMakeFiles/Framethrower_Denise.dir/C_/Users/claud/.pico-sdk/sdk/2.1.1/src/rp2_common/pico_runtime_init/runtime_init.c.obj
                0x10003c30                __pre_init_runtime_init_per_core_bootrom_reset
 .preinit_array.ZZZZZ.00200
                0x10003c34        0x4 CMakeFiles/Framethrower_Denise.dir/C_/Users/claud/.pico-sdk/sdk/2.1.1/src/rp2_common/pico_runtime_init/runtime_init.c.obj
                0x10003c34                __pre_init_runtime_init_per_core_enable_coprocessors
 .preinit_array.ZZZZZ.01000
                0x10003c38        0x4 CMakeFiles/Framethrower_Denise.dir/C_/Users/claud/.pico-sdk/sdk/2.1.1/src/rp2_common/hardware_sync_spin_lock/sync_spin_lock.c.obj
                0x10003c38                __pre_init_spinlock_set_extexclall
 .preinit_array.ZZZZZ.01200
                0x10003c3c        0x4 CMakeFiles/Framethrower_Denise.dir/C_/Users/claud/.pico-sdk/sdk/2.1.1/src/rp2_common/hardware_irq/irq.c.obj
                0x10003c3c                __pre_init_runtime_init_per_core_irq_priorities
 *(.preinit_array)
                0x10003c40                        PROVIDE (__preinit_array_end = .)
                0x10003c40                        . = ALIGN (0x4)
                0x10003c40                        PROVIDE (__init_array_start = .)
 *(SORT_BY_NAME(.init_array.*))
 *(.init_array)
 .init_array    0x10003c40        0x4 C:/Users/claud/.pico-sdk/toolchain/14_2_Rel1/bin/../lib/gcc/arm-none-eabi/14.2.1/thumb/v8-m.main+fp/softfp/crtbegin.o
                0x10003c44                        PROVIDE (__init_array_end = .)
                0x10003c44                        . = ALIGN (0x4)
                [!provide]                        PROVIDE (__fini_array_start = .)
 *(SORT_BY_NAME(.fini_array.*))
 *(.fini_array)
                [!provide]                        PROVIDE (__fini_array_end = .)
 *(.eh_frame*)
 .eh_frame      0x10003c44        0x0 C:/Users/claud/.pico-sdk/toolchain/14_2_Rel1/bin/../lib/gcc/arm-none-eabi/14.2.1/thumb/v8-m.main+fp/softfp/crtbegin.o
                0x10003c44                        . = ALIGN (0x4)

.glue_7         0x10003c44        0x0
 .glue_7        0x10003c44        0x0 linker stubs

.glue_7t        0x10003c44        0x0
 .glue_7t       0x10003c44        0x0 linker stubs

.vfp11_veneer   0x10003c44        0x0
 .vfp11_veneer  0x10003c44        0x0 linker stubs

.v4_bx          0x10003c44        0x0
 .v4_bx         0x10003c44        0x0 linker stubs

.iplt           0x10003c44        0x0
 .iplt          0x10003c44        0x0 C:/Users/claud/.pico-sdk/toolchain/14_2_Rel1/bin/../lib/gcc/arm-none-eabi/14.2.1/thumb/v8-m.main+fp/softfp/crtbegin.o

.boot2          0x10003c44        0x0
                0x10003c44                        __boot2_start__ = .
 *(.boot2)
                0x10003c44                        __boot2_end__ = .
                0x00000001                        ASSERT (((__boot2_end__ - __boot2_start__) <= 0x100), ERROR: Pico second stage bootloader must be no more than 256 bytes in size)

.rodata         0x10003c48      0x7b8
 *(EXCLUDE_FILE(*libm.a: *libc.a:*lib_a-mem*.o *libgcc.a:) .rodata*)
 .rodata.str1.4
                0x10003c48      0x5ad CMakeFiles/Framethrower_Denise.dir/Framethrower_Denise.c.obj
                                 0x32 (size before relaxing)
 *fill*         0x100041f5        0x3 
 .rodata.vsync_detect_program
                0x100041f8        0x8 CMakeFiles/Framethrower_Denise.dir/Framethrower_Denise.c.obj
 .rodata.vsync_detect_program_instructions
                0x10004200       0x1e CMakeFiles/Framethrower_Denise.dir/Framethrower_Denise.c.obj
 *fill*         0x1000421e        0x2 
 .rodata.video_capture_program
                0x10004220        0x8 CMakeFiles/Framethrower_Denise.dir/Framethrower_Denise.c.obj
 .rodata.video_capture_program_instructions
                0x10004228       0x12 CMakeFiles/Framethrower_Denise.dir/Framethrower_Denise.c.obj
 .rodata.channel_config_set_chain_to.str1.4
                0x1000423a       0x76 CMakeFiles/Framethrower_Denise.dir/mipi.c.obj
 .rodata.str1.4
                0x1000423a        0x6 CMakeFiles/Framethrower_Denise.dir/mipi.c.obj
 *fill*         0x1000423a        0x2 
 .rodata.__func__.4
                0x1000423c       0x1c CMakeFiles/Framethrower_Denise.dir/mipi.c.obj
 .rodata        0x10004258        0x5 CMakeFiles/Framethrower_Denise.dir/mipi.c.obj
 .rodata.channel_config_set_chain_to.str1.4
                0x1000425d       0x76 CMakeFiles/Framethrower_Denise.dir/fifo.c.obj
 *fill*         0x1000425d        0x3 
 .rodata.__func__.3
                0x10004260       0x1c CMakeFiles/Framethrower_Denise.dir/fifo.c.obj
 .rodata.panic.str1.4
                0x1000427c       0x12 CMakeFiles/Framethrower_Denise.dir/C_/Users/claud/.pico-sdk/sdk/2.1.1/src/rp2_common/pico_platform_panic/panic.c.obj
 .rodata.resolve_j_16.str1.4
                0x1000427c       0x5d CMakeFiles/Framethrower_Denise.dir/C_/Users/claud/.pico-sdk/sdk/2.1.1/src/rp2_common/hardware_irq/irq.c.obj
 .rodata.irq_set_exclusive_handler.str1.4
                0x1000427c       0x36 CMakeFiles/Framethrower_Denise.dir/C_/Users/claud/.pico-sdk/sdk/2.1.1/src/rp2_common/hardware_irq/irq.c.obj
 .rodata.__func__.6
                0x1000427c       0x1a CMakeFiles/Framethrower_Denise.dir/C_/Users/claud/.pico-sdk/sdk/2.1.1/src/rp2_common/hardware_irq/irq.c.obj
 .rodata.runtime_init_mutex.str1.4
                0x10004296       0x60 CMakeFiles/Framethrower_Denise.dir/C_/Users/claud/.pico-sdk/sdk/2.1.1/src/common/pico_sync/mutex.c.obj
 .rodata.str1.4
                0x10004296       0x51 CMakeFiles/Framethrower_Denise.dir/C_/Users/claud/.pico-sdk/sdk/2.1.1/src/common/pico_sync/mutex.c.obj
 *fill*         0x10004296        0x2 
 .rodata.__func__.1
                0x10004298        0xb CMakeFiles/Framethrower_Denise.dir/C_/Users/claud/.pico-sdk/sdk/2.1.1/src/common/pico_sync/mutex.c.obj
 *fill*         0x100042a3        0x1 
 .rodata.__func__.3
                0x100042a4       0x18 CMakeFiles/Framethrower_Denise.dir/C_/Users/claud/.pico-sdk/sdk/2.1.1/src/common/pico_sync/mutex.c.obj
 .rodata.__func__.6
                0x100042bc       0x13 CMakeFiles/Framethrower_Denise.dir/C_/Users/claud/.pico-sdk/sdk/2.1.1/src/common/pico_sync/mutex.c.obj
 .rodata.alarm_pool_irq_handler.str1.4
                0x100042cf       0x6b CMakeFiles/Framethrower_Denise.dir/C_/Users/claud/.pico-sdk/sdk/2.1.1/src/common/pico_time/time.c.obj
 .rodata.alarm_pool_get_default.str1.4
                0x100042cf       0x21 CMakeFiles/Framethrower_Denise.dir/C_/Users/claud/.pico-sdk/sdk/2.1.1/src/common/pico_time/time.c.obj
 *fill*         0x100042cf        0x1 
 .rodata.__func__.1
                0x100042d0       0x17 CMakeFiles/Framethrower_Denise.dir/C_/Users/claud/.pico-sdk/sdk/2.1.1/src/common/pico_time/time.c.obj
 *fill*         0x100042e7        0x1 
 .rodata.__func__.2
                0x100042e8       0x17 CMakeFiles/Framethrower_Denise.dir/C_/Users/claud/.pico-sdk/sdk/2.1.1/src/common/pico_time/time.c.obj
 .rodata.timer_hardware_alarm_claim.str1.4
                0x100042ff       0x22 CMakeFiles/Framethrower_Denise.dir/C_/Users/claud/.pico-sdk/sdk/2.1.1/src/rp2_common/hardware_timer/timer.c.obj
 .rodata.pll_init.str1.4
                0x100042ff      0x11c CMakeFiles/Framethrower_Denise.dir/C_/Users/claud/.pico-sdk/sdk/2.1.1/src/rp2_common/hardware_pll/pll.c.obj
 *fill*         0x100042ff        0x1 
 .rodata.__func__.0
                0x10004300        0x9 CMakeFiles/Framethrower_Denise.dir/C_/Users/claud/.pico-sdk/sdk/2.1.1/src/rp2_common/hardware_pll/pll.c.obj
 .rodata.str1.4
                0x10004309       0x58 CMakeFiles/Framethrower_Denise.dir/C_/Users/claud/.pico-sdk/sdk/2.1.1/src/rp2_common/pico_standard_binary_info/standard_binary_info.c.obj
 *fill*         0x10004309        0x3 
 .rodata.__bi_84
                0x1000430c        0xc CMakeFiles/Framethrower_Denise.dir/C_/Users/claud/.pico-sdk/sdk/2.1.1/src/rp2_common/pico_standard_binary_info/standard_binary_info.c.obj
 .rodata.__bi_78
                0x10004318        0xc CMakeFiles/Framethrower_Denise.dir/C_/Users/claud/.pico-sdk/sdk/2.1.1/src/rp2_common/pico_standard_binary_info/standard_binary_info.c.obj
 .rodata.__bi_60
                0x10004324        0xc CMakeFiles/Framethrower_Denise.dir/C_/Users/claud/.pico-sdk/sdk/2.1.1/src/rp2_common/pico_standard_binary_info/standard_binary_info.c.obj
 .rodata.__bi_54
                0x10004330        0xc CMakeFiles/Framethrower_Denise.dir/C_/Users/claud/.pico-sdk/sdk/2.1.1/src/rp2_common/pico_standard_binary_info/standard_binary_info.c.obj
 .rodata.__bi_48
                0x1000433c        0xc CMakeFiles/Framethrower_Denise.dir/C_/Users/claud/.pico-sdk/sdk/2.1.1/src/rp2_common/pico_standard_binary_info/standard_binary_info.c.obj
 .rodata.__bi_42
                0x10004348        0xc CMakeFiles/Framethrower_Denise.dir/C_/Users/claud/.pico-sdk/sdk/2.1.1/src/rp2_common/pico_standard_binary_info/standard_binary_info.c.obj
 .rodata.__bi_34
                0x10004354        0xc CMakeFiles/Framethrower_Denise.dir/C_/Users/claud/.pico-sdk/sdk/2.1.1/src/rp2_common/pico_standard_binary_info/standard_binary_info.c.obj
 .rodata.__bi_26
                0x10004360        0xc CMakeFiles/Framethrower_Denise.dir/C_/Users/claud/.pico-sdk/sdk/2.1.1/src/rp2_common/pico_standard_binary_info/standard_binary_info.c.obj
 .rodata._ftoa.str1.4
                0x1000436c       0x15 CMakeFiles/Framethrower_Denise.dir/C_/Users/claud/.pico-sdk/sdk/2.1.1/src/rp2_common/pico_printf/printf.c.obj
 *fill*         0x1000436c        0x4 
 .rodata.pow10.0
                0x10004370       0x50 CMakeFiles/Framethrower_Denise.dir/C_/Users/claud/.pico-sdk/sdk/2.1.1/src/rp2_common/pico_printf/printf.c.obj
 .rodata.__assert_func.str1.4
                0x100043c0       0x43 CMakeFiles/Framethrower_Denise.dir/C_/Users/claud/.pico-sdk/sdk/2.1.1/src/rp2_common/pico_clib_interface/newlib_interface.c.obj
 .rodata.crlf_str.0
                0x100043c0        0x2 CMakeFiles/Framethrower_Denise.dir/C_/Users/claud/.pico-sdk/sdk/2.1.1/src/rp2_common/pico_stdio/stdio.c.obj
 .rodata.find_offset_for_program.str1.4
                0x100043c2       0x71 CMakeFiles/Framethrower_Denise.dir/C_/Users/claud/.pico-sdk/sdk/2.1.1/src/rp2_common/hardware_pio/pio.c.obj
 .rodata.pio_claim_unused_sm.str1.4
                0x100043c2       0x24 CMakeFiles/Framethrower_Denise.dir/C_/Users/claud/.pico-sdk/sdk/2.1.1/src/rp2_common/hardware_pio/pio.c.obj
 *fill*         0x100043c2        0x2 
 .rodata.__func__.1
                0x100043c4       0x18 CMakeFiles/Framethrower_Denise.dir/C_/Users/claud/.pico-sdk/sdk/2.1.1/src/rp2_common/hardware_pio/pio.c.obj
 .rodata.multicore_lockout_start_block_until.str1.4
                0x100043dc       0x65 CMakeFiles/Framethrower_Denise.dir/C_/Users/claud/.pico-sdk/sdk/2.1.1/src/rp2_common/pico_multicore/multicore.c.obj
 .rodata.multicore_launch_core1_with_stack.str1.4
                0x100043dc       0x19 CMakeFiles/Framethrower_Denise.dir/C_/Users/claud/.pico-sdk/sdk/2.1.1/src/rp2_common/pico_multicore/multicore.c.obj
 .rodata.__func__.3
                0x100043dc       0x22 CMakeFiles/Framethrower_Denise.dir/C_/Users/claud/.pico-sdk/sdk/2.1.1/src/rp2_common/pico_multicore/multicore.c.obj
 *(.srodata*)
                0x10004444                        . = ALIGN (0x4)
 *fill*         0x100043fe        0x2 
 *(SORT_BY_ALIGNMENT(SORT_BY_NAME(.flashdata*)))
                0x10004400                        . = ALIGN (0x4)

.ARM.extab
 *(.ARM.extab* .gnu.linkonce.armextab.*)
                0x10004400                        __exidx_start = .

.ARM.exidx      0x10004400        0x8
 *(.ARM.exidx* .gnu.linkonce.armexidx.*)
 .ARM.exidx     0x10004400        0x8 C:/Users/claud/.pico-sdk/toolchain/14_2_Rel1/bin/../lib/gcc/arm-none-eabi/14.2.1/thumb/v8-m.main+fp/softfp\libg.a(libc_a-memcpy.o)
 .ARM.exidx.text.__udivmoddi4
                0x10004408        0x0 C:/Users/claud/.pico-sdk/toolchain/14_2_Rel1/bin/../lib/gcc/arm-none-eabi/14.2.1/thumb/v8-m.main+fp/softfp\libgcc.a(_udivmoddi4.o)
                                  0x8 (size before relaxing)
                0x10004408                        __exidx_end = .
                0x10004408                        . = ALIGN (0x4)
                0x10004408                        __binary_info_start = .

.binary_info    0x10004408       0x20
 *(.binary_info.keep.*)
 .binary_info.keep.__bi_ptr84
                0x10004408        0x4 CMakeFiles/Framethrower_Denise.dir/C_/Users/claud/.pico-sdk/sdk/2.1.1/src/rp2_common/pico_standard_binary_info/standard_binary_info.c.obj
 .binary_info.keep.__bi_ptr78
                0x1000440c        0x4 CMakeFiles/Framethrower_Denise.dir/C_/Users/claud/.pico-sdk/sdk/2.1.1/src/rp2_common/pico_standard_binary_info/standard_binary_info.c.obj
 .binary_info.keep.__bi_ptr60
                0x10004410        0x4 CMakeFiles/Framethrower_Denise.dir/C_/Users/claud/.pico-sdk/sdk/2.1.1/src/rp2_common/pico_standard_binary_info/standard_binary_info.c.obj
 .binary_info.keep.__bi_ptr54
                0x10004414        0x4 CMakeFiles/Framethrower_Denise.dir/C_/Users/claud/.pico-sdk/sdk/2.1.1/src/rp2_common/pico_standard_binary_info/standard_binary_info.c.obj
 .binary_info.keep.__bi_ptr48
                0x10004418        0x4 CMakeFiles/Framethrower_Denise.dir/C_/Users/claud/.pico-sdk/sdk/2.1.1/src/rp2_common/pico_standard_binary_info/standard_binary_info.c.obj
 .binary_info.keep.__bi_ptr42
                0x1000441c        0x4 CMakeFiles/Framethrower_Denise.dir/C_/Users/claud/.pico-sdk/sdk/2.1.1/src/rp2_common/pico_standard_binary_info/standard_binary_info.c.obj
 .binary_info.keep.__bi_ptr34
                0x10004420        0x4 CMakeFiles/Framethrower_Denise.dir/C_/Users/claud/.pico-sdk/sdk/2.1.1/src/rp2_common/pico_standard_binary_info/standard_binary_info.c.obj
 .binary_info.keep.__bi_ptr26
                0x10004424        0x4 CMakeFiles/Framethrower_Denise.dir/C_/Users/claud/.pico-sdk/sdk/2.1.1/src/rp2_common/pico_standard_binary_info/standard_binary_info.c.obj
 *(.binary_info.*)
                0x10004428                        __binary_info_end = .
                0x10004428                        . = ALIGN (0x4)

.ram_vector_table
                0x20000000      0x110
 *(.ram_vector_table)
 .ram_vector_table
                0x20000000      0x110 CMakeFiles/Framethrower_Denise.dir/C_/Users/claud/.pico-sdk/sdk/2.1.1/src/rp2_common/pico_runtime_init/runtime_init.c.obj
                0x20000000                ram_vector_table

.uninitialized_data
                0x20000110        0x0
                0x20000110                        . = ALIGN (0x4)
 *(.uninitialized_data*)

.data           0x20000110      0xd8c load address 0x10004428
                0x20000110                        __data_start__ = .
 *(vtable)
 *(.time_critical*)
 .time_critical.pio_irq_handler
                0x20000110       0xac CMakeFiles/Framethrower_Denise.dir/Framethrower_Denise.c.obj
                0x20000110                pio_irq_handler
 .time_critical.get_pio_line
                0x200001bc       0xd8 CMakeFiles/Framethrower_Denise.dir/Framethrower_Denise.c.obj
                0x200001bc                get_pio_line
 .time_critical.main
                0x20000294      0x52c CMakeFiles/Framethrower_Denise.dir/Framethrower_Denise.c.obj
                0x20000294                main
 .time_critical.dma_handler
                0x200007c0       0x12 CMakeFiles/Framethrower_Denise.dir/mipi.c.obj
                0x200007c0                dma_handler
 .time_critical.mipiCsiFrameStart
                0x200007d2       0x24 CMakeFiles/Framethrower_Denise.dir/mipi.c.obj
                0x200007d2                mipiCsiFrameStart
 *fill*         0x200007f6        0x2 
 .time_critical.mipiCsiFrameEnd
                0x200007f8       0x2c CMakeFiles/Framethrower_Denise.dir/mipi.c.obj
                0x200007f8                mipiCsiFrameEnd
 .time_critical.mipiCsiSendLong
                0x20000824       0x50 CMakeFiles/Framethrower_Denise.dir/mipi.c.obj
                0x20000824                mipiCsiSendLong
 .time_critical.dma_memcpy
                0x20000874       0x36 CMakeFiles/Framethrower_Denise.dir/fifo.c.obj
                0x20000874                dma_memcpy
 .time_critical.dma_memcpy_non_block
                0x200008aa       0x32 CMakeFiles/Framethrower_Denise.dir/fifo.c.obj
                0x200008aa                dma_memcpy_non_block
 .time_critical.mutex_try_enter
                0x200008dc       0x58 CMakeFiles/Framethrower_Denise.dir/C_/Users/claud/.pico-sdk/sdk/2.1.1/src/common/pico_sync/mutex.c.obj
                0x200008dc                mutex_try_enter
 .time_critical.mutex_enter_block_until
                0x20000934       0x84 CMakeFiles/Framethrower_Denise.dir/C_/Users/claud/.pico-sdk/sdk/2.1.1/src/common/pico_sync/mutex.c.obj
                0x20000934                mutex_enter_block_until
 .time_critical.mutex_try_enter_block_until
                0x200009b8       0x32 CMakeFiles/Framethrower_Denise.dir/C_/Users/claud/.pico-sdk/sdk/2.1.1/src/common/pico_sync/mutex.c.obj
                0x200009b8                mutex_try_enter_block_until
 *fill*         0x200009ea        0x2 
 .time_critical.mutex_exit
                0x200009ec       0x58 CMakeFiles/Framethrower_Denise.dir/C_/Users/claud/.pico-sdk/sdk/2.1.1/src/common/pico_sync/mutex.c.obj
                0x200009ec                mutex_exit
 *(.text*)
 .text          0x20000a44       0x30 C:/Users/claud/.pico-sdk/toolchain/14_2_Rel1/bin/../lib/gcc/arm-none-eabi/14.2.1/thumb/v8-m.main+fp/softfp\libgcc.a(_aeabi_uldivmod.o)
                0x20000a44                __aeabi_uldivmod
 .text.__udivmoddi4
                0x20000a74      0x34c C:/Users/claud/.pico-sdk/toolchain/14_2_Rel1/bin/../lib/gcc/arm-none-eabi/14.2.1/thumb/v8-m.main+fp/softfp\libgcc.a(_udivmoddi4.o)
                0x20000a74                __udivmoddi4
 .text          0x20000dc0        0x4 C:/Users/claud/.pico-sdk/toolchain/14_2_Rel1/bin/../lib/gcc/arm-none-eabi/14.2.1/thumb/v8-m.main+fp/softfp\libgcc.a(_dvmd_tls.o)
                0x20000dc0                __aeabi_idiv0
                0x20000dc0                __aeabi_ldiv0
 *fill*         0x20000dc4        0x4 
 .text.__stub   0x20000dc8       0x98 linker stubs
                0x20000e60                        . = ALIGN (0x4)
 *(.rodata*)
                0x20000e60                        . = ALIGN (0x4)
 *(.data*)
 .data.scanline_level_laced
                0x20000e60        0x4 CMakeFiles/Framethrower_Denise.dir/Framethrower_Denise.c.obj
                0x20000e60                scanline_level_laced
 .data.scanline_level
                0x20000e64        0x4 CMakeFiles/Framethrower_Denise.dir/Framethrower_Denise.c.obj
                0x20000e64                scanline_level
 .data.isPAL_prev
                0x20000e68        0x1 CMakeFiles/Framethrower_Denise.dir/Framethrower_Denise.c.obj
                0x20000e68                isPAL_prev
 .data.is_odd_field
                0x20000e69        0x1 CMakeFiles/Framethrower_Denise.dir/Framethrower_Denise.c.obj
                0x20000e69                is_odd_field
 .data.vsync_go
                0x20000e6a        0x1 CMakeFiles/Framethrower_Denise.dir/Framethrower_Denise.c.obj
                0x20000e6a                vsync_go
 .data.isPAL    0x20000e6b        0x1 CMakeFiles/Framethrower_Denise.dir/Framethrower_Denise.c.obj
                0x20000e6b                isPAL
 .data.pio_video
                0x20000e6c        0x4 CMakeFiles/Framethrower_Denise.dir/Framethrower_Denise.c.obj
                0x20000e6c                pio_video
 .data.striped_spin_lock_num
                0x20000e70        0x1 CMakeFiles/Framethrower_Denise.dir/C_/Users/claud/.pico-sdk/sdk/2.1.1/src/rp2_common/hardware_sync/sync.c.obj
 *fill*         0x20000e71        0x3 
 .data.default_alarm_pool
                0x20000e74       0x18 CMakeFiles/Framethrower_Denise.dir/C_/Users/claud/.pico-sdk/sdk/2.1.1/src/common/pico_time/time.c.obj
 *(.sdata*)
                0x20000e8c                        . = ALIGN (0x4)
 *(.after_data.*)
                0x20000e8c                        . = ALIGN (0x4)
                0x20000e8c                        PROVIDE (__mutex_array_start = .)
 *(SORT_BY_NAME(.mutex_array.*))
 *(.mutex_array)
 .mutex_array   0x20000e8c        0x8 CMakeFiles/Framethrower_Denise.dir/C_/Users/claud/.pico-sdk/sdk/2.1.1/src/rp2_common/pico_malloc/malloc.c.obj
 .mutex_array   0x20000e94        0x8 CMakeFiles/Framethrower_Denise.dir/C_/Users/claud/.pico-sdk/sdk/2.1.1/src/rp2_common/pico_stdio/stdio.c.obj
                0x20000e9c                        PROVIDE (__mutex_array_end = .)
 *(.jcr)
                0x20000e9c                        . = ALIGN (0x4)

.tm_clone_table
                0x20000e9c        0x0 load address 0x100051b4
 .tm_clone_table
                0x20000e9c        0x0 C:/Users/claud/.pico-sdk/toolchain/14_2_Rel1/bin/../lib/gcc/arm-none-eabi/14.2.1/thumb/v8-m.main+fp/softfp/crtbegin.o
 .tm_clone_table
                0x20000e9c        0x0 C:/Users/claud/.pico-sdk/toolchain/14_2_Rel1/bin/../lib/gcc/arm-none-eabi/14.2.1/thumb/v8-m.main+fp/softfp/crtend.o

.igot.plt       0x20000e9c        0x0 load address 0x100051b4
 .igot.plt      0x20000e9c        0x0 C:/Users/claud/.pico-sdk/toolchain/14_2_Rel1/bin/../lib/gcc/arm-none-eabi/14.2.1/thumb/v8-m.main+fp/softfp/crtbegin.o

.tdata          0x20000e9c        0x0 load address 0x100051b4
                0x20000e9c                        . = ALIGN (0x4)
 *(.tdata .tdata.* .gnu.linkonce.td.*)
                0x20000e9c                        __tdata_end = .
                0x20000e9c                        PROVIDE (__data_end__ = .)
                0x10004428                        __etext = LOADADDR (.data)

.tbss           0x20000e9c        0x0 load address 0x100051b4
                0x20000e9c                        . = ALIGN (0x4)
                0x20000e9c                        __bss_start__ = .
                0x20000e9c                        __tls_base = .
 *(.tbss .tbss.* .gnu.linkonce.tb.*)
 *(.tcommon)
                0x20000e9c                        __tls_end = .

.bss            0x20000ea0    0x67260 load address 0x100051b4
                0x20000ea0                        . = ALIGN (0x4)
                0x20000ea0                        __tbss_end = .
 *(SORT_BY_ALIGNMENT(SORT_BY_NAME(.bss*)))
 .bss.default_alarm_pool_entries
                0x20000ea0      0x180 CMakeFiles/Framethrower_Denise.dir/C_/Users/claud/.pico-sdk/sdk/2.1.1/src/common/pico_time/time.c.obj
 .bss.line2     0x20001020      0x5a0 CMakeFiles/Framethrower_Denise.dir/Framethrower_Denise.c.obj
                0x20001020                line2
 .bss.temp_scanline
                0x200015c0      0x5a0 CMakeFiles/Framethrower_Denise.dir/Framethrower_Denise.c.obj
                0x200015c0                temp_scanline
 .bss._sw_spin_locks
                0x20001b60       0x20 CMakeFiles/Framethrower_Denise.dir/C_/Users/claud/.pico-sdk/sdk/2.1.1/src/rp2_common/hardware_sync_spin_lock/sync_spin_lock.c.obj
                0x20001b60                _sw_spin_locks
 .bss._used_instruction_space
                0x20001b80        0xc CMakeFiles/Framethrower_Denise.dir/C_/Users/claud/.pico-sdk/sdk/2.1.1/src/rp2_common/hardware_pio/pio.c.obj
 .bss.blackline
                0x20001b8c      0x5a0 CMakeFiles/Framethrower_Denise.dir/Framethrower_Denise.c.obj
                0x20001b8c                blackline
 .bss.claimed   0x2000212c        0x2 CMakeFiles/Framethrower_Denise.dir/C_/Users/claud/.pico-sdk/sdk/2.1.1/src/rp2_common/hardware_timer/timer.c.obj
 *fill*         0x2000212e        0x2 
 .bss.claimed   0x20002130        0x2 CMakeFiles/Framethrower_Denise.dir/C_/Users/claud/.pico-sdk/sdk/2.1.1/src/rp2_common/hardware_pio/pio.c.obj
 *fill*         0x20002132        0x2 
 .bss.combined_buffer.0
                0x20002134      0x5a7 CMakeFiles/Framethrower_Denise.dir/mipi.c.obj
 *fill*         0x200026db        0x1 
 .bss.configured_freq
                0x200026dc       0x28 CMakeFiles/Framethrower_Denise.dir/C_/Users/claud/.pico-sdk/sdk/2.1.1/src/rp2_common/hardware_clocks/clocks.c.obj
 .bss.drivers   0x20002704        0x4 CMakeFiles/Framethrower_Denise.dir/C_/Users/claud/.pico-sdk/sdk/2.1.1/src/rp2_common/pico_stdio/stdio.c.obj
 .bss.filter    0x20002708        0x4 CMakeFiles/Framethrower_Denise.dir/C_/Users/claud/.pico-sdk/sdk/2.1.1/src/rp2_common/pico_stdio/stdio.c.obj
 .bss.framebuffer
                0x2000270c    0x65400 CMakeFiles/Framethrower_Denise.dir/Framethrower_Denise.c.obj
                0x2000270c                framebuffer
 .bss.last_total_lines
                0x20067b0c        0x4 CMakeFiles/Framethrower_Denise.dir/Framethrower_Denise.c.obj
                0x20067b0c                last_total_lines
 .bss.line1     0x20067b10      0x5a0 CMakeFiles/Framethrower_Denise.dir/Framethrower_Denise.c.obj
                0x20067b10                line1
 .bss.lines     0x200680b0        0x4 CMakeFiles/Framethrower_Denise.dir/Framethrower_Denise.c.obj
                0x200680b0                lines
 .bss.object.0  0x200680b4       0x18 C:/Users/claud/.pico-sdk/toolchain/14_2_Rel1/bin/../lib/gcc/arm-none-eabi/14.2.1/thumb/v8-m.main+fp/softfp/crtbegin.o
 .bss.pools     0x200680cc       0x20 CMakeFiles/Framethrower_Denise.dir/C_/Users/claud/.pico-sdk/sdk/2.1.1/src/common/pico_time/time.c.obj
 .bss.sleep_notifier
                0x200680ec        0x4 CMakeFiles/Framethrower_Denise.dir/C_/Users/claud/.pico-sdk/sdk/2.1.1/src/common/pico_time/time.c.obj
 .bss.sm_video  0x200680f0        0x4 CMakeFiles/Framethrower_Denise.dir/Framethrower_Denise.c.obj
                0x200680f0                sm_video
 .bss.sm_vsync  0x200680f4        0x4 CMakeFiles/Framethrower_Denise.dir/Framethrower_Denise.c.obj
                0x200680f4                sm_vsync
 .bss.clear_screen
                0x200680f8        0x1 CMakeFiles/Framethrower_Denise.dir/Framethrower_Denise.c.obj
                0x200680f8                clear_screen
 .bss.laced     0x200680f9        0x1 CMakeFiles/Framethrower_Denise.dir/Framethrower_Denise.c.obj
                0x200680f9                laced
 .bss.mipi_busy
                0x200680fa        0x1 CMakeFiles/Framethrower_Denise.dir/mipi.c.obj
                0x200680fa                mipi_busy
 .bss.video_go  0x200680fb        0x1 CMakeFiles/Framethrower_Denise.dir/Framethrower_Denise.c.obj
                0x200680fb                video_go
 .bss.vsync_detected
                0x200680fc        0x1 CMakeFiles/Framethrower_Denise.dir/Framethrower_Denise.c.obj
                0x200680fc                vsync_detected
 *(COMMON)
                [!provide]                        PROVIDE (__global_pointer$ = (. + 0x800))
 *(.sbss*)
                0x20068100                        . = ALIGN (0x4)
 *fill*         0x200680fd        0x3 
                0x20068100                        __bss_end__ = .

.heap           0x20068100      0x800 load address 0x100051b4
                0x20068100                        __end__ = .
                0x20068100                        end = __end__
 *(.heap*)
 .heap          0x20068100      0x800 CMakeFiles/Framethrower_Denise.dir/C_/Users/claud/.pico-sdk/sdk/2.1.1/src/rp2_common/pico_crt0/crt0.S.obj
                0x20080000                        __HeapLimit = (ORIGIN (RAM) + LENGTH (RAM))

.scratch_x      0x20080000        0x0 load address 0x100051b4
                0x20080000                        __scratch_x_start__ = .
 *(.scratch_x.*)
                0x20080000                        . = ALIGN (0x4)
                0x20080000                        __scratch_x_end__ = .
                0x100051b4                        __scratch_x_source__ = LOADADDR (.scratch_x)

.scratch_y      0x20081000        0x0 load address 0x100051b4
                0x20081000                        __scratch_y_start__ = .
 *(.scratch_y.*)
                0x20081000                        . = ALIGN (0x4)
                0x20081000                        __scratch_y_end__ = .
                0x100051b4                        __scratch_y_source__ = LOADADDR (.scratch_y)

.stack1_dummy   0x20080000      0x800
 *(.stack1*)
 .stack1        0x20080000      0x800 CMakeFiles/Framethrower_Denise.dir/C_/Users/claud/.pico-sdk/sdk/2.1.1/src/rp2_common/pico_multicore/multicore.c.obj

.stack_dummy    0x20081000      0x800
 *(.stack*)
 .stack         0x20081000      0x800 CMakeFiles/Framethrower_Denise.dir/C_/Users/claud/.pico-sdk/sdk/2.1.1/src/rp2_common/pico_crt0/crt0.S.obj

.flash_end      0x100051b4       0x14
 *(.embedded_end_block*)
 .embedded_end_block
                0x100051b4       0x14 CMakeFiles/Framethrower_Denise.dir/C_/Users/claud/.pico-sdk/sdk/2.1.1/src/rp2_common/pico_crt0/crt0.S.obj
                0x100051c8                        PROVIDE (__flash_binary_end = .)
                0x20080000                        __StackLimit = (ORIGIN (RAM) + LENGTH (RAM))
                0x20081000                        __StackOneTop = (ORIGIN (SCRATCH_X) + LENGTH (SCRATCH_X))
                0x20082000                        __StackTop = (ORIGIN (SCRATCH_Y) + LENGTH (SCRATCH_Y))
                0x20080800                        __StackOneBottom = (__StackOneTop - SIZEOF (.stack1_dummy))
                0x20081800                        __StackBottom = (__StackTop - SIZEOF (.stack_dummy))
                0x20082000                        PROVIDE (__stack = __StackTop)
                [!provide]                        PROVIDE (__heap_start = __end__)
                [!provide]                        PROVIDE (__heap_end = __HeapLimit)
                [!provide]                        PROVIDE (__tls_align = MAX (ALIGNOF (.tdata), ALIGNOF (.tbss)))
                [!provide]                        PROVIDE (__tls_size_align = (((__tls_size + __tls_align) - 0x1) & ~ ((__tls_align - 0x1))))
                [!provide]                        PROVIDE (__arm32_tls_tcb_offset = MAX (0x8, __tls_align))
                [!provide]                        PROVIDE (_end = __end__)
                [!provide]                        PROVIDE (__llvm_libc_heap_limit = __HeapLimit)
                0x00000001                        ASSERT ((__StackLimit >= __HeapLimit), region RAM overflowed)
                0x00000001                        ASSERT (((__binary_info_header_end - __logical_binary_start) <= 0x400), Binary info must be in first 1024 bytes of the binary)
                0x00000001                        ASSERT (((__embedded_block_end - __logical_binary_start) <= 0x1000), Embedded block must be in first 4096 bytes of the binary)
LOAD CMakeFiles/Framethrower_Denise.dir/Framethrower_Denise.c.obj
LOAD CMakeFiles/Framethrower_Denise.dir/mipi.c.obj
LOAD CMakeFiles/Framethrower_Denise.dir/fifo.c.obj
LOAD CMakeFiles/Framethrower_Denise.dir/C_/Users/claud/.pico-sdk/sdk/2.1.1/src/rp2_common/pico_stdlib/stdlib.c.obj
LOAD CMakeFiles/Framethrower_Denise.dir/C_/Users/claud/.pico-sdk/sdk/2.1.1/src/rp2_common/hardware_gpio/gpio.c.obj
LOAD CMakeFiles/Framethrower_Denise.dir/C_/Users/claud/.pico-sdk/sdk/2.1.1/src/rp2350/pico_platform/platform.c.obj
LOAD CMakeFiles/Framethrower_Denise.dir/C_/Users/claud/.pico-sdk/sdk/2.1.1/src/rp2_common/pico_platform_panic/panic.c.obj
LOAD CMakeFiles/Framethrower_Denise.dir/C_/Users/claud/.pico-sdk/sdk/2.1.1/src/common/hardware_claim/claim.c.obj
LOAD CMakeFiles/Framethrower_Denise.dir/C_/Users/claud/.pico-sdk/sdk/2.1.1/src/rp2_common/hardware_sync/sync.c.obj
LOAD CMakeFiles/Framethrower_Denise.dir/C_/Users/claud/.pico-sdk/sdk/2.1.1/src/rp2_common/hardware_sync_spin_lock/sync_spin_lock.c.obj
LOAD CMakeFiles/Framethrower_Denise.dir/C_/Users/claud/.pico-sdk/sdk/2.1.1/src/rp2_common/hardware_irq/irq.c.obj
LOAD CMakeFiles/Framethrower_Denise.dir/C_/Users/claud/.pico-sdk/sdk/2.1.1/src/rp2_common/hardware_irq/irq_handler_chain.S.obj
LOAD CMakeFiles/Framethrower_Denise.dir/C_/Users/claud/.pico-sdk/sdk/2.1.1/src/common/pico_sync/sem.c.obj
LOAD CMakeFiles/Framethrower_Denise.dir/C_/Users/claud/.pico-sdk/sdk/2.1.1/src/common/pico_sync/lock_core.c.obj
LOAD CMakeFiles/Framethrower_Denise.dir/C_/Users/claud/.pico-sdk/sdk/2.1.1/src/common/pico_sync/mutex.c.obj
LOAD CMakeFiles/Framethrower_Denise.dir/C_/Users/claud/.pico-sdk/sdk/2.1.1/src/common/pico_sync/critical_section.c.obj
LOAD CMakeFiles/Framethrower_Denise.dir/C_/Users/claud/.pico-sdk/sdk/2.1.1/src/common/pico_time/time.c.obj
LOAD CMakeFiles/Framethrower_Denise.dir/C_/Users/claud/.pico-sdk/sdk/2.1.1/src/common/pico_time/timeout_helper.c.obj
LOAD CMakeFiles/Framethrower_Denise.dir/C_/Users/claud/.pico-sdk/sdk/2.1.1/src/rp2_common/hardware_timer/timer.c.obj
LOAD CMakeFiles/Framethrower_Denise.dir/C_/Users/claud/.pico-sdk/sdk/2.1.1/src/common/pico_util/datetime.c.obj
LOAD CMakeFiles/Framethrower_Denise.dir/C_/Users/claud/.pico-sdk/sdk/2.1.1/src/common/pico_util/pheap.c.obj
LOAD CMakeFiles/Framethrower_Denise.dir/C_/Users/claud/.pico-sdk/sdk/2.1.1/src/common/pico_util/queue.c.obj
LOAD CMakeFiles/Framethrower_Denise.dir/C_/Users/claud/.pico-sdk/sdk/2.1.1/src/rp2_common/hardware_uart/uart.c.obj
LOAD CMakeFiles/Framethrower_Denise.dir/C_/Users/claud/.pico-sdk/sdk/2.1.1/src/rp2_common/hardware_clocks/clocks.c.obj
LOAD CMakeFiles/Framethrower_Denise.dir/C_/Users/claud/.pico-sdk/sdk/2.1.1/src/rp2_common/hardware_pll/pll.c.obj
LOAD CMakeFiles/Framethrower_Denise.dir/C_/Users/claud/.pico-sdk/sdk/2.1.1/src/rp2_common/hardware_vreg/vreg.c.obj
LOAD CMakeFiles/Framethrower_Denise.dir/C_/Users/claud/.pico-sdk/sdk/2.1.1/src/rp2_common/hardware_watchdog/watchdog.c.obj
LOAD CMakeFiles/Framethrower_Denise.dir/C_/Users/claud/.pico-sdk/sdk/2.1.1/src/rp2_common/hardware_ticks/ticks.c.obj
LOAD CMakeFiles/Framethrower_Denise.dir/C_/Users/claud/.pico-sdk/sdk/2.1.1/src/rp2_common/pico_bootrom/bootrom.c.obj
LOAD CMakeFiles/Framethrower_Denise.dir/C_/Users/claud/.pico-sdk/sdk/2.1.1/src/rp2_common/pico_bootrom/bootrom_lock.c.obj
LOAD CMakeFiles/Framethrower_Denise.dir/C_/Users/claud/.pico-sdk/sdk/2.1.1/src/rp2_common/hardware_boot_lock/boot_lock.c.obj
LOAD CMakeFiles/Framethrower_Denise.dir/C_/Users/claud/.pico-sdk/sdk/2.1.1/src/rp2_common/pico_flash/flash.c.obj
LOAD CMakeFiles/Framethrower_Denise.dir/C_/Users/claud/.pico-sdk/sdk/2.1.1/src/rp2_common/hardware_xosc/xosc.c.obj
LOAD CMakeFiles/Framethrower_Denise.dir/C_/Users/claud/.pico-sdk/sdk/2.1.1/src/rp2_common/hardware_divider/divider.c.obj
LOAD CMakeFiles/Framethrower_Denise.dir/C_/Users/claud/.pico-sdk/sdk/2.1.1/src/rp2_common/pico_runtime/runtime.c.obj
LOAD CMakeFiles/Framethrower_Denise.dir/C_/Users/claud/.pico-sdk/sdk/2.1.1/src/rp2_common/pico_runtime_init/runtime_init.c.obj
LOAD CMakeFiles/Framethrower_Denise.dir/C_/Users/claud/.pico-sdk/sdk/2.1.1/src/rp2_common/pico_runtime_init/runtime_init_clocks.c.obj
LOAD CMakeFiles/Framethrower_Denise.dir/C_/Users/claud/.pico-sdk/sdk/2.1.1/src/rp2_common/pico_runtime_init/runtime_init_stack_guard.c.obj
LOAD CMakeFiles/Framethrower_Denise.dir/C_/Users/claud/.pico-sdk/sdk/2.1.1/src/rp2_common/pico_bit_ops/bit_ops_aeabi.S.obj
LOAD CMakeFiles/Framethrower_Denise.dir/C_/Users/claud/.pico-sdk/sdk/2.1.1/src/rp2_common/pico_divider/divider_compiler.c.obj
LOAD CMakeFiles/Framethrower_Denise.dir/C_/Users/claud/.pico-sdk/sdk/2.1.1/src/rp2_common/pico_double/double_math.c.obj
LOAD CMakeFiles/Framethrower_Denise.dir/C_/Users/claud/.pico-sdk/sdk/2.1.1/src/rp2_common/pico_double/double_aeabi_dcp.S.obj
LOAD CMakeFiles/Framethrower_Denise.dir/C_/Users/claud/.pico-sdk/sdk/2.1.1/src/rp2_common/pico_double/double_fma_dcp.S.obj
LOAD CMakeFiles/Framethrower_Denise.dir/C_/Users/claud/.pico-sdk/sdk/2.1.1/src/rp2_common/pico_double/double_sci_m33.S.obj
LOAD CMakeFiles/Framethrower_Denise.dir/C_/Users/claud/.pico-sdk/sdk/2.1.1/src/rp2_common/pico_double/double_conv_m33.S.obj
LOAD CMakeFiles/Framethrower_Denise.dir/C_/Users/claud/.pico-sdk/sdk/2.1.1/src/rp2_common/pico_float/float_math.c.obj
LOAD CMakeFiles/Framethrower_Denise.dir/C_/Users/claud/.pico-sdk/sdk/2.1.1/src/rp2_common/pico_float/float_conv32_vfp.S.obj
LOAD CMakeFiles/Framethrower_Denise.dir/C_/Users/claud/.pico-sdk/sdk/2.1.1/src/rp2_common/pico_float/float_common_m33.S.obj
LOAD CMakeFiles/Framethrower_Denise.dir/C_/Users/claud/.pico-sdk/sdk/2.1.1/src/rp2_common/pico_float/float_sci_m33_vfp.S.obj
LOAD CMakeFiles/Framethrower_Denise.dir/C_/Users/claud/.pico-sdk/sdk/2.1.1/src/rp2_common/pico_malloc/malloc.c.obj
LOAD CMakeFiles/Framethrower_Denise.dir/C_/Users/claud/.pico-sdk/sdk/2.1.1/src/rp2_common/pico_atomic/atomic.c.obj
LOAD CMakeFiles/Framethrower_Denise.dir/C_/Users/claud/.pico-sdk/sdk/2.1.1/src/rp2_common/pico_cxx_options/new_delete.cpp.obj
LOAD CMakeFiles/Framethrower_Denise.dir/C_/Users/claud/.pico-sdk/sdk/2.1.1/src/rp2_common/pico_standard_binary_info/standard_binary_info.c.obj
LOAD CMakeFiles/Framethrower_Denise.dir/C_/Users/claud/.pico-sdk/sdk/2.1.1/src/rp2_common/pico_printf/printf.c.obj
LOAD CMakeFiles/Framethrower_Denise.dir/C_/Users/claud/.pico-sdk/sdk/2.1.1/src/rp2_common/pico_crt0/crt0.S.obj
LOAD CMakeFiles/Framethrower_Denise.dir/C_/Users/claud/.pico-sdk/sdk/2.1.1/src/rp2_common/pico_clib_interface/newlib_interface.c.obj
LOAD CMakeFiles/Framethrower_Denise.dir/C_/Users/claud/.pico-sdk/sdk/2.1.1/src/rp2_common/pico_stdio/stdio.c.obj
LOAD CMakeFiles/Framethrower_Denise.dir/C_/Users/claud/.pico-sdk/sdk/2.1.1/src/rp2_common/hardware_dma/dma.c.obj
LOAD CMakeFiles/Framethrower_Denise.dir/C_/Users/claud/.pico-sdk/sdk/2.1.1/src/rp2_common/hardware_pio/pio.c.obj
LOAD CMakeFiles/Framethrower_Denise.dir/C_/Users/claud/.pico-sdk/sdk/2.1.1/src/rp2_common/pico_multicore/multicore.c.obj
LOAD pico-sdk/src/rp2350/boot_stage2/CMakeFiles/bs2_default_library.dir/./bs2_default_padded_checksummed.S.obj
LOAD C:/Users/claud/.pico-sdk/toolchain/14_2_Rel1/bin/../lib/gcc/arm-none-eabi/14.2.1/thumb/v8-m.main+fp/softfp\libstdc++.a
LOAD C:/Users/claud/.pico-sdk/toolchain/14_2_Rel1/bin/../lib/gcc/arm-none-eabi/14.2.1/thumb/v8-m.main+fp/softfp\libm.a
START GROUP
LOAD C:/Users/claud/.pico-sdk/toolchain/14_2_Rel1/bin/../lib/gcc/arm-none-eabi/14.2.1/thumb/v8-m.main+fp/softfp\libgcc.a
LOAD C:/Users/claud/.pico-sdk/toolchain/14_2_Rel1/bin/../lib/gcc/arm-none-eabi/14.2.1/thumb/v8-m.main+fp/softfp\libg.a
LOAD C:/Users/claud/.pico-sdk/toolchain/14_2_Rel1/bin/../lib/gcc/arm-none-eabi/14.2.1/thumb/v8-m.main+fp/softfp\libc.a
END GROUP
START GROUP
LOAD C:/Users/claud/.pico-sdk/toolchain/14_2_Rel1/bin/../lib/gcc/arm-none-eabi/14.2.1/thumb/v8-m.main+fp/softfp\libgcc.a
LOAD C:/Users/claud/.pico-sdk/toolchain/14_2_Rel1/bin/../lib/gcc/arm-none-eabi/14.2.1/thumb/v8-m.main+fp/softfp\libc.a
LOAD C:/Users/claud/.pico-sdk/toolchain/14_2_Rel1/bin/../lib/gcc/arm-none-eabi/14.2.1/thumb/v8-m.main+fp/softfp\libnosys.a
END GROUP
LOAD C:/Users/claud/.pico-sdk/toolchain/14_2_Rel1/bin/../lib/gcc/arm-none-eabi/14.2.1/thumb/v8-m.main+fp/softfp/crtend.o
LOAD C:/Users/claud/.pico-sdk/toolchain/14_2_Rel1/bin/../lib/gcc/arm-none-eabi/14.2.1/thumb/v8-m.main+fp/softfp/crtn.o
OUTPUT(Framethrower_Denise.elf elf32-littlearm)
LOAD linker stubs

.rel.dyn        0x100051c8        0x0
 .rel.iplt      0x100051c8        0x0 C:/Users/claud/.pico-sdk/toolchain/14_2_Rel1/bin/../lib/gcc/arm-none-eabi/14.2.1/thumb/v8-m.main+fp/softfp/crtbegin.o

.ARM.attributes
                0x00000000       0x34
 .ARM.attributes
                0x00000000       0x26 C:/Users/claud/.pico-sdk/toolchain/14_2_Rel1/bin/../lib/gcc/arm-none-eabi/14.2.1/thumb/v8-m.main+fp/softfp/crti.o
 .ARM.attributes
                0x00000026       0x36 C:/Users/claud/.pico-sdk/toolchain/14_2_Rel1/bin/../lib/gcc/arm-none-eabi/14.2.1/thumb/v8-m.main+fp/softfp/crtbegin.o
 .ARM.attributes
                0x0000005c       0x38 CMakeFiles/Framethrower_Denise.dir/Framethrower_Denise.c.obj
 .ARM.attributes
                0x00000094       0x38 CMakeFiles/Framethrower_Denise.dir/mipi.c.obj
 .ARM.attributes
                0x000000cc       0x38 CMakeFiles/Framethrower_Denise.dir/fifo.c.obj
 .ARM.attributes
                0x00000104       0x38 CMakeFiles/Framethrower_Denise.dir/C_/Users/claud/.pico-sdk/sdk/2.1.1/src/rp2_common/hardware_gpio/gpio.c.obj
 .ARM.attributes
                0x0000013c       0x38 CMakeFiles/Framethrower_Denise.dir/C_/Users/claud/.pico-sdk/sdk/2.1.1/src/rp2_common/pico_platform_panic/panic.c.obj
 .ARM.attributes
                0x00000174       0x38 CMakeFiles/Framethrower_Denise.dir/C_/Users/claud/.pico-sdk/sdk/2.1.1/src/common/hardware_claim/claim.c.obj
 .ARM.attributes
                0x000001ac       0x38 CMakeFiles/Framethrower_Denise.dir/C_/Users/claud/.pico-sdk/sdk/2.1.1/src/rp2_common/hardware_sync/sync.c.obj
 .ARM.attributes
                0x000001e4       0x38 CMakeFiles/Framethrower_Denise.dir/C_/Users/claud/.pico-sdk/sdk/2.1.1/src/rp2_common/hardware_sync_spin_lock/sync_spin_lock.c.obj
 .ARM.attributes
                0x0000021c       0x38 CMakeFiles/Framethrower_Denise.dir/C_/Users/claud/.pico-sdk/sdk/2.1.1/src/rp2_common/hardware_irq/irq.c.obj
 .ARM.attributes
                0x00000254       0x38 CMakeFiles/Framethrower_Denise.dir/C_/Users/claud/.pico-sdk/sdk/2.1.1/src/common/pico_sync/lock_core.c.obj
 .ARM.attributes
                0x0000028c       0x38 CMakeFiles/Framethrower_Denise.dir/C_/Users/claud/.pico-sdk/sdk/2.1.1/src/common/pico_sync/mutex.c.obj
 .ARM.attributes
                0x000002c4       0x38 CMakeFiles/Framethrower_Denise.dir/C_/Users/claud/.pico-sdk/sdk/2.1.1/src/common/pico_time/time.c.obj
 .ARM.attributes
                0x000002fc       0x38 CMakeFiles/Framethrower_Denise.dir/C_/Users/claud/.pico-sdk/sdk/2.1.1/src/rp2_common/hardware_timer/timer.c.obj
 .ARM.attributes
                0x00000334       0x38 CMakeFiles/Framethrower_Denise.dir/C_/Users/claud/.pico-sdk/sdk/2.1.1/src/rp2_common/hardware_clocks/clocks.c.obj
 .ARM.attributes
                0x0000036c       0x38 CMakeFiles/Framethrower_Denise.dir/C_/Users/claud/.pico-sdk/sdk/2.1.1/src/rp2_common/hardware_pll/pll.c.obj
 .ARM.attributes
                0x000003a4       0x38 CMakeFiles/Framethrower_Denise.dir/C_/Users/claud/.pico-sdk/sdk/2.1.1/src/rp2_common/hardware_ticks/ticks.c.obj
 .ARM.attributes
                0x000003dc       0x38 CMakeFiles/Framethrower_Denise.dir/C_/Users/claud/.pico-sdk/sdk/2.1.1/src/rp2_common/pico_bootrom/bootrom.c.obj
 .ARM.attributes
                0x00000414       0x38 CMakeFiles/Framethrower_Denise.dir/C_/Users/claud/.pico-sdk/sdk/2.1.1/src/rp2_common/pico_bootrom/bootrom_lock.c.obj
 .ARM.attributes
                0x0000044c       0x38 CMakeFiles/Framethrower_Denise.dir/C_/Users/claud/.pico-sdk/sdk/2.1.1/src/rp2_common/hardware_boot_lock/boot_lock.c.obj
 .ARM.attributes
                0x00000484       0x38 CMakeFiles/Framethrower_Denise.dir/C_/Users/claud/.pico-sdk/sdk/2.1.1/src/rp2_common/hardware_xosc/xosc.c.obj
 .ARM.attributes
                0x000004bc       0x38 CMakeFiles/Framethrower_Denise.dir/C_/Users/claud/.pico-sdk/sdk/2.1.1/src/rp2_common/pico_runtime/runtime.c.obj
 .ARM.attributes
                0x000004f4       0x38 CMakeFiles/Framethrower_Denise.dir/C_/Users/claud/.pico-sdk/sdk/2.1.1/src/rp2_common/pico_runtime_init/runtime_init.c.obj
 .ARM.attributes
                0x0000052c       0x38 CMakeFiles/Framethrower_Denise.dir/C_/Users/claud/.pico-sdk/sdk/2.1.1/src/rp2_common/pico_runtime_init/runtime_init_clocks.c.obj
 .ARM.attributes
                0x00000564       0x28 CMakeFiles/Framethrower_Denise.dir/C_/Users/claud/.pico-sdk/sdk/2.1.1/src/rp2_common/pico_double/double_aeabi_dcp.S.obj
 .ARM.attributes
                0x0000058c       0x38 CMakeFiles/Framethrower_Denise.dir/C_/Users/claud/.pico-sdk/sdk/2.1.1/src/rp2_common/pico_malloc/malloc.c.obj
 .ARM.attributes
                0x000005c4       0x38 CMakeFiles/Framethrower_Denise.dir/C_/Users/claud/.pico-sdk/sdk/2.1.1/src/rp2_common/pico_standard_binary_info/standard_binary_info.c.obj
 .ARM.attributes
                0x000005fc       0x38 CMakeFiles/Framethrower_Denise.dir/C_/Users/claud/.pico-sdk/sdk/2.1.1/src/rp2_common/pico_printf/printf.c.obj
 .ARM.attributes
                0x00000634       0x28 CMakeFiles/Framethrower_Denise.dir/C_/Users/claud/.pico-sdk/sdk/2.1.1/src/rp2_common/pico_crt0/crt0.S.obj
 .ARM.attributes
                0x0000065c       0x38 CMakeFiles/Framethrower_Denise.dir/C_/Users/claud/.pico-sdk/sdk/2.1.1/src/rp2_common/pico_clib_interface/newlib_interface.c.obj
 .ARM.attributes
                0x00000694       0x38 CMakeFiles/Framethrower_Denise.dir/C_/Users/claud/.pico-sdk/sdk/2.1.1/src/rp2_common/pico_stdio/stdio.c.obj
 .ARM.attributes
                0x000006cc       0x38 CMakeFiles/Framethrower_Denise.dir/C_/Users/claud/.pico-sdk/sdk/2.1.1/src/rp2_common/hardware_pio/pio.c.obj
 .ARM.attributes
                0x00000704       0x38 CMakeFiles/Framethrower_Denise.dir/C_/Users/claud/.pico-sdk/sdk/2.1.1/src/rp2_common/pico_multicore/multicore.c.obj
 .ARM.attributes
                0x0000073c       0x26 C:/Users/claud/.pico-sdk/toolchain/14_2_Rel1/bin/../lib/gcc/arm-none-eabi/14.2.1/thumb/v8-m.main+fp/softfp\libgcc.a(_aeabi_uldivmod.o)
 .ARM.attributes
                0x00000762       0x36 C:/Users/claud/.pico-sdk/toolchain/14_2_Rel1/bin/../lib/gcc/arm-none-eabi/14.2.1/thumb/v8-m.main+fp/softfp\libgcc.a(_udivmoddi4.o)
 .ARM.attributes
                0x00000798       0x26 C:/Users/claud/.pico-sdk/toolchain/14_2_Rel1/bin/../lib/gcc/arm-none-eabi/14.2.1/thumb/v8-m.main+fp/softfp\libgcc.a(_dvmd_tls.o)
 .ARM.attributes
                0x000007be       0x36 C:/Users/claud/.pico-sdk/toolchain/14_2_Rel1/bin/../lib/gcc/arm-none-eabi/14.2.1/thumb/v8-m.main+fp/softfp\libg.a(libc_a-memset.o)
 .ARM.attributes
                0x000007f4       0x24 C:/Users/claud/.pico-sdk/toolchain/14_2_Rel1/bin/../lib/gcc/arm-none-eabi/14.2.1/thumb/v8-m.main+fp/softfp\libg.a(libc_a-memcpy.o)
 .ARM.attributes
                0x00000818       0x36 C:/Users/claud/.pico-sdk/toolchain/14_2_Rel1/bin/../lib/gcc/arm-none-eabi/14.2.1/thumb/v8-m.main+fp/softfp\libg.a(libc_a-strlen-stub.o)
 .ARM.attributes
                0x0000084e       0x36 C:/Users/claud/.pico-sdk/toolchain/14_2_Rel1/bin/../lib/gcc/arm-none-eabi/14.2.1/thumb/v8-m.main+fp/softfp/crtend.o

.comment        0x00000000       0x45
 .comment       0x00000000       0x45 CMakeFiles/Framethrower_Denise.dir/Framethrower_Denise.c.obj
                                 0x46 (size before relaxing)
 .comment       0x00000045       0x46 CMakeFiles/Framethrower_Denise.dir/mipi.c.obj
 .comment       0x00000045       0x46 CMakeFiles/Framethrower_Denise.dir/fifo.c.obj
 .comment       0x00000045       0x46 CMakeFiles/Framethrower_Denise.dir/C_/Users/claud/.pico-sdk/sdk/2.1.1/src/rp2_common/hardware_gpio/gpio.c.obj
 .comment       0x00000045       0x46 CMakeFiles/Framethrower_Denise.dir/C_/Users/claud/.pico-sdk/sdk/2.1.1/src/rp2_common/pico_platform_panic/panic.c.obj
 .comment       0x00000045       0x46 CMakeFiles/Framethrower_Denise.dir/C_/Users/claud/.pico-sdk/sdk/2.1.1/src/common/hardware_claim/claim.c.obj
 .comment       0x00000045       0x46 CMakeFiles/Framethrower_Denise.dir/C_/Users/claud/.pico-sdk/sdk/2.1.1/src/rp2_common/hardware_sync/sync.c.obj
 .comment       0x00000045       0x46 CMakeFiles/Framethrower_Denise.dir/C_/Users/claud/.pico-sdk/sdk/2.1.1/src/rp2_common/hardware_sync_spin_lock/sync_spin_lock.c.obj
 .comment       0x00000045       0x46 CMakeFiles/Framethrower_Denise.dir/C_/Users/claud/.pico-sdk/sdk/2.1.1/src/rp2_common/hardware_irq/irq.c.obj
 .comment       0x00000045       0x46 CMakeFiles/Framethrower_Denise.dir/C_/Users/claud/.pico-sdk/sdk/2.1.1/src/common/pico_sync/lock_core.c.obj
 .comment       0x00000045       0x46 CMakeFiles/Framethrower_Denise.dir/C_/Users/claud/.pico-sdk/sdk/2.1.1/src/common/pico_sync/mutex.c.obj
 .comment       0x00000045       0x46 CMakeFiles/Framethrower_Denise.dir/C_/Users/claud/.pico-sdk/sdk/2.1.1/src/common/pico_time/time.c.obj
 .comment       0x00000045       0x46 CMakeFiles/Framethrower_Denise.dir/C_/Users/claud/.pico-sdk/sdk/2.1.1/src/rp2_common/hardware_timer/timer.c.obj
 .comment       0x00000045       0x46 CMakeFiles/Framethrower_Denise.dir/C_/Users/claud/.pico-sdk/sdk/2.1.1/src/rp2_common/hardware_clocks/clocks.c.obj
 .comment       0x00000045       0x46 CMakeFiles/Framethrower_Denise.dir/C_/Users/claud/.pico-sdk/sdk/2.1.1/src/rp2_common/hardware_pll/pll.c.obj
 .comment       0x00000045       0x46 CMakeFiles/Framethrower_Denise.dir/C_/Users/claud/.pico-sdk/sdk/2.1.1/src/rp2_common/hardware_ticks/ticks.c.obj
 .comment       0x00000045       0x46 CMakeFiles/Framethrower_Denise.dir/C_/Users/claud/.pico-sdk/sdk/2.1.1/src/rp2_common/pico_bootrom/bootrom.c.obj
 .comment       0x00000045       0x46 CMakeFiles/Framethrower_Denise.dir/C_/Users/claud/.pico-sdk/sdk/2.1.1/src/rp2_common/pico_bootrom/bootrom_lock.c.obj
 .comment       0x00000045       0x46 CMakeFiles/Framethrower_Denise.dir/C_/Users/claud/.pico-sdk/sdk/2.1.1/src/rp2_common/hardware_boot_lock/boot_lock.c.obj
 .comment       0x00000045       0x46 CMakeFiles/Framethrower_Denise.dir/C_/Users/claud/.pico-sdk/sdk/2.1.1/src/rp2_common/hardware_xosc/xosc.c.obj
 .comment       0x00000045       0x46 CMakeFiles/Framethrower_Denise.dir/C_/Users/claud/.pico-sdk/sdk/2.1.1/src/rp2_common/pico_runtime/runtime.c.obj
 .comment       0x00000045       0x46 CMakeFiles/Framethrower_Denise.dir/C_/Users/claud/.pico-sdk/sdk/2.1.1/src/rp2_common/pico_runtime_init/runtime_init.c.obj
 .comment       0x00000045       0x46 CMakeFiles/Framethrower_Denise.dir/C_/Users/claud/.pico-sdk/sdk/2.1.1/src/rp2_common/pico_runtime_init/runtime_init_clocks.c.obj
 .comment       0x00000045       0x46 CMakeFiles/Framethrower_Denise.dir/C_/Users/claud/.pico-sdk/sdk/2.1.1/src/rp2_common/pico_malloc/malloc.c.obj
 .comment       0x00000045       0x46 CMakeFiles/Framethrower_Denise.dir/C_/Users/claud/.pico-sdk/sdk/2.1.1/src/rp2_common/pico_standard_binary_info/standard_binary_info.c.obj
 .comment       0x00000045       0x46 CMakeFiles/Framethrower_Denise.dir/C_/Users/claud/.pico-sdk/sdk/2.1.1/src/rp2_common/pico_printf/printf.c.obj
 .comment       0x00000045       0x46 CMakeFiles/Framethrower_Denise.dir/C_/Users/claud/.pico-sdk/sdk/2.1.1/src/rp2_common/pico_clib_interface/newlib_interface.c.obj
 .comment       0x00000045       0x46 CMakeFiles/Framethrower_Denise.dir/C_/Users/claud/.pico-sdk/sdk/2.1.1/src/rp2_common/pico_stdio/stdio.c.obj
 .comment       0x00000045       0x46 CMakeFiles/Framethrower_Denise.dir/C_/Users/claud/.pico-sdk/sdk/2.1.1/src/rp2_common/hardware_pio/pio.c.obj
 .comment       0x00000045       0x46 CMakeFiles/Framethrower_Denise.dir/C_/Users/claud/.pico-sdk/sdk/2.1.1/src/rp2_common/pico_multicore/multicore.c.obj

.debug_info     0x00000000    0x2431c
 .debug_info    0x00000000     0x3394 CMakeFiles/Framethrower_Denise.dir/Framethrower_Denise.c.obj
 .debug_info    0x00003394     0x31c0 CMakeFiles/Framethrower_Denise.dir/mipi.c.obj
 .debug_info    0x00006554     0x15d1 CMakeFiles/Framethrower_Denise.dir/fifo.c.obj
 .debug_info    0x00007b25     0x1c47 CMakeFiles/Framethrower_Denise.dir/C_/Users/claud/.pico-sdk/sdk/2.1.1/src/rp2_common/hardware_gpio/gpio.c.obj
 .debug_info    0x0000976c      0x1b3 CMakeFiles/Framethrower_Denise.dir/C_/Users/claud/.pico-sdk/sdk/2.1.1/src/rp2_common/pico_platform_panic/panic.c.obj
 .debug_info    0x0000991f      0x745 CMakeFiles/Framethrower_Denise.dir/C_/Users/claud/.pico-sdk/sdk/2.1.1/src/common/hardware_claim/claim.c.obj
 .debug_info    0x0000a064      0x47d CMakeFiles/Framethrower_Denise.dir/C_/Users/claud/.pico-sdk/sdk/2.1.1/src/rp2_common/hardware_sync/sync.c.obj
 .debug_info    0x0000a4e1     0x152a CMakeFiles/Framethrower_Denise.dir/C_/Users/claud/.pico-sdk/sdk/2.1.1/src/rp2_common/hardware_sync_spin_lock/sync_spin_lock.c.obj
 .debug_info    0x0000ba0b     0x240c CMakeFiles/Framethrower_Denise.dir/C_/Users/claud/.pico-sdk/sdk/2.1.1/src/rp2_common/hardware_irq/irq.c.obj
 .debug_info    0x0000de17      0x1cf CMakeFiles/Framethrower_Denise.dir/C_/Users/claud/.pico-sdk/sdk/2.1.1/src/common/pico_sync/lock_core.c.obj
 .debug_info    0x0000dfe6     0x1f13 CMakeFiles/Framethrower_Denise.dir/C_/Users/claud/.pico-sdk/sdk/2.1.1/src/common/pico_sync/mutex.c.obj
 .debug_info    0x0000fef9     0x386e CMakeFiles/Framethrower_Denise.dir/C_/Users/claud/.pico-sdk/sdk/2.1.1/src/common/pico_time/time.c.obj
 .debug_info    0x00013767     0x1ea5 CMakeFiles/Framethrower_Denise.dir/C_/Users/claud/.pico-sdk/sdk/2.1.1/src/rp2_common/hardware_timer/timer.c.obj
 .debug_info    0x0001560c     0x1605 CMakeFiles/Framethrower_Denise.dir/C_/Users/claud/.pico-sdk/sdk/2.1.1/src/rp2_common/hardware_clocks/clocks.c.obj
 .debug_info    0x00016c11      0x67c CMakeFiles/Framethrower_Denise.dir/C_/Users/claud/.pico-sdk/sdk/2.1.1/src/rp2_common/hardware_pll/pll.c.obj
 .debug_info    0x0001728d      0x2d6 CMakeFiles/Framethrower_Denise.dir/C_/Users/claud/.pico-sdk/sdk/2.1.1/src/rp2_common/hardware_ticks/ticks.c.obj
 .debug_info    0x00017563      0x914 CMakeFiles/Framethrower_Denise.dir/C_/Users/claud/.pico-sdk/sdk/2.1.1/src/rp2_common/pico_bootrom/bootrom.c.obj
 .debug_info    0x00017e77      0x1d5 CMakeFiles/Framethrower_Denise.dir/C_/Users/claud/.pico-sdk/sdk/2.1.1/src/rp2_common/pico_bootrom/bootrom_lock.c.obj
 .debug_info    0x0001804c      0x334 CMakeFiles/Framethrower_Denise.dir/C_/Users/claud/.pico-sdk/sdk/2.1.1/src/rp2_common/hardware_boot_lock/boot_lock.c.obj
 .debug_info    0x00018380      0x1b5 CMakeFiles/Framethrower_Denise.dir/C_/Users/claud/.pico-sdk/sdk/2.1.1/src/rp2_common/hardware_xosc/xosc.c.obj